11-15 22:36:58.515 32376  1123 D KindleTTS_Service: [KindleTTS_Service] convertImageToBitmap : Starting conversion
11-15 22:36:58.517 32376  1123 D KindleTTS_Service: [KindleTTS_Service] Image plane info : pixelStride: 4, rowStride: 4352, padding: 32
11-15 22:36:58.523 32376  1123 D KindleTTS_Service: [KindleTTS_Service] Bitmap created : Time: 8ms
11-15 22:36:58.531 32376  1123 D KindleTTS_Service: [KindleTTS_Service] Bitmap cropped : Time: 16ms, Size: 1080x2400
11-15 22:36:58.531 32376  1123 D KindleTTS_Service: [KindleTTS_Service] v1.0.16 Image Rotation OCR : Starting
11-15 22:36:58.560 32376  1123 D KindleTTS_Service: [KindleTTS_Service] Bitmap rotated : Original: 1080x2400, Rotated: 2400x1080
11-15 22:36:58.560 32376  1123 D KindleTTS_Service: [KindleTTS_Service] Image rotated : 90 degrees clockwise for vertical text
11-15 22:36:59.065 32376  1123 D KindleTTS_Service: [KindleTTS_Service] v1.0.16 completed : Rotated: true, Time: 534ms
11-15 22:36:59.065 32376  1123 D KindleTTS_Service: [KindleTTS_Service] Bitmap conversion completed : Total time: 550ms
11-15 22:36:59.065 32376  1123 D KindleTTS_Service: [KindleTTS_Service] Bitmap created : bitmap: true, size: 9600x4320
11-15 22:36:59.538 32376 32376 D KindleTTS_Service: [KindleTTS_Service] OCR confidence stats : Blocks: 4,
11-15 22:36:59.538 32376 32376 D KindleTTS_Service: Elements: 13,
11-15 22:36:59.538 32376 32376 D KindleTTS_Service: HighConf: 7 (53%),
11-15 22:36:59.538 32376 32376 D KindleTTS_Service: AvgConf: 0.53
11-15 22:36:59.538 32376 32376 D KindleTTS_Service: [KindleTTS_Service] Text orientation : Vertical: false, AvgW: 6957.8, AvgH: 533.0
11-15 22:36:59.538 32376 32376 D KindleTTS_Service: [KindleTTS_Service] OCR success : TextLength: 298,
11-15 22:36:59.538 32376 32376 D KindleTTS_Service: Preview: 艦要の法則はだいたいにおいて正しいが、この法則が成り立たないケー スもある。塩格がすこ | 海格の豪化に敏感な財、鈍な財 | に置き換える。というわけでこれを「代替効果(Substitution effect,
11-15 22:36:59.538 32376 32376 D KindleTTS_Service: Changed: false
11-15 22:36:59.538 32376 32376 D KindleTTS_Service: [KindleTTS_Service] OCR duplicate : Same text as previous capture
11-15 22:37:00.514 32376  1123 D KindleTTS_Service: [KindleTTS_Service] OCR schedule tick : isReading: true, isPaused: false, isCapturing: false
11-15 22:37:00.514 32376  1123 D KindleTTS_Service: [KindleTTS_Service] Performing OCR 
11-15 22:37:00.514 32376  1123 D KindleTTS_Service: [KindleTTS_Service] Image acquired : image: true
11-15 22:37:00.514 32376  1123 D KindleTTS_Service: [KindleTTS_Service] Converting image to bitmap 
11-15 22:37:00.514 32376  1123 D KindleTTS_Service: [KindleTTS_Service] convertImageToBitmap : Starting conversion
11-15 22:37:00.517 32376  1123 D KindleTTS_Service: [KindleTTS_Service] Image plane info : pixelStride: 4, rowStride: 4352, padding: 32
11-15 22:37:00.523 32376  1123 D KindleTTS_Service: [KindleTTS_Service] Bitmap created : Time: 9ms
11-15 22:37:00.531 32376  1123 D KindleTTS_Service: [KindleTTS_Service] Bitmap cropped : Time: 17ms, Size: 1080x2400
11-15 22:37:00.531 32376  1123 D KindleTTS_Service: [KindleTTS_Service] v1.0.16 Image Rotation OCR : Starting
11-15 22:37:00.559 32376  1123 D KindleTTS_Service: [KindleTTS_Service] Bitmap rotated : Original: 1080x2400, Rotated: 2400x1080
11-15 22:37:00.559 32376  1123 D KindleTTS_Service: [KindleTTS_Service] Image rotated : 90 degrees clockwise for vertical text
11-15 22:37:01.061 32376  1123 D KindleTTS_Service: [KindleTTS_Service] v1.0.16 completed : Rotated: true, Time: 530ms
11-15 22:37:01.061 32376  1123 D KindleTTS_Service: [KindleTTS_Service] Bitmap conversion completed : Total time: 547ms
11-15 22:37:01.062 32376  1123 D KindleTTS_Service: [KindleTTS_Service] Bitmap created : bitmap: true, size: 9600x4320
11-15 22:37:01.513 32376 32376 D KindleTTS_Service: [KindleTTS_Service] OCR confidence stats : Blocks: 4,
11-15 22:37:01.513 32376 32376 D KindleTTS_Service: Elements: 13,
11-15 22:37:01.513 32376 32376 D KindleTTS_Service: HighConf: 7 (53%),
11-15 22:37:01.513 32376 32376 D KindleTTS_Service: AvgConf: 0.53
11-15 22:37:01.513 32376 32376 D KindleTTS_Service: [KindleTTS_Service] Text orientation : Vertical: false, AvgW: 6957.8, AvgH: 533.0
11-15 22:37:01.514 32376 32376 D KindleTTS_Service: [KindleTTS_Service] OCR success : TextLength: 298,
11-15 22:37:01.514 32376 32376 D KindleTTS_Service: Preview: 艦要の法則はだいたいにおいて正しいが、この法則が成り立たないケー スもある。塩格がすこ | 海格の豪化に敏感な財、鈍な財 | に置き換える。というわけでこれを「代替効果(Substitution effect,
11-15 22:37:01.514 32376 32376 D KindleTTS_Service: Changed: false
11-15 22:37:01.514 32376 32376 D KindleTTS_Service: [KindleTTS_Service] OCR duplicate : Same text as previous capture
11-15 22:37:02.514 32376  1123 D KindleTTS_Service: [KindleTTS_Service] OCR schedule tick : isReading: true, isPaused: false, isCapturing: false
11-15 22:37:02.514 32376  1123 D KindleTTS_Service: [KindleTTS_Service] Performing OCR 
11-15 22:37:02.514 32376  1123 D KindleTTS_Service: [KindleTTS_Service] Image acquired : image: true
11-15 22:37:02.514 32376  1123 D KindleTTS_Service: [KindleTTS_Service] Converting image to bitmap 
11-15 22:37:02.514 32376  1123 D KindleTTS_Service: [KindleTTS_Service] convertImageToBitmap : Starting conversion
11-15 22:37:02.517 32376  1123 D KindleTTS_Service: [KindleTTS_Service] Image plane info : pixelStride: 4, rowStride: 4352, padding: 32
11-15 22:37:02.524 32376  1123 D KindleTTS_Service: [KindleTTS_Service] Bitmap created : Time: 10ms
11-15 22:37:02.531 32376  1123 D KindleTTS_Service: [KindleTTS_Service] Bitmap cropped : Time: 17ms, Size: 1080x2400
11-15 22:37:02.531 32376  1123 D KindleTTS_Service: [KindleTTS_Service] v1.0.16 Image Rotation OCR : Starting
11-15 22:37:02.567 32376  1123 D KindleTTS_Service: [KindleTTS_Service] Bitmap rotated : Original: 1080x2400, Rotated: 2400x1080
11-15 22:37:02.567 32376  1123 D KindleTTS_Service: [KindleTTS_Service] Image rotated : 90 degrees clockwise for vertical text
11-15 22:37:03.084 32376  1123 D KindleTTS_Service: [KindleTTS_Service] v1.0.16 completed : Rotated: true, Time: 553ms
11-15 22:37:03.084 32376  1123 D KindleTTS_Service: [KindleTTS_Service] Bitmap conversion completed : Total time: 570ms
11-15 22:37:03.085 32376  1123 D KindleTTS_Service: [KindleTTS_Service] Bitmap created : bitmap: true, size: 9600x4320
11-15 22:37:03.191 32376   648 D KindleTTS_Service: [KindleTTS_Service] TTS completed : 2
11-15 22:37:03.564 32376 32376 D KindleTTS_Service: [KindleTTS_Service] OCR confidence stats : Blocks: 4,
11-15 22:37:03.564 32376 32376 D KindleTTS_Service: Elements: 13,
11-15 22:37:03.564 32376 32376 D KindleTTS_Service: HighConf: 7 (53%),
11-15 22:37:03.564 32376 32376 D KindleTTS_Service: AvgConf: 0.53
11-15 22:37:03.564 32376 32376 D KindleTTS_Service: [KindleTTS_Service] Text orientation : Vertical: false, AvgW: 6957.8, AvgH: 533.0
11-15 22:37:03.565 32376 32376 D KindleTTS_Service: [KindleTTS_Service] OCR success : TextLength: 298,
11-15 22:37:03.565 32376 32376 D KindleTTS_Service: Preview: 艦要の法則はだいたいにおいて正しいが、この法則が成り立たないケー スもある。塩格がすこ | 海格の豪化に敏感な財、鈍な財 | に置き換える。というわけでこれを「代替効果(Substitution effect,
11-15 22:37:03.565 32376 32376 D KindleTTS_Service: Changed: false
11-15 22:37:03.565 32376 32376 D KindleTTS_Service: [KindleTTS_Service] OCR duplicate : Same text as previous capture
11-15 22:37:03.692 32376 32376 D KindleTTS_Service: [KindleTTS_Service] Speaking sentence : 3: い敵むのだ(これはあまり体に良いとは言えない)
11-15 22:37:03.797 32376 32628 D KindleTTS_Service: [KindleTTS_Service] TTS started : 3
11-15 22:37:04.515 32376  1123 D KindleTTS_Service: [KindleTTS_Service] OCR schedule tick : isReading: true, isPaused: false, isCapturing: false
11-15 22:37:04.515 32376  1123 D KindleTTS_Service: [KindleTTS_Service] Performing OCR 
11-15 22:37:04.515 32376  1123 D KindleTTS_Service: [KindleTTS_Service] Image acquired : image: true
11-15 22:37:04.515 32376  1123 D KindleTTS_Service: [KindleTTS_Service] Converting image to bitmap 
11-15 22:37:04.515 32376  1123 D KindleTTS_Service: [KindleTTS_Service] convertImageToBitmap : Starting conversion
11-15 22:37:04.517 32376  1123 D KindleTTS_Service: [KindleTTS_Service] Image plane info : pixelStride: 4, rowStride: 4352, padding: 32
11-15 22:37:04.524 32376  1123 D KindleTTS_Service: [KindleTTS_Service] Bitmap created : Time: 9ms
11-15 22:37:04.532 32376  1123 D KindleTTS_Service: [KindleTTS_Service] Bitmap cropped : Time: 17ms, Size: 1080x2400
11-15 22:37:04.533 32376  1123 D KindleTTS_Service: [KindleTTS_Service] v1.0.16 Image Rotation OCR : Starting
11-15 22:37:04.568 32376  1123 D KindleTTS_Service: [KindleTTS_Service] Bitmap rotated : Original: 1080x2400, Rotated: 2400x1080
11-15 22:37:04.568 32376  1123 D KindleTTS_Service: [KindleTTS_Service] Image rotated : 90 degrees clockwise for vertical text
11-15 22:37:05.079 32376  1123 D KindleTTS_Service: [KindleTTS_Service] v1.0.16 completed : Rotated: true, Time: 546ms
11-15 22:37:05.079 32376  1123 D KindleTTS_Service: [KindleTTS_Service] Bitmap conversion completed : Total time: 564ms
11-15 22:37:05.080 32376  1123 D KindleTTS_Service: [KindleTTS_Service] Bitmap created : bitmap: true, size: 9600x4320
11-15 22:37:05.528 32376 32376 D KindleTTS_Service: [KindleTTS_Service] OCR confidence stats : Blocks: 4,
11-15 22:37:05.528 32376 32376 D KindleTTS_Service: Elements: 13,
11-15 22:37:05.528 32376 32376 D KindleTTS_Service: HighConf: 7 (53%),
11-15 22:37:05.528 32376 32376 D KindleTTS_Service: AvgConf: 0.53
11-15 22:37:05.529 32376 32376 D KindleTTS_Service: [KindleTTS_Service] Text orientation : Vertical: false, AvgW: 6957.8, AvgH: 533.0
11-15 22:37:05.529 32376 32376 D KindleTTS_Service: [KindleTTS_Service] OCR success : TextLength: 298,
11-15 22:37:05.529 32376 32376 D KindleTTS_Service: Preview: 艦要の法則はだいたいにおいて正しいが、この法則が成り立たないケー スもある。塩格がすこ | 海格の豪化に敏感な財、鈍な財 | に置き換える。というわけでこれを「代替効果(Substitution effect,
11-15 22:37:05.529 32376 32376 D KindleTTS_Service: Changed: false
11-15 22:37:05.529 32376 32376 D KindleTTS_Service: [KindleTTS_Service] OCR duplicate : Same text as previous capture
11-15 22:37:06.514 32376  1123 D KindleTTS_Service: [KindleTTS_Service] OCR schedule tick : isReading: true, isPaused: false, isCapturing: false
11-15 22:37:06.514 32376  1123 D KindleTTS_Service: [KindleTTS_Service] Performing OCR 
11-15 22:37:06.514 32376  1123 D KindleTTS_Service: [KindleTTS_Service] Image acquired : image: false
11-15 22:37:06.514 32376  1123 D KindleTTS_Service: [KindleTTS_Service] No image available from ImageReader 
11-15 22:37:08.149 32376  1724 D KindleTTS_Service: [KindleTTS_Service] TTS completed : 3
11-15 22:37:08.515 32376  1123 D KindleTTS_Service: [KindleTTS_Service] OCR schedule tick : isReading: true, isPaused: false, isCapturing: false
11-15 22:37:08.515 32376  1123 D KindleTTS_Service: [KindleTTS_Service] Performing OCR 
11-15 22:37:08.515 32376  1123 D KindleTTS_Service: [KindleTTS_Service] Image acquired : image: false
11-15 22:37:08.515 32376  1123 D KindleTTS_Service: [KindleTTS_Service] No image available from ImageReader 
11-15 22:37:08.650 32376 32376 D KindleTTS_Service: [KindleTTS_Service] Speaking sentence : 4: こうして将来の高い1 杯を現存仕の安い 1杯
11-15 22:37:08.650 32376 32376 D KindleTTS_Service: どういうことかというと、ハッピーアワー終了二分前にバブに駆む込んで、羅研垣格でぐいぐ
11-15 22:37:08.650 32376 32376 D KindleTTS_Service: ら今の一杯に切り移替える
11-15 22:37:08.769 32376  1724 D KindleTTS_Service: [KindleTTS_Service] TTS started : 4
11-15 22:37:10.514 32376  1123 D KindleTTS_Service: [KindleTTS_Service] OCR schedule tick : isReading: true, isPaused: false, isCapturing: false
11-15 22:37:10.514 32376  1123 D KindleTTS_Service: [KindleTTS_Service] Performing OCR 
11-15 22:37:10.514 32376  1123 D KindleTTS_Service: [KindleTTS_Service] Image acquired : image: true
11-15 22:37:10.514 32376  1123 D KindleTTS_Service: [KindleTTS_Service] Converting image to bitmap 
11-15 22:37:10.514 32376  1123 D KindleTTS_Service: [KindleTTS_Service] convertImageToBitmap : Starting conversion
11-15 22:37:10.517 32376  1123 D KindleTTS_Service: [KindleTTS_Service] Image plane info : pixelStride: 4, rowStride: 4352, padding: 32
11-15 22:37:10.528 32376  1123 D KindleTTS_Service: [KindleTTS_Service] Bitmap created : Time: 13ms
11-15 22:37:10.545 32376  1123 D KindleTTS_Service: [KindleTTS_Service] Bitmap cropped : Time: 30ms, Size: 1080x2400
11-15 22:37:10.545 32376  1123 D KindleTTS_Service: [KindleTTS_Service] v1.0.16 Image Rotation OCR : Starting
11-15 22:37:10.579 32376  1123 D KindleTTS_Service: [KindleTTS_Service] Bitmap rotated : Original: 1080x2400, Rotated: 2400x1080
11-15 22:37:10.579 32376  1123 D KindleTTS_Service: [KindleTTS_Service] Image rotated : 90 degrees clockwise for vertical text
11-15 22:37:11.091 32376  1123 D KindleTTS_Service: [KindleTTS_Service] v1.0.16 completed : Rotated: true, Time: 546ms
11-15 22:37:11.091 32376  1123 D KindleTTS_Service: [KindleTTS_Service] Bitmap conversion completed : Total time: 576ms
11-15 22:37:11.092 32376  1123 D KindleTTS_Service: [KindleTTS_Service] Bitmap created : bitmap: true, size: 9600x4320
11-15 22:37:11.512 32376 32376 D KindleTTS_Service: [KindleTTS_Service] OCR confidence stats : Blocks: 4,
11-15 22:37:11.512 32376 32376 D KindleTTS_Service: Elements: 13,
11-15 22:37:11.512 32376 32376 D KindleTTS_Service: HighConf: 7 (53%),
11-15 22:37:11.512 32376 32376 D KindleTTS_Service: AvgConf: 0.53
11-15 22:37:11.513 32376 32376 D KindleTTS_Service: [KindleTTS_Service] Text orientation : Vertical: false, AvgW: 6957.8, AvgH: 533.0
11-15 22:37:11.514 32376 32376 D KindleTTS_Service: [KindleTTS_Service] OCR success : TextLength: 298,
11-15 22:37:11.514 32376 32376 D KindleTTS_Service: Preview: 艦要の法則はだいたいにおいて正しいが、この法則が成り立たないケー スもある。塩格がすこ | 海格の豪化に敏感な財、鈍な財 | に置き換える。というわけでこれを「代替効果(Substitution effect,
11-15 22:37:11.514 32376 32376 D KindleTTS_Service: Changed: false
11-15 22:37:11.514 32376 32376 D KindleTTS_Service: [KindleTTS_Service] OCR duplicate : Same text as previous capture
11-15 22:37:12.515 32376  1123 D KindleTTS_Service: [KindleTTS_Service] OCR schedule tick : isReading: true, isPaused: false, isCapturing: false
11-15 22:37:12.515 32376  1123 D KindleTTS_Service: [KindleTTS_Service] Performing OCR 
11-15 22:37:12.515 32376  1123 D KindleTTS_Service: [KindleTTS_Service] Image acquired : image: false
11-15 22:37:12.515 32376  1123 D KindleTTS_Service: [KindleTTS_Service] No image available from ImageReader 
11-15 22:37:14.514 32376  1123 D KindleTTS_Service: [KindleTTS_Service] OCR schedule tick : isReading: true, isPaused: false, isCapturing: false
11-15 22:37:14.514 32376  1123 D KindleTTS_Service: [KindleTTS_Service] Performing OCR 
11-15 22:37:14.514 32376  1123 D KindleTTS_Service: [KindleTTS_Service] Image acquired : image: false
11-15 22:37:14.514 32376  1123 D KindleTTS_Service: [KindleTTS_Service] No image available from ImageReader 
11-15 22:37:16.514 32376  1123 D KindleTTS_Service: [KindleTTS_Service] OCR schedule tick : isReading: true, isPaused: false, isCapturing: false
11-15 22:37:16.514 32376  1123 D KindleTTS_Service: [KindleTTS_Service] Performing OCR 
11-15 22:37:16.514 32376  1123 D KindleTTS_Service: [KindleTTS_Service] Image acquired : image: false
11-15 22:37:16.514 32376  1123 D KindleTTS_Service: [KindleTTS_Service] No image available from ImageReader 
11-15 22:37:18.515 32376  1123 D KindleTTS_Service: [KindleTTS_Service] OCR schedule tick : isReading: true, isPaused: false, isCapturing: false
11-15 22:37:18.515 32376  1123 D KindleTTS_Service: [KindleTTS_Service] Performing OCR 
11-15 22:37:18.515 32376  1123 D KindleTTS_Service: [KindleTTS_Service] Image acquired : image: false
11-15 22:37:18.515 32376  1123 D KindleTTS_Service: [KindleTTS_Service] No image available from ImageReader 
11-15 22:37:20.515 32376  1123 D KindleTTS_Service: [KindleTTS_Service] OCR schedule tick : isReading: true, isPaused: false, isCapturing: false
11-15 22:37:20.515 32376  1123 D KindleTTS_Service: [KindleTTS_Service] Performing OCR 
11-15 22:37:20.515 32376  1123 D KindleTTS_Service: [KindleTTS_Service] Image acquired : image: false
11-15 22:37:20.516 32376  1123 D KindleTTS_Service: [KindleTTS_Service] No image available from ImageReader 
11-15 22:37:22.514 32376  1123 D KindleTTS_Service: [KindleTTS_Service] OCR schedule tick : isReading: true, isPaused: false, isCapturing: false
11-15 22:37:22.514 32376  1123 D KindleTTS_Service: [KindleTTS_Service] Performing OCR 
11-15 22:37:22.515 32376  1123 D KindleTTS_Service: [KindleTTS_Service] Image acquired : image: false
11-15 22:37:22.515 32376  1123 D KindleTTS_Service: [KindleTTS_Service] No image available from ImageReader 
11-15 22:37:24.132 32376   626 D KindleTTS_Service: [KindleTTS_Service] TTS completed : 4
11-15 22:37:24.514 32376  1123 D KindleTTS_Service: [KindleTTS_Service] OCR schedule tick : isReading: true, isPaused: false, isCapturing: false
11-15 22:37:24.515 32376  1123 D KindleTTS_Service: [KindleTTS_Service] Performing OCR 
11-15 22:37:24.515 32376  1123 D KindleTTS_Service: [KindleTTS_Service] Image acquired : image: false
11-15 22:37:24.515 32376  1123 D KindleTTS_Service: [KindleTTS_Service] No image available from ImageReader 
11-15 22:37:24.634 32376 32376 D KindleTTS_Service: [KindleTTS_Service] Speaking sentence : 5: ら割引になるドリンクに、たとえばワインからカクテルに切り替える
11-15 22:37:24.760 32376  1724 D KindleTTS_Service: [KindleTTS_Service] TTS started : 5
11-15 22:37:26.514 32376  1123 D KindleTTS_Service: [KindleTTS_Service] OCR schedule tick : isReading: true, isPaused: false, isCapturing: false
11-15 22:37:26.514 32376  1123 D KindleTTS_Service: [KindleTTS_Service] Performing OCR 
11-15 22:37:26.515 32376  1123 D KindleTTS_Service: [KindleTTS_Service] Image acquired : image: true
11-15 22:37:26.515 32376  1123 D KindleTTS_Service: [KindleTTS_Service] Converting image to bitmap 
11-15 22:37:26.515 32376  1123 D KindleTTS_Service: [KindleTTS_Service] convertImageToBitmap : Starting conversion
11-15 22:37:26.519 32376  1123 D KindleTTS_Service: [KindleTTS_Service] Image plane info : pixelStride: 4, rowStride: 4352, padding: 32
11-15 22:37:26.542 32376  1123 D KindleTTS_Service: [KindleTTS_Service] Bitmap created : Time: 27ms
11-15 22:37:26.565 32376  1123 D KindleTTS_Service: [KindleTTS_Service] Bitmap cropped : Time: 50ms, Size: 1080x2400
11-15 22:37:26.565 32376  1123 D KindleTTS_Service: [KindleTTS_Service] v1.0.16 Image Rotation OCR : Starting
11-15 22:37:26.608 32376  1123 D KindleTTS_Service: [KindleTTS_Service] Bitmap rotated : Original: 1080x2400, Rotated: 2400x1080
11-15 22:37:26.608 32376  1123 D KindleTTS_Service: [KindleTTS_Service] Image rotated : 90 degrees clockwise for vertical text
11-15 22:37:27.138 32376  1123 D KindleTTS_Service: [KindleTTS_Service] v1.0.16 completed : Rotated: true, Time: 572ms
11-15 22:37:27.138 32376  1123 D KindleTTS_Service: [KindleTTS_Service] Bitmap conversion completed : Total time: 623ms
11-15 22:37:27.138 32376  1123 D KindleTTS_Service: [KindleTTS_Service] Bitmap created : bitmap: true, size: 9600x4320
11-15 22:37:27.619 32376 32376 D KindleTTS_Service: [KindleTTS_Service] OCR confidence stats : Blocks: 4,
11-15 22:37:27.619 32376 32376 D KindleTTS_Service: Elements: 13,
11-15 22:37:27.619 32376 32376 D KindleTTS_Service: HighConf: 7 (53%),
11-15 22:37:27.619 32376 32376 D KindleTTS_Service: AvgConf: 0.53
11-15 22:37:27.619 32376 32376 D KindleTTS_Service: [KindleTTS_Service] Text orientation : Vertical: false, AvgW: 6957.8, AvgH: 533.0
11-15 22:37:27.619 32376 32376 D KindleTTS_Service: [KindleTTS_Service] OCR success : TextLength: 298,
11-15 22:37:27.619 32376 32376 D KindleTTS_Service: Preview: 艦要の法則はだいたいにおいて正しいが、この法則が成り立たないケー スもある。塩格がすこ | 海格の豪化に敏感な財、鈍な財 | に置き換える。というわけでこれを「代替効果(Substitution effect,
11-15 22:37:27.619 32376 32376 D KindleTTS_Service: Changed: false
11-15 22:37:27.620 32376 32376 D KindleTTS_Service: [KindleTTS_Service] OCR duplicate : Same text as previous capture
11-15 22:37:28.514 32376  1123 D KindleTTS_Service: [KindleTTS_Service] OCR schedule tick : isReading: true, isPaused: false, isCapturing: false
11-15 22:37:28.514 32376  1123 D KindleTTS_Service: [KindleTTS_Service] Performing OCR 
11-15 22:37:28.514 32376  1123 D KindleTTS_Service: [KindleTTS_Service] Image acquired : image: false
11-15 22:37:28.514 32376  1123 D KindleTTS_Service: [KindleTTS_Service] No image available from ImageReader 
11-15 22:37:30.088 32376  1724 D KindleTTS_Service: [KindleTTS_Service] TTS completed : 5
11-15 22:37:30.514 32376  1123 D KindleTTS_Service: [KindleTTS_Service] OCR schedule tick : isReading: true, isPaused: false, isCapturing: false
11-15 22:37:30.514 32376  1123 D KindleTTS_Service: [KindleTTS_Service] Performing OCR 
11-15 22:37:30.514 32376  1123 D KindleTTS_Service: [KindleTTS_Service] Image acquired : image: true
11-15 22:37:30.514 32376  1123 D KindleTTS_Service: [KindleTTS_Service] Converting image to bitmap 
11-15 22:37:30.515 32376  1123 D KindleTTS_Service: [KindleTTS_Service] convertImageToBitmap : Starting conversion
11-15 22:37:30.516 32376  1123 D KindleTTS_Service: [KindleTTS_Service] Image plane info : pixelStride: 4, rowStride: 4352, padding: 32
11-15 22:37:30.527 32376  1123 D KindleTTS_Service: [KindleTTS_Service] Bitmap created : Time: 12ms
11-15 22:37:30.547 32376  1123 D KindleTTS_Service: [KindleTTS_Service] Bitmap cropped : Time: 32ms, Size: 1080x2400
11-15 22:37:30.547 32376  1123 D KindleTTS_Service: [KindleTTS_Service] v1.0.16 Image Rotation OCR : Starting
11-15 22:37:30.586 32376  1123 D KindleTTS_Service: [KindleTTS_Service] Bitmap rotated : Original: 1080x2400, Rotated: 2400x1080
11-15 22:37:30.586 32376  1123 D KindleTTS_Service: [KindleTTS_Service] Image rotated : 90 degrees clockwise for vertical text
11-15 22:37:30.590 32376 32376 D KindleTTS_Service: [KindleTTS_Service] Speaking sentence : 6: ある いは、将来の一杯
11-15 22:37:30.590 32376 32376 D KindleTTS_Service: のをやめて、安いほうに切り替える
11-15 22:37:30.658 32376   626 D KindleTTS_Service: [KindleTTS_Service] TTS started : 6
11-15 22:37:31.123 32376  1123 D KindleTTS_Service: [KindleTTS_Service] v1.0.16 completed : Rotated: true, Time: 576ms
11-15 22:37:31.123 32376  1123 D KindleTTS_Service: [KindleTTS_Service] Bitmap conversion completed : Total time: 608ms
11-15 22:37:31.123 32376  1123 D KindleTTS_Service: [KindleTTS_Service] Bitmap created : bitmap: true, size: 9600x4320
11-15 22:37:31.503 32376 32376 D KindleTTS_Service: [KindleTTS_Service] OCR confidence stats : Blocks: 4,
11-15 22:37:31.503 32376 32376 D KindleTTS_Service: Elements: 13,
11-15 22:37:31.503 32376 32376 D KindleTTS_Service: HighConf: 7 (53%),
11-15 22:37:31.503 32376 32376 D KindleTTS_Service: AvgConf: 0.53
11-15 22:37:31.503 32376 32376 D KindleTTS_Service: [KindleTTS_Service] Text orientation : Vertical: false, AvgW: 6957.8, AvgH: 533.0
11-15 22:37:31.503 32376 32376 D KindleTTS_Service: [KindleTTS_Service] OCR success : TextLength: 298,
11-15 22:37:31.503 32376 32376 D KindleTTS_Service: Preview: 艦要の法則はだいたいにおいて正しいが、この法則が成り立たないケー スもある。塩格がすこ | 海格の豪化に敏感な財、鈍な財 | に置き換える。というわけでこれを「代替効果(Substitution effect,
11-15 22:37:31.503 32376 32376 D KindleTTS_Service: Changed: false
11-15 22:37:31.503 32376 32376 D KindleTTS_Service: [KindleTTS_Service] OCR duplicate : Same text as previous capture
11-15 22:37:32.514 32376  1123 D KindleTTS_Service: [KindleTTS_Service] OCR schedule tick : isReading: true, isPaused: false, isCapturing: false
11-15 22:37:32.514 32376  1123 D KindleTTS_Service: [KindleTTS_Service] Performing OCR 
11-15 22:37:32.514 32376  1123 D KindleTTS_Service: [KindleTTS_Service] Image acquired : image: true
11-15 22:37:32.514 32376  1123 D KindleTTS_Service: [KindleTTS_Service] Converting image to bitmap 
11-15 22:37:32.514 32376  1123 D KindleTTS_Service: [KindleTTS_Service] convertImageToBitmap : Starting conversion
11-15 22:37:32.515 32376  1123 D KindleTTS_Service: [KindleTTS_Service] Image plane info : pixelStride: 4, rowStride: 4352, padding: 32
11-15 22:37:32.519 32376  1123 D KindleTTS_Service: [KindleTTS_Service] Bitmap created : Time: 5ms
11-15 22:37:32.526 32376  1123 D KindleTTS_Service: [KindleTTS_Service] Bitmap cropped : Time: 12ms, Size: 1080x2400
11-15 22:37:32.526 32376  1123 D KindleTTS_Service: [KindleTTS_Service] v1.0.16 Image Rotation OCR : Starting
11-15 22:37:32.553 32376  1123 D KindleTTS_Service: [KindleTTS_Service] Bitmap rotated : Original: 1080x2400, Rotated: 2400x1080
11-15 22:37:32.553 32376  1123 D KindleTTS_Service: [KindleTTS_Service] Image rotated : 90 degrees clockwise for vertical text
11-15 22:37:33.052 32376  1123 D KindleTTS_Service: [KindleTTS_Service] v1.0.16 completed : Rotated: true, Time: 526ms
11-15 22:37:33.052 32376  1123 D KindleTTS_Service: [KindleTTS_Service] Bitmap conversion completed : Total time: 538ms
11-15 22:37:33.053 32376  1123 D KindleTTS_Service: [KindleTTS_Service] Bitmap created : bitmap: true, size: 9600x4320
11-15 22:37:33.391 32376 32376 D KindleTTS_Service: [KindleTTS_Service] OCR confidence stats : Blocks: 4,
11-15 22:37:33.391 32376 32376 D KindleTTS_Service: Elements: 13,
11-15 22:37:33.391 32376 32376 D KindleTTS_Service: HighConf: 7 (53%),
11-15 22:37:33.391 32376 32376 D KindleTTS_Service: AvgConf: 0.53
11-15 22:37:33.391 32376 32376 D KindleTTS_Service: [KindleTTS_Service] Text orientation : Vertical: false, AvgW: 6957.8, AvgH: 533.0
11-15 22:37:33.392 32376 32376 D KindleTTS_Service: [KindleTTS_Service] OCR success : TextLength: 298,
11-15 22:37:33.392 32376 32376 D KindleTTS_Service: Preview: 艦要の法則はだいたいにおいて正しいが、この法則が成り立たないケー スもある。塩格がすこ | 海格の豪化に敏感な財、鈍な財 | に置き換える。というわけでこれを「代替効果(Substitution effect,
11-15 22:37:33.392 32376 32376 D KindleTTS_Service: Changed: false
11-15 22:37:33.392 32376 32376 D KindleTTS_Service: [KindleTTS_Service] OCR duplicate : Same text as previous capture
11-15 22:37:34.515 32376  1123 D KindleTTS_Service: [KindleTTS_Service] OCR schedule tick : isReading: true, isPaused: false, isCapturing: false
11-15 22:37:34.515 32376  1123 D KindleTTS_Service: [KindleTTS_Service] Performing OCR 
11-15 22:37:34.515 32376  1123 D KindleTTS_Service: [KindleTTS_Service] Image acquired : image: false
11-15 22:37:34.515 32376  1123 D KindleTTS_Service: [KindleTTS_Service] No image available from ImageReader 
11-15 22:37:36.163 32376  1724 D KindleTTS_Service: [KindleTTS_Service] TTS completed : 6
11-15 22:37:36.514 32376  1123 D KindleTTS_Service: [KindleTTS_Service] OCR schedule tick : isReading: true, isPaused: false, isCapturing: false
11-15 22:37:36.514 32376  1123 D KindleTTS_Service: [KindleTTS_Service] Performing OCR 
11-15 22:37:36.514 32376  1123 D KindleTTS_Service: [KindleTTS_Service] Image acquired : image: true
11-15 22:37:36.515 32376  1123 D KindleTTS_Service: [KindleTTS_Service] Converting image to bitmap 
11-15 22:37:36.515 32376  1123 D KindleTTS_Service: [KindleTTS_Service] convertImageToBitmap : Starting conversion
11-15 22:37:36.517 32376  1123 D KindleTTS_Service: [KindleTTS_Service] Image plane info : pixelStride: 4, rowStride: 4352, padding: 32
11-15 22:37:36.527 32376  1123 D KindleTTS_Service: [KindleTTS_Service] Bitmap created : Time: 12ms
11-15 22:37:36.545 32376  1123 D KindleTTS_Service: [KindleTTS_Service] Bitmap cropped : Time: 29ms, Size: 1080x2400
11-15 22:37:36.545 32376  1123 D KindleTTS_Service: [KindleTTS_Service] v1.0.16 Image Rotation OCR : Starting
11-15 22:37:36.578 32376  1123 D KindleTTS_Service: [KindleTTS_Service] Bitmap rotated : Original: 1080x2400, Rotated: 2400x1080
11-15 22:37:36.579 32376  1123 D KindleTTS_Service: [KindleTTS_Service] Image rotated : 90 degrees clockwise for vertical text
11-15 22:37:36.664 32376 32376 D KindleTTS_Service: [KindleTTS_Service] Speaking sentence : 7: ハッピーアワーの例で言えば、割研対築でないドリンクか
11-15 22:37:36.756 32376 32628 D KindleTTS_Service: [KindleTTS_Service] TTS started : 7
11-15 22:37:37.105 32376  1123 D KindleTTS_Service: [KindleTTS_Service] v1.0.16 completed : Rotated: true, Time: 559ms
11-15 22:37:37.105 32376  1123 D KindleTTS_Service: [KindleTTS_Service] Bitmap conversion completed : Total time: 590ms
11-15 22:37:37.105 32376  1123 D KindleTTS_Service: [KindleTTS_Service] Bitmap created : bitmap: true, size: 9600x4320
11-15 22:37:37.408 32376 32376 D KindleTTS_Service: [KindleTTS_Service] OCR confidence stats : Blocks: 4,
11-15 22:37:37.408 32376 32376 D KindleTTS_Service: Elements: 13,
11-15 22:37:37.408 32376 32376 D KindleTTS_Service: HighConf: 7 (53%),
11-15 22:37:37.408 32376 32376 D KindleTTS_Service: AvgConf: 0.53
11-15 22:37:37.408 32376 32376 D KindleTTS_Service: [KindleTTS_Service] Text orientation : Vertical: false, AvgW: 6957.8, AvgH: 533.0
11-15 22:37:37.408 32376 32376 D KindleTTS_Service: [KindleTTS_Service] OCR success : TextLength: 298,
11-15 22:37:37.408 32376 32376 D KindleTTS_Service: Preview: 艦要の法則はだいたいにおいて正しいが、この法則が成り立たないケー スもある。塩格がすこ | 海格の豪化に敏感な財、鈍な財 | に置き換える。というわけでこれを「代替効果(Substitution effect,
11-15 22:37:37.408 32376 32376 D KindleTTS_Service: Changed: false
11-15 22:37:37.408 32376 32376 D KindleTTS_Service: [KindleTTS_Service] OCR duplicate : Same text as previous capture
11-15 22:37:38.514 32376  1123 D KindleTTS_Service: [KindleTTS_Service] OCR schedule tick : isReading: true, isPaused: false, isCapturing: false
11-15 22:37:38.514 32376  1123 D KindleTTS_Service: [KindleTTS_Service] Performing OCR 
11-15 22:37:38.514 32376  1123 D KindleTTS_Service: [KindleTTS_Service] Image acquired : image: true
11-15 22:37:38.514 32376  1123 D KindleTTS_Service: [KindleTTS_Service] Converting image to bitmap 
11-15 22:37:38.514 32376  1123 D KindleTTS_Service: [KindleTTS_Service] convertImageToBitmap : Starting conversion
11-15 22:37:38.516 32376  1123 D KindleTTS_Service: [KindleTTS_Service] Image plane info : pixelStride: 4, rowStride: 4352, padding: 32
11-15 22:37:38.522 32376  1123 D KindleTTS_Service: [KindleTTS_Service] Bitmap created : Time: 8ms
11-15 22:37:38.530 32376  1123 D KindleTTS_Service: [KindleTTS_Service] Bitmap cropped : Time: 16ms, Size: 1080x2400
11-15 22:37:38.530 32376  1123 D KindleTTS_Service: [KindleTTS_Service] v1.0.16 Image Rotation OCR : Starting
11-15 22:37:38.563 32376  1123 D KindleTTS_Service: [KindleTTS_Service] Bitmap rotated : Original: 1080x2400, Rotated: 2400x1080
11-15 22:37:38.563 32376  1123 D KindleTTS_Service: [KindleTTS_Service] Image rotated : 90 degrees clockwise for vertical text
11-15 22:37:39.065 32376  1123 D KindleTTS_Service: [KindleTTS_Service] v1.0.16 completed : Rotated: true, Time: 535ms
11-15 22:37:39.065 32376  1123 D KindleTTS_Service: [KindleTTS_Service] Bitmap conversion completed : Total time: 551ms
11-15 22:37:39.066 32376  1123 D KindleTTS_Service: [KindleTTS_Service] Bitmap created : bitmap: true, size: 9600x4320
11-15 22:37:39.392 32376 32376 D KindleTTS_Service: [KindleTTS_Service] OCR confidence stats : Blocks: 4,
11-15 22:37:39.392 32376 32376 D KindleTTS_Service: Elements: 13,
11-15 22:37:39.392 32376 32376 D KindleTTS_Service: HighConf: 7 (53%),
11-15 22:37:39.392 32376 32376 D KindleTTS_Service: AvgConf: 0.53
11-15 22:37:39.392 32376 32376 D KindleTTS_Service: [KindleTTS_Service] Text orientation : Vertical: false, AvgW: 6957.8, AvgH: 533.0
11-15 22:37:39.392 32376 32376 D KindleTTS_Service: [KindleTTS_Service] OCR success : TextLength: 298,
11-15 22:37:39.392 32376 32376 D KindleTTS_Service: Preview: 艦要の法則はだいたいにおいて正しいが、この法則が成り立たないケー スもある。塩格がすこ | 海格の豪化に敏感な財、鈍な財 | に置き換える。というわけでこれを「代替効果(Substitution effect,
11-15 22:37:39.392 32376 32376 D KindleTTS_Service: Changed: false
11-15 22:37:39.392 32376 32376 D KindleTTS_Service: [KindleTTS_Service] OCR duplicate : Same text as previous capture
11-15 22:37:40.514 32376  1123 D KindleTTS_Service: [KindleTTS_Service] OCR schedule tick : isReading: true, isPaused: false, isCapturing: false
11-15 22:37:40.514 32376  1123 D KindleTTS_Service: [KindleTTS_Service] Performing OCR 
11-15 22:37:40.514 32376  1123 D KindleTTS_Service: [KindleTTS_Service] Image acquired : image: false
11-15 22:37:40.514 32376  1123 D KindleTTS_Service: [KindleTTS_Service] No image available from ImageReader 
11-15 22:37:41.690 32376   644 D KindleTTS_Service: [KindleTTS_Service] TTS completed : 7
11-15 22:37:42.514 32376  1123 D KindleTTS_Service: [KindleTTS_Service] OCR schedule tick : isReading: true, isPaused: false, isCapturing: false
11-15 22:37:42.514 32376  1123 D KindleTTS_Service: [KindleTTS_Service] Performing OCR 
11-15 22:37:42.514 32376  1123 D KindleTTS_Service: [KindleTTS_Service] Image acquired : image: true
11-15 22:37:42.514 32376  1123 D KindleTTS_Service: [KindleTTS_Service] Converting image to bitmap 
11-15 22:37:42.514 32376  1123 D KindleTTS_Service: [KindleTTS_Service] convertImageToBitmap : Starting conversion
11-15 22:37:42.517 32376  1123 D KindleTTS_Service: [KindleTTS_Service] Image plane info : pixelStride: 4, rowStride: 4352, padding: 32
11-15 22:37:42.522 32376  1123 D KindleTTS_Service: [KindleTTS_Service] Bitmap created : Time: 8ms
11-15 22:37:42.530 32376  1123 D KindleTTS_Service: [KindleTTS_Service] Bitmap cropped : Time: 16ms, Size: 1080x2400
11-15 22:37:42.530 32376  1123 D KindleTTS_Service: [KindleTTS_Service] v1.0.16 Image Rotation OCR : Starting
11-15 22:37:42.564 32376  1123 D KindleTTS_Service: [KindleTTS_Service] Bitmap rotated : Original: 1080x2400, Rotated: 2400x1080
11-15 22:37:42.564 32376  1123 D KindleTTS_Service: [KindleTTS_Service] Image rotated : 90 degrees clockwise for vertical text
11-15 22:37:43.076 32376  1123 D KindleTTS_Service: [KindleTTS_Service] v1.0.16 completed : Rotated: true, Time: 546ms
11-15 22:37:43.076 32376  1123 D KindleTTS_Service: [KindleTTS_Service] Bitmap conversion completed : Total time: 562ms
11-15 22:37:43.076 32376  1123 D KindleTTS_Service: [KindleTTS_Service] Bitmap created : bitmap: true, size: 9600x4320
11-15 22:37:43.511 32376 32376 D KindleTTS_Service: [KindleTTS_Service] OCR confidence stats : Blocks: 4,
11-15 22:37:43.511 32376 32376 D KindleTTS_Service: Elements: 13,
11-15 22:37:43.511 32376 32376 D KindleTTS_Service: HighConf: 7 (53%),
11-15 22:37:43.511 32376 32376 D KindleTTS_Service: AvgConf: 0.53
11-15 22:37:43.511 32376 32376 D KindleTTS_Service: [KindleTTS_Service] Text orientation : Vertical: false, AvgW: 6957.8, AvgH: 533.0
11-15 22:37:43.511 32376 32376 D KindleTTS_Service: [KindleTTS_Service] OCR success : TextLength: 298,
11-15 22:37:43.511 32376 32376 D KindleTTS_Service: Preview: 艦要の法則はだいたいにおいて正しいが、この法則が成り立たないケー スもある。塩格がすこ | 海格の豪化に敏感な財、鈍な財 | に置き換える。というわけでこれを「代替効果(Substitution effect,
11-15 22:37:43.511 32376 32376 D KindleTTS_Service: Changed: false
11-15 22:37:43.511 32376 32376 D KindleTTS_Service: [KindleTTS_Service] OCR duplicate : Same text as previous capture
11-15 22:37:43.691 32376 32376 D KindleTTS_Service: [KindleTTS_Service] Next page : direction: left_to_next
11-15 22:37:43.694 32376 32376 D KindleTTS_Service: [KindleTTS_Service] State reset : sentences cleared, index reset to 0, TTS stopped
11-15 22:37:43.697 32376 32376 D KindleTTS_AutoPageTurn: [KindleTTS_AutoPageTurn] onStartCommand called : action: PREVIOUS_PAGE, hasIntent: true
11-15 22:37:43.697 32376 32376 D KindleTTS_AutoPageTurn: [KindleTTS_AutoPageTurn] Executing PREVIOUS_PAGE action 
11-15 22:37:43.697 32376 32376 D KindleTTS_AutoPageTurn: [KindleTTS_AutoPageTurn] Performing previous page gesture 
11-15 22:37:43.717 32376 32376 D KindleTTS_AutoPageTurn: [KindleTTS_AutoPageTurn] Current app package : com.amazon.kindle (Kindle: true)
11-15 22:37:43.717 32376 32376 D KindleTTS_AutoPageTurn: [KindleTTS_AutoPageTurn] Previous page swipe : from (216.0, 1200.0) to (864.0, 1200.0)
11-15 22:37:43.906 32376 32376 D KindleTTS_AutoPageTurn: [KindleTTS_AutoPageTurn] Kindle event detected : 2048
11-15 22:37:44.030 32376 32376 D KindleTTS_AutoPageTurn: [KindleTTS_AutoPageTurn] Swipe gesture completed : from (216.0, 1200.0) to (864.0, 1200.0)
11-15 22:37:44.515 32376  1123 D KindleTTS_Service: [KindleTTS_Service] OCR schedule tick : isReading: true, isPaused: false, isCapturing: false
11-15 22:37:44.515 32376  1123 D KindleTTS_Service: [KindleTTS_Service] Performing OCR 
11-15 22:37:44.515 32376  1123 D KindleTTS_Service: [KindleTTS_Service] Image acquired : image: true
11-15 22:37:44.515 32376  1123 D KindleTTS_Service: [KindleTTS_Service] Converting image to bitmap 
11-15 22:37:44.515 32376  1123 D KindleTTS_Service: [KindleTTS_Service] convertImageToBitmap : Starting conversion
11-15 22:37:44.517 32376  1123 D KindleTTS_Service: [KindleTTS_Service] Image plane info : pixelStride: 4, rowStride: 4352, padding: 32
11-15 22:37:44.523 32376  1123 D KindleTTS_Service: [KindleTTS_Service] Bitmap created : Time: 8ms
11-15 22:37:44.529 32376  1123 D KindleTTS_Service: [KindleTTS_Service] Bitmap cropped : Time: 14ms, Size: 1080x2400
11-15 22:37:44.529 32376  1123 D KindleTTS_Service: [KindleTTS_Service] v1.0.16 Image Rotation OCR : Starting
11-15 22:37:44.554 32376  1123 D KindleTTS_Service: [KindleTTS_Service] Bitmap rotated : Original: 1080x2400, Rotated: 2400x1080
11-15 22:37:44.554 32376  1123 D KindleTTS_Service: [KindleTTS_Service] Image rotated : 90 degrees clockwise for vertical text
11-15 22:37:45.056 32376  1123 D KindleTTS_Service: [KindleTTS_Service] v1.0.16 completed : Rotated: true, Time: 527ms
11-15 22:37:45.056 32376  1123 D KindleTTS_Service: [KindleTTS_Service] Bitmap conversion completed : Total time: 541ms
11-15 22:37:45.057 32376  1123 D KindleTTS_Service: [KindleTTS_Service] Bitmap created : bitmap: true, size: 9600x4320
11-15 22:37:45.319 32376 32376 D KindleTTS_Service: [KindleTTS_Service] OCR confidence stats : Blocks: 3,
11-15 22:37:45.319 32376 32376 D KindleTTS_Service: Elements: 18,
11-15 22:37:45.319 32376 32376 D KindleTTS_Service: HighConf: 15 (83%),
11-15 22:37:45.319 32376 32376 D KindleTTS_Service: AvgConf: 0.64
11-15 22:37:45.319 32376 32376 D KindleTTS_Service: [KindleTTS_Service] Text orientation : Vertical: false, AvgW: 8382.0, AvgH: 994.7
11-15 22:37:45.319 32376 32376 D KindleTTS_Service: [KindleTTS_Service] OCR success : TextLength: 405,
11-15 22:37:45.319 32376 32376 D KindleTTS_Service: Preview: したのだつた。そのとおりだった。神い捨てのレジ袋に五べンスの植礼をつけただけで、露要を | 政府は、 レジ袋は需要の価格弾力性が大きいから、 わずか五べンスでも報要は 大幅に減ると期待 | とはいえ有料化とい,
11-15 22:37:45.319 32376 32376 D KindleTTS_Service: Changed: true
11-15 22:37:45.319 32376 32376 D KindleTTS_Service: [KindleTTS_Service] Speaking : Total sentences: 10
11-15 22:37:45.319 32376 32376 D KindleTTS_Service: [KindleTTS_Service] Speaking sentences : Count: 10
11-15 22:37:45.320 32376 32376 D KindleTTS_Service: [KindleTTS_Service] Speaking sentence : 0: したのだつた
11-15 22:37:45.373 32376   648 D KindleTTS_Service: [KindleTTS_Service] TTS started : 0
11-15 22:37:46.198 32376 32376 D KindleTTS_Service: [KindleTTS_Service] Performing OCR 
11-15 22:37:46.198 32376 32376 D KindleTTS_Service: [KindleTTS_Service] Image acquired : image: false
11-15 22:37:46.198 32376 32376 D KindleTTS_Service: [KindleTTS_Service] No image available from ImageReader 
11-15 22:37:46.515 32376  1123 D KindleTTS_Service: [KindleTTS_Service] OCR schedule tick : isReading: true, isPaused: false, isCapturing: false
11-15 22:37:46.515 32376  1123 D KindleTTS_Service: [KindleTTS_Service] Performing OCR 
11-15 22:37:46.515 32376  1123 D KindleTTS_Service: [KindleTTS_Service] Image acquired : image: false
11-15 22:37:46.515 32376  1123 D KindleTTS_Service: [KindleTTS_Service] No image available from ImageReader 
11-15 22:37:46.698 32376 32376 D KindleTTS_Service: [KindleTTS_Service] OCR retry success : Text found on attempt 0
11-15 22:37:46.702 32376   648 D KindleTTS_Service: [KindleTTS_Service] TTS completed : 0
11-15 22:37:47.203 32376 32376 D KindleTTS_Service: [KindleTTS_Service] Speaking sentence : 1: そのとおりだった
11-15 22:37:47.265 32376   648 D KindleTTS_Service: [KindleTTS_Service] TTS started : 1
11-15 22:37:48.514 32376  1123 D KindleTTS_Service: [KindleTTS_Service] OCR schedule tick : isReading: true, isPaused: false, isCapturing: false
11-15 22:37:48.514 32376  1123 D KindleTTS_Service: [KindleTTS_Service] Performing OCR 
11-15 22:37:48.514 32376  1123 D KindleTTS_Service: [KindleTTS_Service] Image acquired : image: false
11-15 22:37:48.514 32376  1123 D KindleTTS_Service: [KindleTTS_Service] No image available from ImageReader 
11-15 22:37:48.751 32376  1724 D KindleTTS_Service: [KindleTTS_Service] TTS completed : 1
11-15 22:37:49.253 32376 32376 D KindleTTS_Service: [KindleTTS_Service] Speaking sentence : 2: 神い捨てのレジ袋に五べンスの植礼をつけただけで、露要を
11-15 22:37:49.253 32376 32376 D KindleTTS_Service: 政府は、 レジ袋は需要の価格弾力性が大きいから、 わずか五べンスでも報要は 大幅に減ると期待
11-15 22:37:49.253 32376 32376 D KindleTTS_Service: とはいえ有料化といつてもレジ袋ひ情段はごくわずかなもので、せいぎい五ペンス
11-15 22:37:49.363 32376  1724 D KindleTTS_Service: [KindleTTS_Service] TTS started : 2
11-15 22:37:50.514 32376  1123 D KindleTTS_Service: [KindleTTS_Service] OCR schedule tick : isReading: true, isPaused: false, isCapturing: false
11-15 22:37:50.514 32376  1123 D KindleTTS_Service: [KindleTTS_Service] Performing OCR 
11-15 22:37:50.514 32376  1123 D KindleTTS_Service: [KindleTTS_Service] Image acquired : image: true
11-15 22:37:50.515 32376  1123 D KindleTTS_Service: [KindleTTS_Service] Converting image to bitmap 
11-15 22:37:50.515 32376  1123 D KindleTTS_Service: [KindleTTS_Service] convertImageToBitmap : Starting conversion
11-15 22:37:50.518 32376  1123 D KindleTTS_Service: [KindleTTS_Service] Image plane info : pixelStride: 4, rowStride: 4352, padding: 32
11-15 22:37:50.528 32376  1123 D KindleTTS_Service: [KindleTTS_Service] Bitmap created : Time: 12ms
11-15 22:37:50.537 32376  1123 D KindleTTS_Service: [KindleTTS_Service] Bitmap cropped : Time: 22ms, Size: 1080x2400
11-15 22:37:50.537 32376  1123 D KindleTTS_Service: [KindleTTS_Service] v1.0.16 Image Rotation OCR : Starting
11-15 22:37:50.571 32376  1123 D KindleTTS_Service: [KindleTTS_Service] Bitmap rotated : Original: 1080x2400, Rotated: 2400x1080
11-15 22:37:50.571 32376  1123 D KindleTTS_Service: [KindleTTS_Service] Image rotated : 90 degrees clockwise for vertical text
11-15 22:37:51.080 32376  1123 D KindleTTS_Service: [KindleTTS_Service] v1.0.16 completed : Rotated: true, Time: 543ms
11-15 22:37:51.080 32376  1123 D KindleTTS_Service: [KindleTTS_Service] Bitmap conversion completed : Total time: 565ms
11-15 22:37:51.081 32376  1123 D KindleTTS_Service: [KindleTTS_Service] Bitmap created : bitmap: true, size: 9600x4320
11-15 22:37:51.375 32376 32376 D KindleTTS_Service: [KindleTTS_Service] OCR confidence stats : Blocks: 3,
11-15 22:37:51.375 32376 32376 D KindleTTS_Service: Elements: 18,
11-15 22:37:51.375 32376 32376 D KindleTTS_Service: HighConf: 15 (83%),
11-15 22:37:51.375 32376 32376 D KindleTTS_Service: AvgConf: 0.64
11-15 22:37:51.375 32376 32376 D KindleTTS_Service: [KindleTTS_Service] Text orientation : Vertical: false, AvgW: 8382.0, AvgH: 994.7
11-15 22:37:51.375 32376 32376 D KindleTTS_Service: [KindleTTS_Service] OCR success : TextLength: 405,
11-15 22:37:51.375 32376 32376 D KindleTTS_Service: Preview: したのだつた。そのとおりだった。神い捨てのレジ袋に五べンスの植礼をつけただけで、露要を | 政府は、 レジ袋は需要の価格弾力性が大きいから、 わずか五べンスでも報要は 大幅に減ると期待 | とはいえ有料化とい,
11-15 22:37:51.375 32376 32376 D KindleTTS_Service: Changed: false
11-15 22:37:51.375 32376 32376 D KindleTTS_Service: [KindleTTS_Service] OCR duplicate : Same text as previous capture
11-15 22:37:52.514 32376  1123 D KindleTTS_Service: [KindleTTS_Service] OCR schedule tick : isReading: true, isPaused: false, isCapturing: false
11-15 22:37:52.515 32376  1123 D KindleTTS_Service: [KindleTTS_Service] Performing OCR 
11-15 22:37:52.515 32376  1123 D KindleTTS_Service: [KindleTTS_Service] Image acquired : image: false
11-15 22:37:52.515 32376  1123 D KindleTTS_Service: [KindleTTS_Service] No image available from ImageReader 
11-15 22:37:54.514 32376  1123 D KindleTTS_Service: [KindleTTS_Service] OCR schedule tick : isReading: true, isPaused: false, isCapturing: false
11-15 22:37:54.514 32376  1123 D KindleTTS_Service: [KindleTTS_Service] Performing OCR 
11-15 22:37:54.514 32376  1123 D KindleTTS_Service: [KindleTTS_Service] Image acquired : image: false
11-15 22:37:54.514 32376  1123 D KindleTTS_Service: [KindleTTS_Service] No image available from ImageReader 
11-15 22:37:56.515 32376  1123 D KindleTTS_Service: [KindleTTS_Service] OCR schedule tick : isReading: true, isPaused: false, isCapturing: false
11-15 22:37:56.515 32376  1123 D KindleTTS_Service: [KindleTTS_Service] Performing OCR 
11-15 22:37:56.515 32376  1123 D KindleTTS_Service: [KindleTTS_Service] Image acquired : image: false
11-15 22:37:56.515 32376  1123 D KindleTTS_Service: [KindleTTS_Service] No image available from ImageReader 
11-15 22:37:58.514 32376  1123 D KindleTTS_Service: [KindleTTS_Service] OCR schedule tick : isReading: true, isPaused: false, isCapturing: false
11-15 22:37:58.514 32376  1123 D KindleTTS_Service: [KindleTTS_Service] Performing OCR 
11-15 22:37:58.514 32376  1123 D KindleTTS_Service: [KindleTTS_Service] Image acquired : image: false
11-15 22:37:58.514 32376  1123 D KindleTTS_Service: [KindleTTS_Service] No image available from ImageReader 
11-15 22:38:00.514 32376  1123 D KindleTTS_Service: [KindleTTS_Service] OCR schedule tick : isReading: true, isPaused: false, isCapturing: false
11-15 22:38:00.515 32376  1123 D KindleTTS_Service: [KindleTTS_Service] Performing OCR 
11-15 22:38:00.515 32376  1123 D KindleTTS_Service: [KindleTTS_Service] Image acquired : image: true
11-15 22:38:00.515 32376  1123 D KindleTTS_Service: [KindleTTS_Service] Converting image to bitmap 
11-15 22:38:00.515 32376  1123 D KindleTTS_Service: [KindleTTS_Service] convertImageToBitmap : Starting conversion
11-15 22:38:00.520 32376  1123 D KindleTTS_Service: [KindleTTS_Service] Image plane info : pixelStride: 4, rowStride: 4352, padding: 32
11-15 22:38:00.541 32376  1123 D KindleTTS_Service: [KindleTTS_Service] Bitmap created : Time: 26ms
11-15 22:38:00.566 32376  1123 D KindleTTS_Service: [KindleTTS_Service] Bitmap cropped : Time: 51ms, Size: 1080x2400
11-15 22:38:00.566 32376  1123 D KindleTTS_Service: [KindleTTS_Service] v1.0.16 Image Rotation OCR : Starting
11-15 22:38:00.612 32376  1123 D KindleTTS_Service: [KindleTTS_Service] Bitmap rotated : Original: 1080x2400, Rotated: 2400x1080
11-15 22:38:00.612 32376  1123 D KindleTTS_Service: [KindleTTS_Service] Image rotated : 90 degrees clockwise for vertical text
11-15 22:38:01.132 32376  1123 D KindleTTS_Service: [KindleTTS_Service] v1.0.16 completed : Rotated: true, Time: 566ms
11-15 22:38:01.132 32376  1123 D KindleTTS_Service: [KindleTTS_Service] Bitmap conversion completed : Total time: 617ms
11-15 22:38:01.133 32376  1123 D KindleTTS_Service: [KindleTTS_Service] Bitmap created : bitmap: true, size: 9600x4320
11-15 22:38:01.517 32376 32376 D KindleTTS_Service: [KindleTTS_Service] OCR confidence stats : Blocks: 3,
11-15 22:38:01.517 32376 32376 D KindleTTS_Service: Elements: 18,
11-15 22:38:01.517 32376 32376 D KindleTTS_Service: HighConf: 15 (83%),
11-15 22:38:01.517 32376 32376 D KindleTTS_Service: AvgConf: 0.64
11-15 22:38:01.517 32376 32376 D KindleTTS_Service: [KindleTTS_Service] Text orientation : Vertical: false, AvgW: 8382.0, AvgH: 994.7
11-15 22:38:01.517 32376 32376 D KindleTTS_Service: [KindleTTS_Service] OCR success : TextLength: 405,
11-15 22:38:01.517 32376 32376 D KindleTTS_Service: Preview: したのだつた。そのとおりだった。神い捨てのレジ袋に五べンスの植礼をつけただけで、露要を | 政府は、 レジ袋は需要の価格弾力性が大きいから、 わずか五べンスでも報要は 大幅に減ると期待 | とはいえ有料化とい,
11-15 22:38:01.517 32376 32376 D KindleTTS_Service: Changed: false
11-15 22:38:01.517 32376 32376 D KindleTTS_Service: [KindleTTS_Service] OCR duplicate : Same text as previous capture
11-15 22:38:02.514 32376  1123 D KindleTTS_Service: [KindleTTS_Service] OCR schedule tick : isReading: true, isPaused: false, isCapturing: false
11-15 22:38:02.514 32376  1123 D KindleTTS_Service: [KindleTTS_Service] Performing OCR 
11-15 22:38:02.514 32376  1123 D KindleTTS_Service: [KindleTTS_Service] Image acquired : image: false
11-15 22:38:02.514 32376  1123 D KindleTTS_Service: [KindleTTS_Service] No image available from ImageReader 
11-15 22:38:04.514 32376  1123 D KindleTTS_Service: [KindleTTS_Service] OCR schedule tick : isReading: true, isPaused: false, isCapturing: false
11-15 22:38:04.514 32376  1123 D KindleTTS_Service: [KindleTTS_Service] Performing OCR 
11-15 22:38:04.514 32376  1123 D KindleTTS_Service: [KindleTTS_Service] Image acquired : image: false
11-15 22:38:04.514 32376  1123 D KindleTTS_Service: [KindleTTS_Service] No image available from ImageReader 
11-15 22:38:06.514 32376  1123 D KindleTTS_Service: [KindleTTS_Service] OCR schedule tick : isReading: true, isPaused: false, isCapturing: false
11-15 22:38:06.514 32376  1123 D KindleTTS_Service: [KindleTTS_Service] Performing OCR 
11-15 22:38:06.514 32376  1123 D KindleTTS_Service: [KindleTTS_Service] Image acquired : image: false
11-15 22:38:06.514 32376  1123 D KindleTTS_Service: [KindleTTS_Service] No image available from ImageReader 
11-15 22:38:08.515 32376  1123 D KindleTTS_Service: [KindleTTS_Service] OCR schedule tick : isReading: true, isPaused: false, isCapturing: false
11-15 22:38:08.515 32376  1123 D KindleTTS_Service: [KindleTTS_Service] Performing OCR 
11-15 22:38:08.515 32376  1123 D KindleTTS_Service: [KindleTTS_Service] Image acquired : image: false
11-15 22:38:08.515 32376  1123 D KindleTTS_Service: [KindleTTS_Service] No image available from ImageReader 
11-15 22:38:09.636 32376   648 D KindleTTS_Service: [KindleTTS_Service] TTS completed : 2
11-15 22:38:10.138 32376 32376 D KindleTTS_Service: [KindleTTS_Service] Speaking sentence : 3: 通ぎない
11-15 22:38:10.206 32376   648 D KindleTTS_Service: [KindleTTS_Service] TTS started : 3
11-15 22:38:10.514 32376  1123 D KindleTTS_Service: [KindleTTS_Service] OCR schedule tick : isReading: true, isPaused: false, isCapturing: false
11-15 22:38:10.514 32376  1123 D KindleTTS_Service: [KindleTTS_Service] Performing OCR 
11-15 22:38:10.514 32376  1123 D KindleTTS_Service: [KindleTTS_Service] Image acquired : image: false
11-15 22:38:10.514 32376  1123 D KindleTTS_Service: [KindleTTS_Service] No image available from ImageReader 
11-15 22:38:11.245 32376  1724 D KindleTTS_Service: [KindleTTS_Service] TTS completed : 3
