11-15 22:33:25.287 32376 32376 D KindleTTS_Service: [KindleTTS_Service] Text orientation : Vertical: false, AvgW: 6388.0, AvgH: 510.0
11-15 22:33:25.287 32376 32376 D KindleTTS_Service: [KindleTTS_Service] OCR success : TextLength: 134,
11-15 22:33:25.287 32376 32376 D KindleTTS_Service: Preview: 意な仕事をねらされていることの機公費用、等々。 | たとえば大学 へ行くこと(または行かないこと)の機会費用、別の仕事のほうが得意なのに不得 | こうした身近な機会費用は本書を通じてさまさまな場面で何度も出て,
11-15 22:33:25.287 32376 32376 D KindleTTS_Service: Changed: true
11-15 22:33:25.287 32376 32376 D KindleTTS_Service: [KindleTTS_Service] Speaking : Total sentences: 3
11-15 22:33:25.287 32376 32376 D KindleTTS_Service: [KindleTTS_Service] Speaking sentences : Count: 3
11-15 22:33:25.287 32376 32376 D KindleTTS_Service: [KindleTTS_Service] Speaking sentence : 0: 意な仕事をねらされていることの機公費用、等々
11-15 22:33:25.369 32376 32398 D KindleTTS_Service: [KindleTTS_Service] TTS started : 0
11-15 22:33:26.515 32376  1123 D KindleTTS_Service: [KindleTTS_Service] OCR schedule tick : isReading: true, isPaused: false, isCapturing: false
11-15 22:33:26.515 32376  1123 D KindleTTS_Service: [KindleTTS_Service] Performing OCR 
11-15 22:33:26.515 32376  1123 D KindleTTS_Service: [KindleTTS_Service] Image acquired : image: true
11-15 22:33:26.515 32376  1123 D KindleTTS_Service: [KindleTTS_Service] Converting image to bitmap 
11-15 22:33:26.515 32376  1123 D KindleTTS_Service: [KindleTTS_Service] convertImageToBitmap : Starting conversion
11-15 22:33:26.517 32376  1123 D KindleTTS_Service: [KindleTTS_Service] Image plane info : pixelStride: 4, rowStride: 4352, padding: 32
11-15 22:33:26.523 32376  1123 D KindleTTS_Service: [KindleTTS_Service] Bitmap created : Time: 8ms
11-15 22:33:26.529 32376  1123 D KindleTTS_Service: [KindleTTS_Service] Bitmap cropped : Time: 14ms, Size: 1080x2400
11-15 22:33:26.529 32376  1123 D KindleTTS_Service: [KindleTTS_Service] v1.0.16 Image Rotation OCR : Starting
11-15 22:33:26.554 32376  1123 D KindleTTS_Service: [KindleTTS_Service] Bitmap rotated : Original: 1080x2400, Rotated: 2400x1080
11-15 22:33:26.554 32376  1123 D KindleTTS_Service: [KindleTTS_Service] Image rotated : 90 degrees clockwise for vertical text
11-15 22:33:27.060 32376  1123 D KindleTTS_Service: [KindleTTS_Service] v1.0.16 completed : Rotated: true, Time: 531ms
11-15 22:33:27.060 32376  1123 D KindleTTS_Service: [KindleTTS_Service] Bitmap conversion completed : Total time: 545ms
11-15 22:33:27.060 32376  1123 D KindleTTS_Service: [KindleTTS_Service] Bitmap created : bitmap: true, size: 9600x4320
11-15 22:33:27.337 32376 32376 D KindleTTS_Service: [KindleTTS_Service] OCR confidence stats : Blocks: 4,
11-15 22:33:27.337 32376 32376 D KindleTTS_Service: Elements: 15,
11-15 22:33:27.337 32376 32376 D KindleTTS_Service: HighConf: 10 (66%),
11-15 22:33:27.337 32376 32376 D KindleTTS_Service: AvgConf: 0.58
11-15 22:33:27.337 32376 32376 D KindleTTS_Service: [KindleTTS_Service] Text orientation : Vertical: false, AvgW: 6130.0, AvgH: 457.3
11-15 22:33:27.338 32376 32376 D KindleTTS_Service: [KindleTTS_Service] OCR success : TextLength: 249,
11-15 22:33:27.338 32376 32376 D KindleTTS_Service: Preview: ては、ありきたりの名前だが需要の決測から籍妙るのがいいだろう。 | る。需要は経済学を成り立たせる重要な要素の一つだ。 経における需要を理解する出発点とし | 今朝何を食べ るか、あるいは朝ごはんは抜こうと決,
11-15 22:33:27.338 32376 32376 D KindleTTS_Service: Changed: true
11-15 22:33:27.338 32376 32376 D KindleTTS_Service: [KindleTTS_Service] Speaking : Total sentences: 5
11-15 22:33:27.338 32376 32376 D KindleTTS_Service: [KindleTTS_Service] Speaking sentences : Count: 5
11-15 22:33:27.338 32376 32376 D KindleTTS_Service: [KindleTTS_Service] Speaking sentence : 0: ては、ありきたりの名前だが需要の決測から籍妙るのがいいだろう
11-15 22:33:27.345 32376 32400 D KindleTTS_Service: [KindleTTS_Service] TTS started : 0
11-15 22:33:28.514 32376  1123 D KindleTTS_Service: [KindleTTS_Service] OCR schedule tick : isReading: true, isPaused: false, isCapturing: false
11-15 22:33:28.514 32376  1123 D KindleTTS_Service: [KindleTTS_Service] Performing OCR 
11-15 22:33:28.514 32376  1123 D KindleTTS_Service: [KindleTTS_Service] Image acquired : image: false
11-15 22:33:28.514 32376  1123 D KindleTTS_Service: [KindleTTS_Service] No image available from ImageReader 
11-15 22:33:30.514 32376  1123 D KindleTTS_Service: [KindleTTS_Service] OCR schedule tick : isReading: true, isPaused: false, isCapturing: false
11-15 22:33:30.514 32376  1123 D KindleTTS_Service: [KindleTTS_Service] Performing OCR 
11-15 22:33:30.514 32376  1123 D KindleTTS_Service: [KindleTTS_Service] Image acquired : image: true
11-15 22:33:30.515 32376  1123 D KindleTTS_Service: [KindleTTS_Service] Converting image to bitmap 
11-15 22:33:30.515 32376  1123 D KindleTTS_Service: [KindleTTS_Service] convertImageToBitmap : Starting conversion
11-15 22:33:30.516 32376  1123 D KindleTTS_Service: [KindleTTS_Service] Image plane info : pixelStride: 4, rowStride: 4352, padding: 32
11-15 22:33:30.522 32376  1123 D KindleTTS_Service: [KindleTTS_Service] Bitmap created : Time: 7ms
11-15 22:33:30.530 32376  1123 D KindleTTS_Service: [KindleTTS_Service] Bitmap cropped : Time: 15ms, Size: 1080x2400
11-15 22:33:30.530 32376  1123 D KindleTTS_Service: [KindleTTS_Service] v1.0.16 Image Rotation OCR : Starting
11-15 22:33:30.557 32376  1123 D KindleTTS_Service: [KindleTTS_Service] Bitmap rotated : Original: 1080x2400, Rotated: 2400x1080
11-15 22:33:30.557 32376  1123 D KindleTTS_Service: [KindleTTS_Service] Image rotated : 90 degrees clockwise for vertical text
11-15 22:33:31.076 32376  1123 D KindleTTS_Service: [KindleTTS_Service] v1.0.16 completed : Rotated: true, Time: 546ms
11-15 22:33:31.076 32376  1123 D KindleTTS_Service: [KindleTTS_Service] Bitmap conversion completed : Total time: 561ms
11-15 22:33:31.076 32376  1123 D KindleTTS_Service: [KindleTTS_Service] Bitmap created : bitmap: true, size: 9600x4320
11-15 22:33:31.342 32376 32376 D KindleTTS_Service: [KindleTTS_Service] OCR confidence stats : Blocks: 4,
11-15 22:33:31.342 32376 32376 D KindleTTS_Service: Elements: 15,
11-15 22:33:31.342 32376 32376 D KindleTTS_Service: HighConf: 10 (66%),
11-15 22:33:31.342 32376 32376 D KindleTTS_Service: AvgConf: 0.58
11-15 22:33:31.342 32376 32376 D KindleTTS_Service: [KindleTTS_Service] Text orientation : Vertical: false, AvgW: 6130.0, AvgH: 457.3
11-15 22:33:31.342 32376 32376 D KindleTTS_Service: [KindleTTS_Service] OCR success : TextLength: 249,
11-15 22:33:31.342 32376 32376 D KindleTTS_Service: Preview: ては、ありきたりの名前だが需要の決測から籍妙るのがいいだろう。 | る。需要は経済学を成り立たせる重要な要素の一つだ。 経における需要を理解する出発点とし | 今朝何を食べ るか、あるいは朝ごはんは抜こうと決,
11-15 22:33:31.342 32376 32376 D KindleTTS_Service: Changed: false
11-15 22:33:31.343 32376 32376 D KindleTTS_Service: [KindleTTS_Service] OCR duplicate : Same text as previous capture
11-15 22:33:32.516 32376  1123 D KindleTTS_Service: [KindleTTS_Service] OCR schedule tick : isReading: true, isPaused: false, isCapturing: false
11-15 22:33:32.517 32376  1123 D KindleTTS_Service: [KindleTTS_Service] Performing OCR 
11-15 22:33:32.517 32376  1123 D KindleTTS_Service: [KindleTTS_Service] Image acquired : image: false
11-15 22:33:32.517 32376  1123 D KindleTTS_Service: [KindleTTS_Service] No image available from ImageReader 
11-15 22:33:33.124 32376   626 D KindleTTS_Service: [KindleTTS_Service] TTS completed : 0
11-15 22:33:33.626 32376 32376 D KindleTTS_Service: [KindleTTS_Service] Speaking sentence : 1: る
11-15 22:33:33.676 32376   626 D KindleTTS_Service: [KindleTTS_Service] TTS started : 1
11-15 22:33:34.155 32376 32399 D KindleTTS_Service: [KindleTTS_Service] TTS completed : 1
11-15 22:33:34.515 32376  1123 D KindleTTS_Service: [KindleTTS_Service] OCR schedule tick : isReading: true, isPaused: false, isCapturing: false
11-15 22:33:34.515 32376  1123 D KindleTTS_Service: [KindleTTS_Service] Performing OCR 
11-15 22:33:34.515 32376  1123 D KindleTTS_Service: [KindleTTS_Service] Image acquired : image: false
11-15 22:33:34.515 32376  1123 D KindleTTS_Service: [KindleTTS_Service] No image available from ImageReader 
11-15 22:33:34.656 32376 32376 D KindleTTS_Service: [KindleTTS_Service] Speaking sentence : 2: 需要は経済学を成り立たせる重要な要素の一つだ
11-15 22:33:34.666 32376 32399 D KindleTTS_Service: [KindleTTS_Service] TTS started : 2
11-15 22:33:36.515 32376  1123 D KindleTTS_Service: [KindleTTS_Service] OCR schedule tick : isReading: true, isPaused: false, isCapturing: false
11-15 22:33:36.515 32376  1123 D KindleTTS_Service: [KindleTTS_Service] Performing OCR 
11-15 22:33:36.515 32376  1123 D KindleTTS_Service: [KindleTTS_Service] Image acquired : image: true
11-15 22:33:36.516 32376  1123 D KindleTTS_Service: [KindleTTS_Service] Converting image to bitmap 
11-15 22:33:36.516 32376  1123 D KindleTTS_Service: [KindleTTS_Service] convertImageToBitmap : Starting conversion
11-15 22:33:36.519 32376  1123 D KindleTTS_Service: [KindleTTS_Service] Image plane info : pixelStride: 4, rowStride: 4352, padding: 32
11-15 22:33:36.530 32376  1123 D KindleTTS_Service: [KindleTTS_Service] Bitmap created : Time: 14ms
11-15 22:33:36.541 32376  1123 D KindleTTS_Service: [KindleTTS_Service] Bitmap cropped : Time: 25ms, Size: 1080x2400
11-15 22:33:36.541 32376  1123 D KindleTTS_Service: [KindleTTS_Service] v1.0.16 Image Rotation OCR : Starting
11-15 22:33:36.580 32376  1123 D KindleTTS_Service: [KindleTTS_Service] Bitmap rotated : Original: 1080x2400, Rotated: 2400x1080
11-15 22:33:36.580 32376  1123 D KindleTTS_Service: [KindleTTS_Service] Image rotated : 90 degrees clockwise for vertical text
11-15 22:33:37.090 32376  1123 D KindleTTS_Service: [KindleTTS_Service] v1.0.16 completed : Rotated: true, Time: 549ms
11-15 22:33:37.090 32376  1123 D KindleTTS_Service: [KindleTTS_Service] Bitmap conversion completed : Total time: 574ms
11-15 22:33:37.090 32376  1123 D KindleTTS_Service: [KindleTTS_Service] Bitmap created : bitmap: true, size: 9600x4320
11-15 22:33:37.544 32376 32376 D KindleTTS_Service: [KindleTTS_Service] OCR confidence stats : Blocks: 4,
11-15 22:33:37.544 32376 32376 D KindleTTS_Service: Elements: 15,
11-15 22:33:37.544 32376 32376 D KindleTTS_Service: HighConf: 10 (66%),
11-15 22:33:37.544 32376 32376 D KindleTTS_Service: AvgConf: 0.58
11-15 22:33:37.544 32376 32376 D KindleTTS_Service: [KindleTTS_Service] Text orientation : Vertical: false, AvgW: 6130.0, AvgH: 457.3
11-15 22:33:37.544 32376 32376 D KindleTTS_Service: [KindleTTS_Service] OCR success : TextLength: 249,
11-15 22:33:37.544 32376 32376 D KindleTTS_Service: Preview: ては、ありきたりの名前だが需要の決測から籍妙るのがいいだろう。 | る。需要は経済学を成り立たせる重要な要素の一つだ。 経における需要を理解する出発点とし | 今朝何を食べ るか、あるいは朝ごはんは抜こうと決,
11-15 22:33:37.544 32376 32376 D KindleTTS_Service: Changed: false
11-15 22:33:37.545 32376 32376 D KindleTTS_Service: [KindleTTS_Service] OCR duplicate : Same text as previous capture
11-15 22:33:38.515 32376  1123 D KindleTTS_Service: [KindleTTS_Service] OCR schedule tick : isReading: true, isPaused: false, isCapturing: false
11-15 22:33:38.515 32376  1123 D KindleTTS_Service: [KindleTTS_Service] Performing OCR 
11-15 22:33:38.515 32376  1123 D KindleTTS_Service: [KindleTTS_Service] Image acquired : image: false
11-15 22:33:38.515 32376  1123 D KindleTTS_Service: [KindleTTS_Service] No image available from ImageReader 
11-15 22:33:39.444 32376 32628 D KindleTTS_Service: [KindleTTS_Service] TTS completed : 2
11-15 22:33:39.944 32376 32376 D KindleTTS_Service: [KindleTTS_Service] Speaking sentence : 3: 経における需要を理解する出発点とし
11-15 22:33:39.944 32376 32376 D KindleTTS_Service: 今朝何を食べ るか、あるいは朝ごはんは抜こうと決めるとき、あなたは自分の書要に従ってい
11-15 22:33:39.944 32376 32376 D KindleTTS_Service: つまりそのものに対するあなたの「能要(demand)」はどれほど大き いかを表す
11-15 22:33:40.053 32376 32398 D KindleTTS_Service: [KindleTTS_Service] TTS started : 3
11-15 22:33:40.514 32376  1123 D KindleTTS_Service: [KindleTTS_Service] OCR schedule tick : isReading: true, isPaused: false, isCapturing: false
11-15 22:33:40.514 32376  1123 D KindleTTS_Service: [KindleTTS_Service] Performing OCR 
11-15 22:33:40.514 32376  1123 D KindleTTS_Service: [KindleTTS_Service] Image acquired : image: true
11-15 22:33:40.514 32376  1123 D KindleTTS_Service: [KindleTTS_Service] Converting image to bitmap 
11-15 22:33:40.514 32376  1123 D KindleTTS_Service: [KindleTTS_Service] convertImageToBitmap : Starting conversion
11-15 22:33:40.516 32376  1123 D KindleTTS_Service: [KindleTTS_Service] Image plane info : pixelStride: 4, rowStride: 4352, padding: 32
11-15 22:33:40.526 32376  1123 D KindleTTS_Service: [KindleTTS_Service] Bitmap created : Time: 12ms
11-15 22:33:40.539 32376  1123 D KindleTTS_Service: [KindleTTS_Service] Bitmap cropped : Time: 25ms, Size: 1080x2400
11-15 22:33:40.539 32376  1123 D KindleTTS_Service: [KindleTTS_Service] v1.0.16 Image Rotation OCR : Starting
11-15 22:33:40.574 32376  1123 D KindleTTS_Service: [KindleTTS_Service] Bitmap rotated : Original: 1080x2400, Rotated: 2400x1080
11-15 22:33:40.574 32376  1123 D KindleTTS_Service: [KindleTTS_Service] Image rotated : 90 degrees clockwise for vertical text
11-15 22:33:41.098 32376  1123 D KindleTTS_Service: [KindleTTS_Service] v1.0.16 completed : Rotated: true, Time: 559ms
11-15 22:33:41.098 32376  1123 D KindleTTS_Service: [KindleTTS_Service] Bitmap conversion completed : Total time: 584ms
11-15 22:33:41.099 32376  1123 D KindleTTS_Service: [KindleTTS_Service] Bitmap created : bitmap: true, size: 9600x4320
11-15 22:33:41.596 32376 32376 D KindleTTS_Service: [KindleTTS_Service] OCR confidence stats : Blocks: 4,
11-15 22:33:41.596 32376 32376 D KindleTTS_Service: Elements: 15,
11-15 22:33:41.596 32376 32376 D KindleTTS_Service: HighConf: 10 (66%),
11-15 22:33:41.596 32376 32376 D KindleTTS_Service: AvgConf: 0.58
11-15 22:33:41.596 32376 32376 D KindleTTS_Service: [KindleTTS_Service] Text orientation : Vertical: false, AvgW: 6130.0, AvgH: 457.3
11-15 22:33:41.596 32376 32376 D KindleTTS_Service: [KindleTTS_Service] OCR success : TextLength: 249,
11-15 22:33:41.596 32376 32376 D KindleTTS_Service: Preview: ては、ありきたりの名前だが需要の決測から籍妙るのがいいだろう。 | る。需要は経済学を成り立たせる重要な要素の一つだ。 経における需要を理解する出発点とし | 今朝何を食べ るか、あるいは朝ごはんは抜こうと決,
11-15 22:33:41.596 32376 32376 D KindleTTS_Service: Changed: false
11-15 22:33:41.596 32376 32376 D KindleTTS_Service: [KindleTTS_Service] OCR duplicate : Same text as previous capture
11-15 22:33:42.515 32376  1123 D KindleTTS_Service: [KindleTTS_Service] OCR schedule tick : isReading: true, isPaused: false, isCapturing: false
11-15 22:33:42.515 32376  1123 D KindleTTS_Service: [KindleTTS_Service] Performing OCR 
11-15 22:33:42.515 32376  1123 D KindleTTS_Service: [KindleTTS_Service] Image acquired : image: false
11-15 22:33:42.515 32376  1123 D KindleTTS_Service: [KindleTTS_Service] No image available from ImageReader 
11-15 22:33:43.977 32376 32376 D KindleTTS_AutoPageTurn: [KindleTTS_AutoPageTurn] AutoPageTurnService connected 
11-15 22:33:44.515 32376  1123 D KindleTTS_Service: [KindleTTS_Service] OCR schedule tick : isReading: true, isPaused: false, isCapturing: false
11-15 22:33:44.515 32376  1123 D KindleTTS_Service: [KindleTTS_Service] Performing OCR 
11-15 22:33:44.515 32376  1123 D KindleTTS_Service: [KindleTTS_Service] Image acquired : image: true
11-15 22:33:44.515 32376  1123 D KindleTTS_Service: [KindleTTS_Service] Converting image to bitmap 
11-15 22:33:44.515 32376  1123 D KindleTTS_Service: [KindleTTS_Service] convertImageToBitmap : Starting conversion
11-15 22:33:44.518 32376  1123 D KindleTTS_Service: [KindleTTS_Service] Image plane info : pixelStride: 4, rowStride: 4352, padding: 32
11-15 22:33:44.529 32376  1123 D KindleTTS_Service: [KindleTTS_Service] Bitmap created : Time: 14ms
11-15 22:33:44.544 32376  1123 D KindleTTS_Service: [KindleTTS_Service] Bitmap cropped : Time: 29ms, Size: 1080x2400
11-15 22:33:44.544 32376  1123 D KindleTTS_Service: [KindleTTS_Service] v1.0.16 Image Rotation OCR : Starting
11-15 22:33:44.585 32376  1123 D KindleTTS_Service: [KindleTTS_Service] Bitmap rotated : Original: 1080x2400, Rotated: 2400x1080
11-15 22:33:44.585 32376  1123 D KindleTTS_Service: [KindleTTS_Service] Image rotated : 90 degrees clockwise for vertical text
11-15 22:33:45.105 32376  1123 D KindleTTS_Service: [KindleTTS_Service] v1.0.16 completed : Rotated: true, Time: 560ms
11-15 22:33:45.105 32376  1123 D KindleTTS_Service: [KindleTTS_Service] Bitmap conversion completed : Total time: 590ms
11-15 22:33:45.105 32376  1123 D KindleTTS_Service: [KindleTTS_Service] Bitmap created : bitmap: true, size: 9600x4320
11-15 22:33:45.478 32376 32376 D KindleTTS_Service: [KindleTTS_Service] OCR confidence stats : Blocks: 4,
11-15 22:33:45.478 32376 32376 D KindleTTS_Service: Elements: 15,
11-15 22:33:45.478 32376 32376 D KindleTTS_Service: HighConf: 10 (66%),
11-15 22:33:45.478 32376 32376 D KindleTTS_Service: AvgConf: 0.58
11-15 22:33:45.478 32376 32376 D KindleTTS_Service: [KindleTTS_Service] Text orientation : Vertical: false, AvgW: 6130.0, AvgH: 457.3
11-15 22:33:45.479 32376 32376 D KindleTTS_Service: [KindleTTS_Service] OCR success : TextLength: 249,
11-15 22:33:45.479 32376 32376 D KindleTTS_Service: Preview: ては、ありきたりの名前だが需要の決測から籍妙るのがいいだろう。 | る。需要は経済学を成り立たせる重要な要素の一つだ。 経における需要を理解する出発点とし | 今朝何を食べ るか、あるいは朝ごはんは抜こうと決,
11-15 22:33:45.479 32376 32376 D KindleTTS_Service: Changed: false
11-15 22:33:45.479 32376 32376 D KindleTTS_Service: [KindleTTS_Service] OCR duplicate : Same text as previous capture
11-15 22:33:46.515 32376  1123 D KindleTTS_Service: [KindleTTS_Service] OCR schedule tick : isReading: true, isPaused: false, isCapturing: false
11-15 22:33:46.515 32376  1123 D KindleTTS_Service: [KindleTTS_Service] Performing OCR 
11-15 22:33:46.516 32376  1123 D KindleTTS_Service: [KindleTTS_Service] Image acquired : image: true
11-15 22:33:46.516 32376  1123 D KindleTTS_Service: [KindleTTS_Service] Converting image to bitmap 
11-15 22:33:46.516 32376  1123 D KindleTTS_Service: [KindleTTS_Service] convertImageToBitmap : Starting conversion
11-15 22:33:46.518 32376  1123 D KindleTTS_Service: [KindleTTS_Service] Image plane info : pixelStride: 4, rowStride: 4352, padding: 32
11-15 22:33:46.524 32376  1123 D KindleTTS_Service: [KindleTTS_Service] Bitmap created : Time: 8ms
11-15 22:33:46.531 32376  1123 D KindleTTS_Service: [KindleTTS_Service] Bitmap cropped : Time: 15ms, Size: 1080x2400
11-15 22:33:46.532 32376  1123 D KindleTTS_Service: [KindleTTS_Service] v1.0.16 Image Rotation OCR : Starting
11-15 22:33:46.558 32376  1123 D KindleTTS_Service: [KindleTTS_Service] Bitmap rotated : Original: 1080x2400, Rotated: 2400x1080
11-15 22:33:46.558 32376  1123 D KindleTTS_Service: [KindleTTS_Service] Image rotated : 90 degrees clockwise for vertical text
11-15 22:33:47.072 32376  1123 D KindleTTS_Service: [KindleTTS_Service] v1.0.16 completed : Rotated: true, Time: 540ms
11-15 22:33:47.072 32376  1123 D KindleTTS_Service: [KindleTTS_Service] Bitmap conversion completed : Total time: 556ms
11-15 22:33:47.073 32376  1123 D KindleTTS_Service: [KindleTTS_Service] Bitmap created : bitmap: true, size: 9600x4320
11-15 22:33:47.552 32376 32376 D KindleTTS_Service: [KindleTTS_Service] OCR confidence stats : Blocks: 4,
11-15 22:33:47.552 32376 32376 D KindleTTS_Service: Elements: 15,
11-15 22:33:47.552 32376 32376 D KindleTTS_Service: HighConf: 10 (66%),
11-15 22:33:47.552 32376 32376 D KindleTTS_Service: AvgConf: 0.58
11-15 22:33:47.552 32376 32376 D KindleTTS_Service: [KindleTTS_Service] Text orientation : Vertical: false, AvgW: 6130.0, AvgH: 457.3
11-15 22:33:47.552 32376 32376 D KindleTTS_Service: [KindleTTS_Service] OCR success : TextLength: 249,
11-15 22:33:47.552 32376 32376 D KindleTTS_Service: Preview: ては、ありきたりの名前だが需要の決測から籍妙るのがいいだろう。 | る。需要は経済学を成り立たせる重要な要素の一つだ。 経における需要を理解する出発点とし | 今朝何を食べ るか、あるいは朝ごはんは抜こうと決,
11-15 22:33:47.552 32376 32376 D KindleTTS_Service: Changed: false
11-15 22:33:47.553 32376 32376 D KindleTTS_Service: [KindleTTS_Service] OCR duplicate : Same text as previous capture
11-15 22:33:48.515 32376  1123 D KindleTTS_Service: [KindleTTS_Service] OCR schedule tick : isReading: true, isPaused: false, isCapturing: false
11-15 22:33:48.515 32376  1123 D KindleTTS_Service: [KindleTTS_Service] Performing OCR 
11-15 22:33:48.515 32376  1123 D KindleTTS_Service: [KindleTTS_Service] Image acquired : image: false
11-15 22:33:48.515 32376  1123 D KindleTTS_Service: [KindleTTS_Service] No image available from ImageReader 
11-15 22:33:50.514 32376  1123 D KindleTTS_Service: [KindleTTS_Service] OCR schedule tick : isReading: true, isPaused: false, isCapturing: false
11-15 22:33:50.514 32376  1123 D KindleTTS_Service: [KindleTTS_Service] Performing OCR 
11-15 22:33:50.514 32376  1123 D KindleTTS_Service: [KindleTTS_Service] Image acquired : image: false
11-15 22:33:50.514 32376  1123 D KindleTTS_Service: [KindleTTS_Service] No image available from ImageReader 
11-15 22:33:52.514 32376  1123 D KindleTTS_Service: [KindleTTS_Service] OCR schedule tick : isReading: true, isPaused: false, isCapturing: false
11-15 22:33:52.514 32376  1123 D KindleTTS_Service: [KindleTTS_Service] Performing OCR 
11-15 22:33:52.514 32376  1123 D KindleTTS_Service: [KindleTTS_Service] Image acquired : image: false
11-15 22:33:52.514 32376  1123 D KindleTTS_Service: [KindleTTS_Service] No image available from ImageReader 
11-15 22:33:54.515 32376  1123 D KindleTTS_Service: [KindleTTS_Service] OCR schedule tick : isReading: true, isPaused: false, isCapturing: false
11-15 22:33:54.515 32376  1123 D KindleTTS_Service: [KindleTTS_Service] Performing OCR 
11-15 22:33:54.515 32376  1123 D KindleTTS_Service: [KindleTTS_Service] Image acquired : image: false
11-15 22:33:54.515 32376  1123 D KindleTTS_Service: [KindleTTS_Service] No image available from ImageReader 
11-15 22:33:56.516 32376  1123 D KindleTTS_Service: [KindleTTS_Service] OCR schedule tick : isReading: true, isPaused: false, isCapturing: false
11-15 22:33:56.517 32376  1123 D KindleTTS_Service: [KindleTTS_Service] Performing OCR 
11-15 22:33:56.517 32376  1123 D KindleTTS_Service: [KindleTTS_Service] Image acquired : image: false
11-15 22:33:56.517 32376  1123 D KindleTTS_Service: [KindleTTS_Service] No image available from ImageReader 
11-15 22:33:58.514 32376  1123 D KindleTTS_Service: [KindleTTS_Service] OCR schedule tick : isReading: true, isPaused: false, isCapturing: false
11-15 22:33:58.514 32376  1123 D KindleTTS_Service: [KindleTTS_Service] Performing OCR 
11-15 22:33:58.515 32376  1123 D KindleTTS_Service: [KindleTTS_Service] Image acquired : image: false
11-15 22:33:58.515 32376  1123 D KindleTTS_Service: [KindleTTS_Service] No image available from ImageReader 
11-15 22:33:58.605 32376 32400 D KindleTTS_Service: [KindleTTS_Service] TTS completed : 3
11-15 22:33:59.106 32376 32376 D KindleTTS_Service: [KindleTTS_Service] Speaking sentence : 4: こうした選択 やトレ]ドオ フすべ ての結果は、要する に、参なたがそれをどれだけ欲しいか、
11-15 22:33:59.106 32376 32376 D KindleTTS_Service: 毎格が上がれば需要が減る、厚椅が下がれば需が増え る
11-15 22:33:59.106 32376 32376 D KindleTTS_Service: 経済学の基本「需聯の法則」
11-15 22:33:59.268 32376 32628 D KindleTTS_Service: [KindleTTS_Service] TTS started : 4
11-15 22:34:00.514 32376  1123 D KindleTTS_Service: [KindleTTS_Service] OCR schedule tick : isReading: true, isPaused: false, isCapturing: false
11-15 22:34:00.514 32376  1123 D KindleTTS_Service: [KindleTTS_Service] Performing OCR 
11-15 22:34:00.515 32376  1123 D KindleTTS_Service: [KindleTTS_Service] Image acquired : image: true
11-15 22:34:00.515 32376  1123 D KindleTTS_Service: [KindleTTS_Service] Converting image to bitmap 
11-15 22:34:00.515 32376  1123 D KindleTTS_Service: [KindleTTS_Service] convertImageToBitmap : Starting conversion
11-15 22:34:00.518 32376  1123 D KindleTTS_Service: [KindleTTS_Service] Image plane info : pixelStride: 4, rowStride: 4352, padding: 32
11-15 22:34:00.537 32376  1123 D KindleTTS_Service: [KindleTTS_Service] Bitmap created : Time: 22ms
11-15 22:34:00.563 32376  1123 D KindleTTS_Service: [KindleTTS_Service] Bitmap cropped : Time: 48ms, Size: 1080x2400
11-15 22:34:00.563 32376  1123 D KindleTTS_Service: [KindleTTS_Service] v1.0.16 Image Rotation OCR : Starting
11-15 22:34:00.604 32376  1123 D KindleTTS_Service: [KindleTTS_Service] Bitmap rotated : Original: 1080x2400, Rotated: 2400x1080
11-15 22:34:00.604 32376  1123 D KindleTTS_Service: [KindleTTS_Service] Image rotated : 90 degrees clockwise for vertical text
11-15 22:34:01.134 32376  1123 D KindleTTS_Service: [KindleTTS_Service] v1.0.16 completed : Rotated: true, Time: 571ms
11-15 22:34:01.134 32376  1123 D KindleTTS_Service: [KindleTTS_Service] Bitmap conversion completed : Total time: 619ms
11-15 22:34:01.135 32376  1123 D KindleTTS_Service: [KindleTTS_Service] Bitmap created : bitmap: true, size: 9600x4320
11-15 22:34:01.508 32376 32376 D KindleTTS_Service: [KindleTTS_Service] OCR confidence stats : Blocks: 4,
11-15 22:34:01.508 32376 32376 D KindleTTS_Service: Elements: 15,
11-15 22:34:01.508 32376 32376 D KindleTTS_Service: HighConf: 10 (66%),
11-15 22:34:01.508 32376 32376 D KindleTTS_Service: AvgConf: 0.58
11-15 22:34:01.509 32376 32376 D KindleTTS_Service: [KindleTTS_Service] Text orientation : Vertical: false, AvgW: 6130.0, AvgH: 457.3
11-15 22:34:01.509 32376 32376 D KindleTTS_Service: [KindleTTS_Service] OCR success : TextLength: 249,
11-15 22:34:01.509 32376 32376 D KindleTTS_Service: Preview: ては、ありきたりの名前だが需要の決測から籍妙るのがいいだろう。 | る。需要は経済学を成り立たせる重要な要素の一つだ。 経における需要を理解する出発点とし | 今朝何を食べ るか、あるいは朝ごはんは抜こうと決,
11-15 22:34:01.509 32376 32376 D KindleTTS_Service: Changed: false
11-15 22:34:01.509 32376 32376 D KindleTTS_Service: [KindleTTS_Service] OCR duplicate : Same text as previous capture
11-15 22:34:02.516 32376  1123 D KindleTTS_Service: [KindleTTS_Service] OCR schedule tick : isReading: true, isPaused: false, isCapturing: false
11-15 22:34:02.516 32376  1123 D KindleTTS_Service: [KindleTTS_Service] Performing OCR 
11-15 22:34:02.516 32376  1123 D KindleTTS_Service: [KindleTTS_Service] Image acquired : image: false
11-15 22:34:02.516 32376  1123 D KindleTTS_Service: [KindleTTS_Service] No image available from ImageReader 
11-15 22:34:04.514 32376  1123 D KindleTTS_Service: [KindleTTS_Service] OCR schedule tick : isReading: true, isPaused: false, isCapturing: false
11-15 22:34:04.514 32376  1123 D KindleTTS_Service: [KindleTTS_Service] Performing OCR 
11-15 22:34:04.514 32376  1123 D KindleTTS_Service: [KindleTTS_Service] Image acquired : image: true
11-15 22:34:04.514 32376  1123 D KindleTTS_Service: [KindleTTS_Service] Converting image to bitmap 
11-15 22:34:04.514 32376  1123 D KindleTTS_Service: [KindleTTS_Service] convertImageToBitmap : Starting conversion
11-15 22:34:04.518 32376  1123 D KindleTTS_Service: [KindleTTS_Service] Image plane info : pixelStride: 4, rowStride: 4352, padding: 32
11-15 22:34:04.529 32376  1123 D KindleTTS_Service: [KindleTTS_Service] Bitmap created : Time: 15ms
11-15 22:34:04.540 32376  1123 D KindleTTS_Service: [KindleTTS_Service] Bitmap cropped : Time: 26ms, Size: 1080x2400
11-15 22:34:04.540 32376  1123 D KindleTTS_Service: [KindleTTS_Service] v1.0.16 Image Rotation OCR : Starting
11-15 22:34:04.574 32376  1123 D KindleTTS_Service: [KindleTTS_Service] Bitmap rotated : Original: 1080x2400, Rotated: 2400x1080
11-15 22:34:04.574 32376  1123 D KindleTTS_Service: [KindleTTS_Service] Image rotated : 90 degrees clockwise for vertical text
11-15 22:34:05.087 32376  1123 D KindleTTS_Service: [KindleTTS_Service] v1.0.16 completed : Rotated: true, Time: 547ms
11-15 22:34:05.087 32376  1123 D KindleTTS_Service: [KindleTTS_Service] Bitmap conversion completed : Total time: 573ms
11-15 22:34:05.088 32376  1123 D KindleTTS_Service: [KindleTTS_Service] Bitmap created : bitmap: true, size: 9600x4320
11-15 22:34:05.468 32376 32376 D KindleTTS_Service: [KindleTTS_Service] OCR confidence stats : Blocks: 4,
11-15 22:34:05.468 32376 32376 D KindleTTS_Service: Elements: 15,
11-15 22:34:05.468 32376 32376 D KindleTTS_Service: HighConf: 10 (66%),
11-15 22:34:05.468 32376 32376 D KindleTTS_Service: AvgConf: 0.58
11-15 22:34:05.469 32376 32376 D KindleTTS_Service: [KindleTTS_Service] Text orientation : Vertical: false, AvgW: 6130.0, AvgH: 457.3
11-15 22:34:05.469 32376 32376 D KindleTTS_Service: [KindleTTS_Service] OCR success : TextLength: 249,
11-15 22:34:05.469 32376 32376 D KindleTTS_Service: Preview: ては、ありきたりの名前だが需要の決測から籍妙るのがいいだろう。 | る。需要は経済学を成り立たせる重要な要素の一つだ。 経における需要を理解する出発点とし | 今朝何を食べ るか、あるいは朝ごはんは抜こうと決,
11-15 22:34:05.469 32376 32376 D KindleTTS_Service: Changed: false
11-15 22:34:05.469 32376 32376 D KindleTTS_Service: [KindleTTS_Service] OCR duplicate : Same text as previous capture
11-15 22:34:06.514 32376  1123 D KindleTTS_Service: [KindleTTS_Service] OCR schedule tick : isReading: true, isPaused: false, isCapturing: false
11-15 22:34:06.515 32376  1123 D KindleTTS_Service: [KindleTTS_Service] Performing OCR 
11-15 22:34:06.515 32376  1123 D KindleTTS_Service: [KindleTTS_Service] Image acquired : image: false
11-15 22:34:06.515 32376  1123 D KindleTTS_Service: [KindleTTS_Service] No image available from ImageReader 
11-15 22:34:08.515 32376  1123 D KindleTTS_Service: [KindleTTS_Service] OCR schedule tick : isReading: true, isPaused: false, isCapturing: false
11-15 22:34:08.515 32376  1123 D KindleTTS_Service: [KindleTTS_Service] Performing OCR 
11-15 22:34:08.515 32376  1123 D KindleTTS_Service: [KindleTTS_Service] Image acquired : image: false
11-15 22:34:08.515 32376  1123 D KindleTTS_Service: [KindleTTS_Service] No image available from ImageReader 
11-15 22:34:10.515 32376  1123 D KindleTTS_Service: [KindleTTS_Service] OCR schedule tick : isReading: true, isPaused: false, isCapturing: false
11-15 22:34:10.515 32376  1123 D KindleTTS_Service: [KindleTTS_Service] Performing OCR 
11-15 22:34:10.515 32376  1123 D KindleTTS_Service: [KindleTTS_Service] Image acquired : image: false
11-15 22:34:10.515 32376  1123 D KindleTTS_Service: [KindleTTS_Service] No image available from ImageReader 
11-15 22:34:12.514 32376  1123 D KindleTTS_Service: [KindleTTS_Service] OCR schedule tick : isReading: true, isPaused: false, isCapturing: false
11-15 22:34:12.514 32376  1123 D KindleTTS_Service: [KindleTTS_Service] Performing OCR 
11-15 22:34:12.514 32376  1123 D KindleTTS_Service: [KindleTTS_Service] Image acquired : image: false
11-15 22:34:12.514 32376  1123 D KindleTTS_Service: [KindleTTS_Service] No image available from ImageReader 
11-15 22:34:14.516 32376  1123 D KindleTTS_Service: [KindleTTS_Service] OCR schedule tick : isReading: true, isPaused: false, isCapturing: false
11-15 22:34:14.516 32376  1123 D KindleTTS_Service: [KindleTTS_Service] Performing OCR 
11-15 22:34:14.516 32376  1123 D KindleTTS_Service: [KindleTTS_Service] Image acquired : image: false
11-15 22:34:14.517 32376  1123 D KindleTTS_Service: [KindleTTS_Service] No image available from ImageReader 
11-15 22:34:14.818 32376 32404 D KindleTTS_Service: [KindleTTS_Service] TTS completed : 4
11-15 22:34:16.514 32376  1123 D KindleTTS_Service: [KindleTTS_Service] OCR schedule tick : isReading: true, isPaused: false, isCapturing: false
11-15 22:34:16.514 32376  1123 D KindleTTS_Service: [KindleTTS_Service] Performing OCR 
11-15 22:34:16.515 32376  1123 D KindleTTS_Service: [KindleTTS_Service] Image acquired : image: false
11-15 22:34:16.515 32376  1123 D KindleTTS_Service: [KindleTTS_Service] No image available from ImageReader 
11-15 22:34:16.822 32376 32376 D KindleTTS_Service: [KindleTTS_Service] Next page : direction: left_to_next
11-15 22:34:16.824 32376 32376 D KindleTTS_Service: [KindleTTS_Service] State reset : sentences cleared, index reset to 0, TTS stopped
11-15 22:34:16.827 32376 32376 D KindleTTS_AutoPageTurn: [KindleTTS_AutoPageTurn] onStartCommand called : action: PREVIOUS_PAGE, hasIntent: true
11-15 22:34:16.827 32376 32376 D KindleTTS_AutoPageTurn: [KindleTTS_AutoPageTurn] Executing PREVIOUS_PAGE action 
11-15 22:34:16.827 32376 32376 D KindleTTS_AutoPageTurn: [KindleTTS_AutoPageTurn] Performing previous page gesture 
11-15 22:34:16.840 32376 32376 D KindleTTS_AutoPageTurn: [KindleTTS_AutoPageTurn] Current app package : com.amazon.kindle (Kindle: true)
11-15 22:34:16.841 32376 32376 D KindleTTS_AutoPageTurn: [KindleTTS_AutoPageTurn] Previous page swipe : from (216.0, 1200.0) to (864.0, 1200.0)
11-15 22:34:17.056 32376 32376 D KindleTTS_AutoPageTurn: [KindleTTS_AutoPageTurn] Kindle event detected : 2048
11-15 22:34:17.156 32376 32376 D KindleTTS_AutoPageTurn: [KindleTTS_AutoPageTurn] Swipe gesture completed : from (216.0, 1200.0) to (864.0, 1200.0)
11-15 22:34:18.514 32376  1123 D KindleTTS_Service: [KindleTTS_Service] OCR schedule tick : isReading: true, isPaused: false, isCapturing: false
11-15 22:34:18.514 32376  1123 D KindleTTS_Service: [KindleTTS_Service] Performing OCR 
11-15 22:34:18.515 32376  1123 D KindleTTS_Service: [KindleTTS_Service] Image acquired : image: true
11-15 22:34:18.515 32376  1123 D KindleTTS_Service: [KindleTTS_Service] Converting image to bitmap 
11-15 22:34:18.515 32376  1123 D KindleTTS_Service: [KindleTTS_Service] convertImageToBitmap : Starting conversion
11-15 22:34:18.518 32376  1123 D KindleTTS_Service: [KindleTTS_Service] Image plane info : pixelStride: 4, rowStride: 4352, padding: 32
11-15 22:34:18.531 32376  1123 D KindleTTS_Service: [KindleTTS_Service] Bitmap created : Time: 16ms
11-15 22:34:18.540 32376  1123 D KindleTTS_Service: [KindleTTS_Service] Bitmap cropped : Time: 25ms, Size: 1080x2400
11-15 22:34:18.541 32376  1123 D KindleTTS_Service: [KindleTTS_Service] v1.0.16 Image Rotation OCR : Starting
11-15 22:34:18.573 32376  1123 D KindleTTS_Service: [KindleTTS_Service] Bitmap rotated : Original: 1080x2400, Rotated: 2400x1080
11-15 22:34:18.573 32376  1123 D KindleTTS_Service: [KindleTTS_Service] Image rotated : 90 degrees clockwise for vertical text
11-15 22:34:19.084 32376  1123 D KindleTTS_Service: [KindleTTS_Service] v1.0.16 completed : Rotated: true, Time: 543ms
11-15 22:34:19.084 32376  1123 D KindleTTS_Service: [KindleTTS_Service] Bitmap conversion completed : Total time: 569ms
11-15 22:34:19.084 32376  1123 D KindleTTS_Service: [KindleTTS_Service] Bitmap created : bitmap: true, size: 9600x4320
11-15 22:34:19.328 32376 32376 D KindleTTS_Service: [KindleTTS_Service] performOCR skipped : isCapturing: true, imageReader: true
11-15 22:34:19.412 32376 32376 D KindleTTS_Service: [KindleTTS_Service] OCR confidence stats : Blocks: 3,
11-15 22:34:19.412 32376 32376 D KindleTTS_Service: Elements: 16,
11-15 22:34:19.412 32376 32376 D KindleTTS_Service: HighConf: 13 (81%),
11-15 22:34:19.412 32376 32376 D KindleTTS_Service: AvgConf: 0.59
11-15 22:34:19.412 32376 32376 D KindleTTS_Service: [KindleTTS_Service] Text orientation : Vertical: false, AvgW: 8361.0, AvgH: 870.0
11-15 22:34:19.412 32376 32376 D KindleTTS_Service: [KindleTTS_Service] OCR success : TextLength: 377,
11-15 22:34:19.412 32376 32376 D KindleTTS_Service: Preview: ちがうのは値段だ。ハッピーアワーでは同じ飲み物を安く飲む 」とができる。だから講要の法則 | なぜだろうか。出れるドリンクはま たく同じだし、客の好みが変わるわけでもない。唯1 | にもかかわらず、バブでの酒,
11-15 22:34:19.412 32376 32376 D KindleTTS_Service: Changed: true
11-15 22:34:19.413 32376 32376 D KindleTTS_Service: [KindleTTS_Service] Speaking : Total sentences: 13
11-15 22:34:19.413 32376 32376 D KindleTTS_Service: [KindleTTS_Service] Speaking sentences : Count: 13
11-15 22:34:19.413 32376 32376 D KindleTTS_Service: [KindleTTS_Service] Speaking sentence : 0: ちがうのは値段だ
11-15 22:34:19.472 32376 32404 D KindleTTS_Service: [KindleTTS_Service] TTS started : 0
11-15 22:34:19.830 32376 32376 D KindleTTS_Service: [KindleTTS_Service] OCR retry success : Text found on attempt 0
11-15 22:34:20.514 32376  1123 D KindleTTS_Service: [KindleTTS_Service] OCR schedule tick : isReading: true, isPaused: false, isCapturing: false
11-15 22:34:20.514 32376  1123 D KindleTTS_Service: [KindleTTS_Service] Performing OCR 
11-15 22:34:20.515 32376  1123 D KindleTTS_Service: [KindleTTS_Service] Image acquired : image: false
11-15 22:34:20.515 32376  1123 D KindleTTS_Service: [KindleTTS_Service] No image available from ImageReader 
11-15 22:34:21.240 32376 32400 D KindleTTS_Service: [KindleTTS_Service] TTS completed : 0
11-15 22:34:21.741 32376 32376 D KindleTTS_Service: [KindleTTS_Service] Speaking sentence : 1: ハッピーアワーでは同じ飲み物を安く飲む 」とができる
11-15 22:34:21.845 32376 32400 D KindleTTS_Service: [KindleTTS_Service] TTS started : 1
11-15 22:34:22.514 32376  1123 D KindleTTS_Service: [KindleTTS_Service] OCR schedule tick : isReading: true, isPaused: false, isCapturing: false
11-15 22:34:22.514 32376  1123 D KindleTTS_Service: [KindleTTS_Service] Performing OCR 
11-15 22:34:22.514 32376  1123 D KindleTTS_Service: [KindleTTS_Service] Image acquired : image: true
11-15 22:34:22.514 32376  1123 D KindleTTS_Service: [KindleTTS_Service] Converting image to bitmap 
11-15 22:34:22.514 32376  1123 D KindleTTS_Service: [KindleTTS_Service] convertImageToBitmap : Starting conversion
11-15 22:34:22.516 32376  1123 D KindleTTS_Service: [KindleTTS_Service] Image plane info : pixelStride: 4, rowStride: 4352, padding: 32
11-15 22:34:22.523 32376  1123 D KindleTTS_Service: [KindleTTS_Service] Bitmap created : Time: 9ms
11-15 22:34:22.531 32376  1123 D KindleTTS_Service: [KindleTTS_Service] Bitmap cropped : Time: 16ms, Size: 1080x2400
11-15 22:34:22.531 32376  1123 D KindleTTS_Service: [KindleTTS_Service] v1.0.16 Image Rotation OCR : Starting
11-15 22:34:22.558 32376  1123 D KindleTTS_Service: [KindleTTS_Service] Bitmap rotated : Original: 1080x2400, Rotated: 2400x1080
11-15 22:34:22.558 32376  1123 D KindleTTS_Service: [KindleTTS_Service] Image rotated : 90 degrees clockwise for vertical text
11-15 22:34:23.073 32376  1123 D KindleTTS_Service: [KindleTTS_Service] v1.0.16 completed : Rotated: true, Time: 542ms
11-15 22:34:23.073 32376  1123 D KindleTTS_Service: [KindleTTS_Service] Bitmap conversion completed : Total time: 559ms
11-15 22:34:23.073 32376  1123 D KindleTTS_Service: [KindleTTS_Service] Bitmap created : bitmap: true, size: 9600x4320
11-15 22:34:23.426 32376 32376 D KindleTTS_Service: [KindleTTS_Service] OCR confidence stats : Blocks: 3,
11-15 22:34:23.426 32376 32376 D KindleTTS_Service: Elements: 16,
11-15 22:34:23.426 32376 32376 D KindleTTS_Service: HighConf: 13 (81%),
11-15 22:34:23.426 32376 32376 D KindleTTS_Service: AvgConf: 0.59
11-15 22:34:23.426 32376 32376 D KindleTTS_Service: [KindleTTS_Service] Text orientation : Vertical: false, AvgW: 8361.0, AvgH: 870.0
11-15 22:34:23.426 32376 32376 D KindleTTS_Service: [KindleTTS_Service] OCR success : TextLength: 377,
11-15 22:34:23.426 32376 32376 D KindleTTS_Service: Preview: ちがうのは値段だ。ハッピーアワーでは同じ飲み物を安く飲む 」とができる。だから講要の法則 | なぜだろうか。出れるドリンクはま たく同じだし、客の好みが変わるわけでもない。唯1 | にもかかわらず、バブでの酒,
11-15 22:34:23.426 32376 32376 D KindleTTS_Service: Changed: false
11-15 22:34:23.426 32376 32376 D KindleTTS_Service: [KindleTTS_Service] OCR duplicate : Same text as previous capture
11-15 22:34:24.514 32376  1123 D KindleTTS_Service: [KindleTTS_Service] OCR schedule tick : isReading: true, isPaused: false, isCapturing: false
11-15 22:34:24.514 32376  1123 D KindleTTS_Service: [KindleTTS_Service] Performing OCR 
11-15 22:34:24.515 32376  1123 D KindleTTS_Service: [KindleTTS_Service] Image acquired : image: true
11-15 22:34:24.515 32376  1123 D KindleTTS_Service: [KindleTTS_Service] Converting image to bitmap 
11-15 22:34:24.515 32376  1123 D KindleTTS_Service: [KindleTTS_Service] convertImageToBitmap : Starting conversion
11-15 22:34:24.517 32376  1123 D KindleTTS_Service: [KindleTTS_Service] Image plane info : pixelStride: 4, rowStride: 4352, padding: 32
11-15 22:34:24.524 32376  1123 D KindleTTS_Service: [KindleTTS_Service] Bitmap created : Time: 9ms
11-15 22:34:24.531 32376  1123 D KindleTTS_Service: [KindleTTS_Service] Bitmap cropped : Time: 16ms, Size: 1080x2400
11-15 22:34:24.531 32376  1123 D KindleTTS_Service: [KindleTTS_Service] v1.0.16 Image Rotation OCR : Starting
11-15 22:34:24.558 32376  1123 D KindleTTS_Service: [KindleTTS_Service] Bitmap rotated : Original: 1080x2400, Rotated: 2400x1080
11-15 22:34:24.558 32376  1123 D KindleTTS_Service: [KindleTTS_Service] Image rotated : 90 degrees clockwise for vertical text
11-15 22:34:25.067 32376  1123 D KindleTTS_Service: [KindleTTS_Service] v1.0.16 completed : Rotated: true, Time: 536ms
11-15 22:34:25.067 32376  1123 D KindleTTS_Service: [KindleTTS_Service] Bitmap conversion completed : Total time: 552ms
11-15 22:34:25.068 32376  1123 D KindleTTS_Service: [KindleTTS_Service] Bitmap created : bitmap: true, size: 9600x4320
11-15 22:34:25.388 32376 32376 D KindleTTS_Service: [KindleTTS_Service] OCR confidence stats : Blocks: 3,
11-15 22:34:25.388 32376 32376 D KindleTTS_Service: Elements: 16,
11-15 22:34:25.388 32376 32376 D KindleTTS_Service: HighConf: 13 (81%),
11-15 22:34:25.388 32376 32376 D KindleTTS_Service: AvgConf: 0.59
11-15 22:34:25.388 32376 32376 D KindleTTS_Service: [KindleTTS_Service] Text orientation : Vertical: false, AvgW: 8361.0, AvgH: 870.0
11-15 22:34:25.388 32376 32376 D KindleTTS_Service: [KindleTTS_Service] OCR success : TextLength: 377,
11-15 22:34:25.388 32376 32376 D KindleTTS_Service: Preview: ちがうのは値段だ。ハッピーアワーでは同じ飲み物を安く飲む 」とができる。だから講要の法則 | なぜだろうか。出れるドリンクはま たく同じだし、客の好みが変わるわけでもない。唯1 | にもかかわらず、バブでの酒,
11-15 22:34:25.388 32376 32376 D KindleTTS_Service: Changed: false
11-15 22:34:25.388 32376 32376 D KindleTTS_Service: [KindleTTS_Service] OCR duplicate : Same text as previous capture
11-15 22:34:26.436 32376 32628 D KindleTTS_Service: [KindleTTS_Service] TTS completed : 1
11-15 22:34:26.515 32376  1123 D KindleTTS_Service: [KindleTTS_Service] OCR schedule tick : isReading: true, isPaused: false, isCapturing: false
11-15 22:34:26.515 32376  1123 D KindleTTS_Service: [KindleTTS_Service] Performing OCR 
11-15 22:34:26.515 32376  1123 D KindleTTS_Service: [KindleTTS_Service] Image acquired : image: false
11-15 22:34:26.515 32376  1123 D KindleTTS_Service: [KindleTTS_Service] No image available from ImageReader 
11-15 22:34:26.936 32376 32376 D KindleTTS_Service: [KindleTTS_Service] Speaking sentence : 2: だから講要の法則
11-15 22:34:26.936 32376 32376 D KindleTTS_Service: なぜだろうか
11-15 22:34:27.002 32376 32628 D KindleTTS_Service: [KindleTTS_Service] TTS started : 2
11-15 22:34:28.514 32376  1123 D KindleTTS_Service: [KindleTTS_Service] OCR schedule tick : isReading: true, isPaused: false, isCapturing: false
11-15 22:34:28.514 32376  1123 D KindleTTS_Service: [KindleTTS_Service] Performing OCR 
11-15 22:34:28.515 32376  1123 D KindleTTS_Service: [KindleTTS_Service] Image acquired : image: true
11-15 22:34:28.515 32376  1123 D KindleTTS_Service: [KindleTTS_Service] Converting image to bitmap 
11-15 22:34:28.515 32376  1123 D KindleTTS_Service: [KindleTTS_Service] convertImageToBitmap : Starting conversion
11-15 22:34:28.516 32376  1123 D KindleTTS_Service: [KindleTTS_Service] Image plane info : pixelStride: 4, rowStride: 4352, padding: 32
11-15 22:34:28.525 32376  1123 D KindleTTS_Service: [KindleTTS_Service] Bitmap created : Time: 10ms
11-15 22:34:28.541 32376  1123 D KindleTTS_Service: [KindleTTS_Service] Bitmap cropped : Time: 26ms, Size: 1080x2400
11-15 22:34:28.541 32376  1123 D KindleTTS_Service: [KindleTTS_Service] v1.0.16 Image Rotation OCR : Starting
11-15 22:34:28.575 32376  1123 D KindleTTS_Service: [KindleTTS_Service] Bitmap rotated : Original: 1080x2400, Rotated: 2400x1080
11-15 22:34:28.575 32376  1123 D KindleTTS_Service: [KindleTTS_Service] Image rotated : 90 degrees clockwise for vertical text
11-15 22:34:29.082 32376  1123 D KindleTTS_Service: [KindleTTS_Service] v1.0.16 completed : Rotated: true, Time: 541ms
11-15 22:34:29.082 32376  1123 D KindleTTS_Service: [KindleTTS_Service] Bitmap conversion completed : Total time: 567ms
11-15 22:34:29.082 32376  1123 D KindleTTS_Service: [KindleTTS_Service] Bitmap created : bitmap: true, size: 9600x4320
11-15 22:34:29.513 32376 32376 D KindleTTS_Service: [KindleTTS_Service] OCR confidence stats : Blocks: 3,
11-15 22:34:29.513 32376 32376 D KindleTTS_Service: Elements: 16,
11-15 22:34:29.513 32376 32376 D KindleTTS_Service: HighConf: 13 (81%),
11-15 22:34:29.513 32376 32376 D KindleTTS_Service: AvgConf: 0.59
11-15 22:34:29.513 32376 32376 D KindleTTS_Service: [KindleTTS_Service] Text orientation : Vertical: false, AvgW: 8361.0, AvgH: 870.0
11-15 22:34:29.513 32376 32376 D KindleTTS_Service: [KindleTTS_Service] OCR success : TextLength: 377,
11-15 22:34:29.513 32376 32376 D KindleTTS_Service: Preview: ちがうのは値段だ。ハッピーアワーでは同じ飲み物を安く飲む 」とができる。だから講要の法則 | なぜだろうか。出れるドリンクはま たく同じだし、客の好みが変わるわけでもない。唯1 | にもかかわらず、バブでの酒,
11-15 22:34:29.513 32376 32376 D KindleTTS_Service: Changed: false
11-15 22:34:29.513 32376 32376 D KindleTTS_Service: [KindleTTS_Service] OCR duplicate : Same text as previous capture
11-15 22:34:30.394 32376 32628 D KindleTTS_Service: [KindleTTS_Service] TTS completed : 2
11-15 22:34:30.515 32376  1123 D KindleTTS_Service: [KindleTTS_Service] OCR schedule tick : isReading: true, isPaused: false, isCapturing: false
11-15 22:34:30.515 32376  1123 D KindleTTS_Service: [KindleTTS_Service] Performing OCR 
11-15 22:34:30.515 32376  1123 D KindleTTS_Service: [KindleTTS_Service] Image acquired : image: false
11-15 22:34:30.515 32376  1123 D KindleTTS_Service: [KindleTTS_Service] No image available from ImageReader 
11-15 22:34:30.896 32376 32376 D KindleTTS_Service: [KindleTTS_Service] Speaking sentence : 3: 出れるドリンクはま たく同じだし、客の好みが変わるわけでもない
11-15 22:34:31.027 32376   648 D KindleTTS_Service: [KindleTTS_Service] TTS started : 3
11-15 22:34:32.411 32376 32376 D KindleTTS_MainActivity: [KindleTTS_MainActivity] Checking accessibility service - Expected: com.kindletts.reader/com.kindletts.reader.AutoPageTurnService, Enabled: com.kindletts.reader/com.kindletts.reader.AutoPageTurnService 
11-15 22:34:32.412 32376 32376 D KindleTTS_MainActivity: [KindleTTS_MainActivity] Permission states - Accessibility: true 
11-15 22:34:32.412 32376 32376 D KindleTTS_MainActivity: [KindleTTS_MainActivity] Checking accessibility service - Expected: com.kindletts.reader/com.kindletts.reader.AutoPageTurnService, Enabled: com.kindletts.reader/com.kindletts.reader.AutoPageTurnService 
11-15 22:34:32.412 32376 32376 D KindleTTS_MainActivity: [KindleTTS_MainActivity] Accessibility service enabled: true 
11-15 22:34:32.412 32376 32376 D KindleTTS_MainActivity: [KindleTTS_MainActivity] Checking accessibility service - Expected: com.kindletts.reader/com.kindletts.reader.AutoPageTurnService, Enabled: com.kindletts.reader/com.kindletts.reader.AutoPageTurnService 
11-15 22:34:32.412 32376 32376 D KindleTTS_MainActivity: [KindleTTS_MainActivity] Permission states - Accessibility: true 
11-15 22:34:32.414 32376 32376 D KindleTTS_MainActivity: [KindleTTS_MainActivity] Checking accessibility service - Expected: com.kindletts.reader/com.kindletts.reader.AutoPageTurnService, Enabled: com.kindletts.reader/com.kindletts.reader.AutoPageTurnService 
11-15 22:34:32.514 32376  1123 D KindleTTS_Service: [KindleTTS_Service] OCR schedule tick : isReading: true, isPaused: false, isCapturing: false
11-15 22:34:32.514 32376  1123 D KindleTTS_Service: [KindleTTS_Service] Performing OCR 
11-15 22:34:32.514 32376  1123 D KindleTTS_Service: [KindleTTS_Service] Image acquired : image: true
11-15 22:34:32.514 32376  1123 D KindleTTS_Service: [KindleTTS_Service] Converting image to bitmap 
11-15 22:34:32.514 32376  1123 D KindleTTS_Service: [KindleTTS_Service] convertImageToBitmap : Starting conversion
11-15 22:34:32.515 32376  1123 D KindleTTS_Service: [KindleTTS_Service] Image plane info : pixelStride: 4, rowStride: 4352, padding: 32
11-15 22:34:32.518 32376  1123 D KindleTTS_Service: [KindleTTS_Service] Bitmap created : Time: 4ms
11-15 22:34:32.525 32376  1123 D KindleTTS_Service: [KindleTTS_Service] Bitmap cropped : Time: 11ms, Size: 1080x2400
11-15 22:34:32.525 32376  1123 D KindleTTS_Service: [KindleTTS_Service] v1.0.16 Image Rotation OCR : Starting
11-15 22:34:32.548 32376  1123 D KindleTTS_Service: [KindleTTS_Service] Bitmap rotated : Original: 1080x2400, Rotated: 2400x1080
11-15 22:34:32.548 32376  1123 D KindleTTS_Service: [KindleTTS_Service] Image rotated : 90 degrees clockwise for vertical text
11-15 22:34:33.087 32376  1123 D KindleTTS_Service: [KindleTTS_Service] v1.0.16 completed : Rotated: true, Time: 562ms
11-15 22:34:33.087 32376  1123 D KindleTTS_Service: [KindleTTS_Service] Bitmap conversion completed : Total time: 573ms
11-15 22:34:33.088 32376  1123 D KindleTTS_Service: [KindleTTS_Service] Bitmap created : bitmap: true, size: 9600x4320
11-15 22:34:33.336 32376 32376 D KindleTTS_Service: [KindleTTS_Service] OCR confidence stats : Blocks: 3,
11-15 22:34:33.336 32376 32376 D KindleTTS_Service: Elements: 16,
11-15 22:34:33.336 32376 32376 D KindleTTS_Service: HighConf: 13 (81%),
11-15 22:34:33.336 32376 32376 D KindleTTS_Service: AvgConf: 0.59
11-15 22:34:33.337 32376 32376 D KindleTTS_Service: [KindleTTS_Service] Text orientation : Vertical: false, AvgW: 8361.0, AvgH: 870.0
11-15 22:34:33.337 32376 32376 D KindleTTS_Service: [KindleTTS_Service] OCR success : TextLength: 377,
11-15 22:34:33.337 32376 32376 D KindleTTS_Service: Preview: ちがうのは値段だ。ハッピーアワーでは同じ飲み物を安く飲む 」とができる。だから講要の法則 | なぜだろうか。出れるドリンクはま たく同じだし、客の好みが変わるわけでもない。唯1 | にもかかわらず、バブでの酒,
11-15 22:34:33.337 32376 32376 D KindleTTS_Service: Changed: false
11-15 22:34:33.337 32376 32376 D KindleTTS_Service: [KindleTTS_Service] OCR duplicate : Same text as previous capture
11-15 22:34:34.515 32376  1123 D KindleTTS_Service: [KindleTTS_Service] OCR schedule tick : isReading: true, isPaused: false, isCapturing: false
11-15 22:34:34.515 32376  1123 D KindleTTS_Service: [KindleTTS_Service] Performing OCR 
11-15 22:34:34.515 32376  1123 D KindleTTS_Service: [KindleTTS_Service] Image acquired : image: false
11-15 22:34:34.515 32376  1123 D KindleTTS_Service: [KindleTTS_Service] No image available from ImageReader 
11-15 22:34:36.355 32376 32398 D KindleTTS_Service: [KindleTTS_Service] TTS completed : 3
11-15 22:34:36.514 32376  1123 D KindleTTS_Service: [KindleTTS_Service] OCR schedule tick : isReading: true, isPaused: false, isCapturing: false
11-15 22:34:36.514 32376  1123 D KindleTTS_Service: [KindleTTS_Service] Performing OCR 
11-15 22:34:36.514 32376  1123 D KindleTTS_Service: [KindleTTS_Service] Image acquired : image: false
