11-15 22:34:36.514 32376  1123 D KindleTTS_Service: [KindleTTS_Service] No image available from ImageReader 
11-15 22:34:36.857 32376 32376 D KindleTTS_Service: [KindleTTS_Service] Speaking sentence : 4: 唯1
11-15 22:34:36.857 32376 32376 D KindleTTS_Service: にもかかわらず、バブでの酒頼の売上はくッピーマワーが六割以上を占める行
11-15 22:34:36.913 32376 32398 D KindleTTS_Service: [KindleTTS_Service] TTS started : 4
11-15 22:34:38.515 32376  1123 D KindleTTS_Service: [KindleTTS_Service] OCR schedule tick : isReading: true, isPaused: false, isCapturing: false
11-15 22:34:38.515 32376  1123 D KindleTTS_Service: [KindleTTS_Service] Performing OCR 
11-15 22:34:38.515 32376  1123 D KindleTTS_Service: [KindleTTS_Service] Image acquired : image: false
11-15 22:34:38.515 32376  1123 D KindleTTS_Service: [KindleTTS_Service] No image available from ImageReader 
11-15 22:34:40.515 32376  1123 D KindleTTS_Service: [KindleTTS_Service] OCR schedule tick : isReading: true, isPaused: false, isCapturing: false
11-15 22:34:40.515 32376  1123 D KindleTTS_Service: [KindleTTS_Service] Performing OCR 
11-15 22:34:40.515 32376  1123 D KindleTTS_Service: [KindleTTS_Service] Image acquired : image: false
11-15 22:34:40.515 32376  1123 D KindleTTS_Service: [KindleTTS_Service] No image available from ImageReader 
11-15 22:34:42.515 32376  1123 D KindleTTS_Service: [KindleTTS_Service] OCR schedule tick : isReading: true, isPaused: false, isCapturing: false
11-15 22:34:42.515 32376  1123 D KindleTTS_Service: [KindleTTS_Service] Performing OCR 
11-15 22:34:42.515 32376  1123 D KindleTTS_Service: [KindleTTS_Service] Image acquired : image: false
11-15 22:34:42.515 32376  1123 D KindleTTS_Service: [KindleTTS_Service] No image available from ImageReader 
11-15 22:34:44.514 32376  1123 D KindleTTS_Service: [KindleTTS_Service] OCR schedule tick : isReading: true, isPaused: false, isCapturing: false
11-15 22:34:44.514 32376  1123 D KindleTTS_Service: [KindleTTS_Service] Performing OCR 
11-15 22:34:44.514 32376  1123 D KindleTTS_Service: [KindleTTS_Service] Image acquired : image: false
11-15 22:34:44.514 32376  1123 D KindleTTS_Service: [KindleTTS_Service] No image available from ImageReader 
11-15 22:34:44.660 32376 32398 D KindleTTS_Service: [KindleTTS_Service] TTS completed : 4
11-15 22:34:45.050 32376 32376 D KindleTTS_AutoPageTurn: [KindleTTS_AutoPageTurn] Kindle event detected : 2048
11-15 22:34:45.094 32376 32376 D KindleTTS_AutoPageTurn: [KindleTTS_AutoPageTurn] Kindle event detected : 2048
11-15 22:34:45.122 32376 32376 D KindleTTS_AutoPageTurn: [KindleTTS_AutoPageTurn] Kindle event detected : 32
11-15 22:34:45.160 32376 32376 D KindleTTS_Service: [KindleTTS_Service] Speaking sentence : 5: 商に設定されるのがふつうだ
11-15 22:34:45.228 32376  1724 D KindleTTS_Service: [KindleTTS_Service] TTS started : 5
11-15 22:34:46.515 32376  1123 D KindleTTS_Service: [KindleTTS_Service] OCR schedule tick : isReading: true, isPaused: false, isCapturing: false
11-15 22:34:46.515 32376  1123 D KindleTTS_Service: [KindleTTS_Service] Performing OCR 
11-15 22:34:46.515 32376  1123 D KindleTTS_Service: [KindleTTS_Service] Image acquired : image: true
11-15 22:34:46.515 32376  1123 D KindleTTS_Service: [KindleTTS_Service] Converting image to bitmap 
11-15 22:34:46.515 32376  1123 D KindleTTS_Service: [KindleTTS_Service] convertImageToBitmap : Starting conversion
11-15 22:34:46.517 32376  1123 D KindleTTS_Service: [KindleTTS_Service] Image plane info : pixelStride: 4, rowStride: 4352, padding: 32
11-15 22:34:46.523 32376  1123 D KindleTTS_Service: [KindleTTS_Service] Bitmap created : Time: 8ms
11-15 22:34:46.531 32376  1123 D KindleTTS_Service: [KindleTTS_Service] Bitmap cropped : Time: 16ms, Size: 1080x2400
11-15 22:34:46.531 32376  1123 D KindleTTS_Service: [KindleTTS_Service] v1.0.16 Image Rotation OCR : Starting
11-15 22:34:46.560 32376  1123 D KindleTTS_Service: [KindleTTS_Service] Bitmap rotated : Original: 1080x2400, Rotated: 2400x1080
11-15 22:34:46.560 32376  1123 D KindleTTS_Service: [KindleTTS_Service] Image rotated : 90 degrees clockwise for vertical text
11-15 22:34:47.088 32376  1123 D KindleTTS_Service: [KindleTTS_Service] v1.0.16 completed : Rotated: true, Time: 557ms
11-15 22:34:47.088 32376  1123 D KindleTTS_Service: [KindleTTS_Service] Bitmap conversion completed : Total time: 573ms
11-15 22:34:47.089 32376  1123 D KindleTTS_Service: [KindleTTS_Service] Bitmap created : bitmap: true, size: 9600x4320
11-15 22:34:47.375 32376 32376 D KindleTTS_Service: [KindleTTS_Service] OCR confidence stats : Blocks: 3,
11-15 22:34:47.375 32376 32376 D KindleTTS_Service: Elements: 16,
11-15 22:34:47.375 32376 32376 D KindleTTS_Service: HighConf: 13 (81%),
11-15 22:34:47.375 32376 32376 D KindleTTS_Service: AvgConf: 0.59
11-15 22:34:47.375 32376 32376 D KindleTTS_Service: [KindleTTS_Service] Text orientation : Vertical: false, AvgW: 8361.0, AvgH: 870.0
11-15 22:34:47.375 32376 32376 D KindleTTS_Service: [KindleTTS_Service] OCR success : TextLength: 377,
11-15 22:34:47.375 32376 32376 D KindleTTS_Service: Preview: ちがうのは値段だ。ハッピーアワーでは同じ飲み物を安く飲む 」とができる。だから講要の法則 | なぜだろうか。出れるドリンクはま たく同じだし、客の好みが変わるわけでもない。唯1 | にもかかわらず、バブでの酒,
11-15 22:34:47.375 32376 32376 D KindleTTS_Service: Changed: false
11-15 22:34:47.375 32376 32376 D KindleTTS_Service: [KindleTTS_Service] OCR duplicate : Same text as previous capture
11-15 22:34:47.764 32376  1724 D KindleTTS_Service: [KindleTTS_Service] TTS completed : 5
11-15 22:34:48.265 32376 32376 D KindleTTS_Service: [KindleTTS_Service] Speaking sentence : 6: つまり、みんなが杯やりに行きたくなる時間よりだいぶ早い
11-15 22:34:48.367 32376  1724 D KindleTTS_Service: [KindleTTS_Service] TTS started : 6
11-15 22:34:48.514 32376  1123 D KindleTTS_Service: [KindleTTS_Service] OCR schedule tick : isReading: true, isPaused: false, isCapturing: false
11-15 22:34:48.515 32376  1123 D KindleTTS_Service: [KindleTTS_Service] Performing OCR 
11-15 22:34:48.515 32376  1123 D KindleTTS_Service: [KindleTTS_Service] Image acquired : image: true
11-15 22:34:48.515 32376  1123 D KindleTTS_Service: [KindleTTS_Service] Converting image to bitmap 
11-15 22:34:48.515 32376  1123 D KindleTTS_Service: [KindleTTS_Service] convertImageToBitmap : Starting conversion
11-15 22:34:48.516 32376  1123 D KindleTTS_Service: [KindleTTS_Service] Image plane info : pixelStride: 4, rowStride: 4352, padding: 32
11-15 22:34:48.521 32376  1123 D KindleTTS_Service: [KindleTTS_Service] Bitmap created : Time: 6ms
11-15 22:34:48.529 32376  1123 D KindleTTS_Service: [KindleTTS_Service] Bitmap cropped : Time: 14ms, Size: 1080x2400
11-15 22:34:48.529 32376  1123 D KindleTTS_Service: [KindleTTS_Service] v1.0.16 Image Rotation OCR : Starting
11-15 22:34:48.554 32376  1123 D KindleTTS_Service: [KindleTTS_Service] Bitmap rotated : Original: 1080x2400, Rotated: 2400x1080
11-15 22:34:48.554 32376  1123 D KindleTTS_Service: [KindleTTS_Service] Image rotated : 90 degrees clockwise for vertical text
11-15 22:34:49.061 32376  1123 D KindleTTS_Service: [KindleTTS_Service] v1.0.16 completed : Rotated: true, Time: 532ms
11-15 22:34:49.061 32376  1123 D KindleTTS_Service: [KindleTTS_Service] Bitmap conversion completed : Total time: 546ms
11-15 22:34:49.062 32376  1123 D KindleTTS_Service: [KindleTTS_Service] Bitmap created : bitmap: true, size: 9600x4320
11-15 22:34:49.359 32376 32376 D KindleTTS_Service: [KindleTTS_Service] OCR confidence stats : Blocks: 3,
11-15 22:34:49.359 32376 32376 D KindleTTS_Service: Elements: 16,
11-15 22:34:49.359 32376 32376 D KindleTTS_Service: HighConf: 13 (81%),
11-15 22:34:49.359 32376 32376 D KindleTTS_Service: AvgConf: 0.59
11-15 22:34:49.360 32376 32376 D KindleTTS_Service: [KindleTTS_Service] Text orientation : Vertical: false, AvgW: 8361.0, AvgH: 870.0
11-15 22:34:49.360 32376 32376 D KindleTTS_Service: [KindleTTS_Service] OCR success : TextLength: 377,
11-15 22:34:49.360 32376 32376 D KindleTTS_Service: Preview: ちがうのは値段だ。ハッピーアワーでは同じ飲み物を安く飲む 」とができる。だから講要の法則 | なぜだろうか。出れるドリンクはま たく同じだし、客の好みが変わるわけでもない。唯1 | にもかかわらず、バブでの酒,
11-15 22:34:49.360 32376 32376 D KindleTTS_Service: Changed: false
11-15 22:34:49.360 32376 32376 D KindleTTS_Service: [KindleTTS_Service] OCR duplicate : Same text as previous capture
11-15 22:34:50.515 32376  1123 D KindleTTS_Service: [KindleTTS_Service] OCR schedule tick : isReading: true, isPaused: false, isCapturing: false
11-15 22:34:50.515 32376  1123 D KindleTTS_Service: [KindleTTS_Service] Performing OCR 
11-15 22:34:50.515 32376  1123 D KindleTTS_Service: [KindleTTS_Service] Image acquired : image: true
11-15 22:34:50.515 32376  1123 D KindleTTS_Service: [KindleTTS_Service] Converting image to bitmap 
11-15 22:34:50.515 32376  1123 D KindleTTS_Service: [KindleTTS_Service] convertImageToBitmap : Starting conversion
11-15 22:34:50.517 32376  1123 D KindleTTS_Service: [KindleTTS_Service] Image plane info : pixelStride: 4, rowStride: 4352, padding: 32
11-15 22:34:50.524 32376  1123 D KindleTTS_Service: [KindleTTS_Service] Bitmap created : Time: 9ms
11-15 22:34:50.531 32376  1123 D KindleTTS_Service: [KindleTTS_Service] Bitmap cropped : Time: 16ms, Size: 1080x2400
11-15 22:34:50.531 32376  1123 D KindleTTS_Service: [KindleTTS_Service] v1.0.16 Image Rotation OCR : Starting
11-15 22:34:50.559 32376  1123 D KindleTTS_Service: [KindleTTS_Service] Bitmap rotated : Original: 1080x2400, Rotated: 2400x1080
11-15 22:34:50.560 32376  1123 D KindleTTS_Service: [KindleTTS_Service] Image rotated : 90 degrees clockwise for vertical text
11-15 22:34:51.069 32376  1123 D KindleTTS_Service: [KindleTTS_Service] v1.0.16 completed : Rotated: true, Time: 538ms
11-15 22:34:51.069 32376  1123 D KindleTTS_Service: [KindleTTS_Service] Bitmap conversion completed : Total time: 554ms
11-15 22:34:51.070 32376  1123 D KindleTTS_Service: [KindleTTS_Service] Bitmap created : bitmap: true, size: 9600x4320
11-15 22:34:51.364 32376 32376 D KindleTTS_Service: [KindleTTS_Service] OCR confidence stats : Blocks: 3,
11-15 22:34:51.364 32376 32376 D KindleTTS_Service: Elements: 16,
11-15 22:34:51.364 32376 32376 D KindleTTS_Service: HighConf: 13 (81%),
11-15 22:34:51.364 32376 32376 D KindleTTS_Service: AvgConf: 0.59
11-15 22:34:51.365 32376 32376 D KindleTTS_Service: [KindleTTS_Service] Text orientation : Vertical: false, AvgW: 8361.0, AvgH: 870.0
11-15 22:34:51.365 32376 32376 D KindleTTS_Service: [KindleTTS_Service] OCR success : TextLength: 377,
11-15 22:34:51.365 32376 32376 D KindleTTS_Service: Preview: ちがうのは値段だ。ハッピーアワーでは同じ飲み物を安く飲む 」とができる。だから講要の法則 | なぜだろうか。出れるドリンクはま たく同じだし、客の好みが変わるわけでもない。唯1 | にもかかわらず、バブでの酒,
11-15 22:34:51.365 32376 32376 D KindleTTS_Service: Changed: false
11-15 22:34:51.365 32376 32376 D KindleTTS_Service: [KindleTTS_Service] OCR duplicate : Same text as previous capture
11-15 22:34:52.515 32376  1123 D KindleTTS_Service: [KindleTTS_Service] OCR schedule tick : isReading: true, isPaused: false, isCapturing: false
11-15 22:34:52.515 32376  1123 D KindleTTS_Service: [KindleTTS_Service] Performing OCR 
11-15 22:34:52.515 32376  1123 D KindleTTS_Service: [KindleTTS_Service] Image acquired : image: false
11-15 22:34:52.515 32376  1123 D KindleTTS_Service: [KindleTTS_Service] No image available from ImageReader 
11-15 22:34:53.304 32376   626 D KindleTTS_Service: [KindleTTS_Service] TTS completed : 6
11-15 22:34:53.806 32376 32376 D KindleTTS_Service: [KindleTTS_Service] Speaking sentence : 7: 地元のパブのハッピーアワー(割引タイム) を考えてみよう
11-15 22:34:53.911 32376 32628 D KindleTTS_Service: [KindleTTS_Service] TTS started : 7
11-15 22:34:54.515 32376  1123 D KindleTTS_Service: [KindleTTS_Service] OCR schedule tick : isReading: true, isPaused: false, isCapturing: false
11-15 22:34:54.515 32376  1123 D KindleTTS_Service: [KindleTTS_Service] Performing OCR 
11-15 22:34:54.515 32376  1123 D KindleTTS_Service: [KindleTTS_Service] Image acquired : image: true
11-15 22:34:54.515 32376  1123 D KindleTTS_Service: [KindleTTS_Service] Converting image to bitmap 
11-15 22:34:54.515 32376  1123 D KindleTTS_Service: [KindleTTS_Service] convertImageToBitmap : Starting conversion
11-15 22:34:54.519 32376  1123 D KindleTTS_Service: [KindleTTS_Service] Image plane info : pixelStride: 4, rowStride: 4352, padding: 32
11-15 22:34:54.528 32376  1123 D KindleTTS_Service: [KindleTTS_Service] Bitmap created : Time: 13ms
11-15 22:34:54.536 32376  1123 D KindleTTS_Service: [KindleTTS_Service] Bitmap cropped : Time: 21ms, Size: 1080x2400
11-15 22:34:54.536 32376  1123 D KindleTTS_Service: [KindleTTS_Service] v1.0.16 Image Rotation OCR : Starting
11-15 22:34:54.564 32376  1123 D KindleTTS_Service: [KindleTTS_Service] Bitmap rotated : Original: 1080x2400, Rotated: 2400x1080
11-15 22:34:54.564 32376  1123 D KindleTTS_Service: [KindleTTS_Service] Image rotated : 90 degrees clockwise for vertical text
11-15 22:34:55.075 32376  1123 D KindleTTS_Service: [KindleTTS_Service] v1.0.16 completed : Rotated: true, Time: 539ms
11-15 22:34:55.075 32376  1123 D KindleTTS_Service: [KindleTTS_Service] Bitmap conversion completed : Total time: 560ms
11-15 22:34:55.076 32376  1123 D KindleTTS_Service: [KindleTTS_Service] Bitmap created : bitmap: true, size: 9600x4320
11-15 22:34:55.391 32376 32376 D KindleTTS_Service: [KindleTTS_Service] OCR confidence stats : Blocks: 3,
11-15 22:34:55.391 32376 32376 D KindleTTS_Service: Elements: 16,
11-15 22:34:55.391 32376 32376 D KindleTTS_Service: HighConf: 13 (81%),
11-15 22:34:55.391 32376 32376 D KindleTTS_Service: AvgConf: 0.59
11-15 22:34:55.391 32376 32376 D KindleTTS_Service: [KindleTTS_Service] Text orientation : Vertical: false, AvgW: 8361.0, AvgH: 870.0
11-15 22:34:55.392 32376 32376 D KindleTTS_Service: [KindleTTS_Service] OCR success : TextLength: 377,
11-15 22:34:55.392 32376 32376 D KindleTTS_Service: Preview: ちがうのは値段だ。ハッピーアワーでは同じ飲み物を安く飲む 」とができる。だから講要の法則 | なぜだろうか。出れるドリンクはま たく同じだし、客の好みが変わるわけでもない。唯1 | にもかかわらず、バブでの酒,
11-15 22:34:55.392 32376 32376 D KindleTTS_Service: Changed: false
11-15 22:34:55.392 32376 32376 D KindleTTS_Service: [KindleTTS_Service] OCR duplicate : Same text as previous capture
11-15 22:34:56.515 32376  1123 D KindleTTS_Service: [KindleTTS_Service] OCR schedule tick : isReading: true, isPaused: false, isCapturing: false
11-15 22:34:56.515 32376  1123 D KindleTTS_Service: [KindleTTS_Service] Performing OCR 
11-15 22:34:56.515 32376  1123 D KindleTTS_Service: [KindleTTS_Service] Image acquired : image: false
11-15 22:34:56.515 32376  1123 D KindleTTS_Service: [KindleTTS_Service] No image available from ImageReader 
11-15 22:34:58.515 32376  1123 D KindleTTS_Service: [KindleTTS_Service] OCR schedule tick : isReading: true, isPaused: false, isCapturing: false
11-15 22:34:58.515 32376  1123 D KindleTTS_Service: [KindleTTS_Service] Performing OCR 
11-15 22:34:58.515 32376  1123 D KindleTTS_Service: [KindleTTS_Service] Image acquired : image: false
11-15 22:34:58.515 32376  1123 D KindleTTS_Service: [KindleTTS_Service] No image available from ImageReader 
11-15 22:34:59.171 32376   644 D KindleTTS_Service: [KindleTTS_Service] TTS completed : 7
11-15 22:34:59.672 32376 32376 D KindleTTS_Service: [KindleTTS_Service] Speaking sentence : 8: ハツピーアワーは、夜の早い時
11-15 22:34:59.672 32376 32376 D KindleTTS_Service: タや埋議志究でも裏付けられている則は、紙済学 ではかなり砂ずらしい
11-15 22:34:59.769 32376   626 D KindleTTS_Service: [KindleTTS_Service] TTS started : 8
11-15 22:35:00.514 32376  1123 D KindleTTS_Service: [KindleTTS_Service] OCR schedule tick : isReading: true, isPaused: false, isCapturing: false
11-15 22:35:00.514 32376  1123 D KindleTTS_Service: [KindleTTS_Service] Performing OCR 
11-15 22:35:00.514 32376  1123 D KindleTTS_Service: [KindleTTS_Service] Image acquired : image: true
11-15 22:35:00.514 32376  1123 D KindleTTS_Service: [KindleTTS_Service] Converting image to bitmap 
11-15 22:35:00.515 32376  1123 D KindleTTS_Service: [KindleTTS_Service] convertImageToBitmap : Starting conversion
11-15 22:35:00.517 32376  1123 D KindleTTS_Service: [KindleTTS_Service] Image plane info : pixelStride: 4, rowStride: 4352, padding: 32
11-15 22:35:00.528 32376  1123 D KindleTTS_Service: [KindleTTS_Service] Bitmap created : Time: 13ms
11-15 22:35:00.541 32376  1123 D KindleTTS_Service: [KindleTTS_Service] Bitmap cropped : Time: 26ms, Size: 1080x2400
11-15 22:35:00.541 32376  1123 D KindleTTS_Service: [KindleTTS_Service] v1.0.16 Image Rotation OCR : Starting
11-15 22:35:00.582 32376  1123 D KindleTTS_Service: [KindleTTS_Service] Bitmap rotated : Original: 1080x2400, Rotated: 2400x1080
11-15 22:35:00.582 32376  1123 D KindleTTS_Service: [KindleTTS_Service] Image rotated : 90 degrees clockwise for vertical text
11-15 22:35:01.108 32376  1123 D KindleTTS_Service: [KindleTTS_Service] v1.0.16 completed : Rotated: true, Time: 567ms
11-15 22:35:01.108 32376  1123 D KindleTTS_Service: [KindleTTS_Service] Bitmap conversion completed : Total time: 593ms
11-15 22:35:01.109 32376  1123 D KindleTTS_Service: [KindleTTS_Service] Bitmap created : bitmap: true, size: 9600x4320
11-15 22:35:01.474 32376 32376 D KindleTTS_Service: [KindleTTS_Service] OCR confidence stats : Blocks: 3,
11-15 22:35:01.474 32376 32376 D KindleTTS_Service: Elements: 16,
11-15 22:35:01.474 32376 32376 D KindleTTS_Service: HighConf: 13 (81%),
11-15 22:35:01.474 32376 32376 D KindleTTS_Service: AvgConf: 0.59
11-15 22:35:01.475 32376 32376 D KindleTTS_Service: [KindleTTS_Service] Text orientation : Vertical: false, AvgW: 8361.0, AvgH: 870.0
11-15 22:35:01.475 32376 32376 D KindleTTS_Service: [KindleTTS_Service] OCR success : TextLength: 377,
11-15 22:35:01.475 32376 32376 D KindleTTS_Service: Preview: ちがうのは値段だ。ハッピーアワーでは同じ飲み物を安く飲む 」とができる。だから講要の法則 | なぜだろうか。出れるドリンクはま たく同じだし、客の好みが変わるわけでもない。唯1 | にもかかわらず、バブでの酒,
11-15 22:35:01.475 32376 32376 D KindleTTS_Service: Changed: false
11-15 22:35:01.475 32376 32376 D KindleTTS_Service: [KindleTTS_Service] OCR duplicate : Same text as previous capture
11-15 22:35:02.514 32376  1123 D KindleTTS_Service: [KindleTTS_Service] OCR schedule tick : isReading: true, isPaused: false, isCapturing: false
11-15 22:35:02.514 32376  1123 D KindleTTS_Service: [KindleTTS_Service] Performing OCR 
11-15 22:35:02.515 32376  1123 D KindleTTS_Service: [KindleTTS_Service] Image acquired : image: false
11-15 22:35:02.515 32376  1123 D KindleTTS_Service: [KindleTTS_Service] No image available from ImageReader 
11-15 22:35:04.515 32376  1123 D KindleTTS_Service: [KindleTTS_Service] OCR schedule tick : isReading: true, isPaused: false, isCapturing: false
11-15 22:35:04.515 32376  1123 D KindleTTS_Service: [KindleTTS_Service] Performing OCR 
11-15 22:35:04.515 32376  1123 D KindleTTS_Service: [KindleTTS_Service] Image acquired : image: false
11-15 22:35:04.515 32376  1123 D KindleTTS_Service: [KindleTTS_Service] No image available from ImageReader 
11-15 22:35:06.516 32376  1123 D KindleTTS_Service: [KindleTTS_Service] OCR schedule tick : isReading: true, isPaused: false, isCapturing: false
11-15 22:35:06.516 32376  1123 D KindleTTS_Service: [KindleTTS_Service] Performing OCR 
11-15 22:35:06.516 32376  1123 D KindleTTS_Service: [KindleTTS_Service] Image acquired : image: true
11-15 22:35:06.516 32376  1123 D KindleTTS_Service: [KindleTTS_Service] Converting image to bitmap 
11-15 22:35:06.516 32376  1123 D KindleTTS_Service: [KindleTTS_Service] convertImageToBitmap : Starting conversion
11-15 22:35:06.519 32376  1123 D KindleTTS_Service: [KindleTTS_Service] Image plane info : pixelStride: 4, rowStride: 4352, padding: 32
11-15 22:35:06.530 32376  1123 D KindleTTS_Service: [KindleTTS_Service] Bitmap created : Time: 14ms
11-15 22:35:06.542 32376  1123 D KindleTTS_Service: [KindleTTS_Service] Bitmap cropped : Time: 26ms, Size: 1080x2400
11-15 22:35:06.542 32376  1123 D KindleTTS_Service: [KindleTTS_Service] v1.0.16 Image Rotation OCR : Starting
11-15 22:35:06.574 32376  1123 D KindleTTS_Service: [KindleTTS_Service] Bitmap rotated : Original: 1080x2400, Rotated: 2400x1080
11-15 22:35:06.574 32376  1123 D KindleTTS_Service: [KindleTTS_Service] Image rotated : 90 degrees clockwise for vertical text
11-15 22:35:07.090 32376  1123 D KindleTTS_Service: [KindleTTS_Service] v1.0.16 completed : Rotated: true, Time: 548ms
11-15 22:35:07.090 32376  1123 D KindleTTS_Service: [KindleTTS_Service] Bitmap conversion completed : Total time: 574ms
11-15 22:35:07.091 32376  1123 D KindleTTS_Service: [KindleTTS_Service] Bitmap created : bitmap: true, size: 9600x4320
11-15 22:35:07.575 32376 32376 D KindleTTS_Service: [KindleTTS_Service] OCR confidence stats : Blocks: 3,
11-15 22:35:07.575 32376 32376 D KindleTTS_Service: Elements: 16,
11-15 22:35:07.575 32376 32376 D KindleTTS_Service: HighConf: 13 (81%),
11-15 22:35:07.575 32376 32376 D KindleTTS_Service: AvgConf: 0.59
11-15 22:35:07.575 32376 32376 D KindleTTS_Service: [KindleTTS_Service] Text orientation : Vertical: false, AvgW: 8361.0, AvgH: 870.0
11-15 22:35:07.576 32376 32376 D KindleTTS_Service: [KindleTTS_Service] OCR success : TextLength: 377,
11-15 22:35:07.576 32376 32376 D KindleTTS_Service: Preview: ちがうのは値段だ。ハッピーアワーでは同じ飲み物を安く飲む 」とができる。だから講要の法則 | なぜだろうか。出れるドリンクはま たく同じだし、客の好みが変わるわけでもない。唯1 | にもかかわらず、バブでの酒,
11-15 22:35:07.576 32376 32376 D KindleTTS_Service: Changed: false
11-15 22:35:07.576 32376 32376 D KindleTTS_Service: [KindleTTS_Service] OCR duplicate : Same text as previous capture
11-15 22:35:08.515 32376  1123 D KindleTTS_Service: [KindleTTS_Service] OCR schedule tick : isReading: true, isPaused: false, isCapturing: false
11-15 22:35:08.515 32376  1123 D KindleTTS_Service: [KindleTTS_Service] Performing OCR 
11-15 22:35:08.515 32376  1123 D KindleTTS_Service: [KindleTTS_Service] Image acquired : image: false
11-15 22:35:08.515 32376  1123 D KindleTTS_Service: [KindleTTS_Service] No image available from ImageReader 
11-15 22:35:09.182 32376   626 D KindleTTS_Service: [KindleTTS_Service] TTS completed : 8
11-15 22:35:09.683 32376 32376 D KindleTTS_Service: [KindleTTS_Service] Speaking sentence : 9: 慎下げして売ろうとする のはこのためだ
11-15 22:35:09.785 32376   626 D KindleTTS_Service: [KindleTTS_Service] TTS started : 9
11-15 22:35:10.515 32376  1123 D KindleTTS_Service: [KindleTTS_Service] OCR schedule tick : isReading: true, isPaused: false, isCapturing: false
11-15 22:35:10.515 32376  1123 D KindleTTS_Service: [KindleTTS_Service] Performing OCR 
11-15 22:35:10.515 32376  1123 D KindleTTS_Service: [KindleTTS_Service] Image acquired : image: true
11-15 22:35:10.515 32376  1123 D KindleTTS_Service: [KindleTTS_Service] Converting image to bitmap 
11-15 22:35:10.515 32376  1123 D KindleTTS_Service: [KindleTTS_Service] convertImageToBitmap : Starting conversion
11-15 22:35:10.517 32376  1123 D KindleTTS_Service: [KindleTTS_Service] Image plane info : pixelStride: 4, rowStride: 4352, padding: 32
11-15 22:35:10.528 32376  1123 D KindleTTS_Service: [KindleTTS_Service] Bitmap created : Time: 13ms
11-15 22:35:10.541 32376  1123 D KindleTTS_Service: [KindleTTS_Service] Bitmap cropped : Time: 26ms, Size: 1080x2400
11-15 22:35:10.541 32376  1123 D KindleTTS_Service: [KindleTTS_Service] v1.0.16 Image Rotation OCR : Starting
11-15 22:35:10.579 32376  1123 D KindleTTS_Service: [KindleTTS_Service] Bitmap rotated : Original: 1080x2400, Rotated: 2400x1080
11-15 22:35:10.579 32376  1123 D KindleTTS_Service: [KindleTTS_Service] Image rotated : 90 degrees clockwise for vertical text
11-15 22:35:11.108 32376  1123 D KindleTTS_Service: [KindleTTS_Service] v1.0.16 completed : Rotated: true, Time: 567ms
11-15 22:35:11.108 32376  1123 D KindleTTS_Service: [KindleTTS_Service] Bitmap conversion completed : Total time: 593ms
11-15 22:35:11.109 32376  1123 D KindleTTS_Service: [KindleTTS_Service] Bitmap created : bitmap: true, size: 9600x4320
11-15 22:35:11.514 32376 32376 D KindleTTS_Service: [KindleTTS_Service] OCR confidence stats : Blocks: 3,
11-15 22:35:11.514 32376 32376 D KindleTTS_Service: Elements: 16,
11-15 22:35:11.514 32376 32376 D KindleTTS_Service: HighConf: 13 (81%),
11-15 22:35:11.514 32376 32376 D KindleTTS_Service: AvgConf: 0.59
11-15 22:35:11.514 32376 32376 D KindleTTS_Service: [KindleTTS_Service] Text orientation : Vertical: false, AvgW: 8361.0, AvgH: 870.0
11-15 22:35:11.514 32376 32376 D KindleTTS_Service: [KindleTTS_Service] OCR success : TextLength: 377,
11-15 22:35:11.514 32376 32376 D KindleTTS_Service: Preview: ちがうのは値段だ。ハッピーアワーでは同じ飲み物を安く飲む 」とができる。だから講要の法則 | なぜだろうか。出れるドリンクはま たく同じだし、客の好みが変わるわけでもない。唯1 | にもかかわらず、バブでの酒,
11-15 22:35:11.514 32376 32376 D KindleTTS_Service: Changed: false
11-15 22:35:11.514 32376 32376 D KindleTTS_Service: [KindleTTS_Service] OCR duplicate : Same text as previous capture
11-15 22:35:12.515 32376  1123 D KindleTTS_Service: [KindleTTS_Service] OCR schedule tick : isReading: true, isPaused: false, isCapturing: false
11-15 22:35:12.515 32376  1123 D KindleTTS_Service: [KindleTTS_Service] Performing OCR 
11-15 22:35:12.515 32376  1123 D KindleTTS_Service: [KindleTTS_Service] Image acquired : image: false
11-15 22:35:12.515 32376  1123 D KindleTTS_Service: [KindleTTS_Service] No image available from ImageReader 
11-15 22:35:13.162 32376 32400 D KindleTTS_Service: [KindleTTS_Service] TTS completed : 9
11-15 22:35:13.664 32376 32376 D KindleTTS_Service: [KindleTTS_Service] Speaking sentence : 10: こんなふうに直観的に理解できて、しかも妻官通なデー
11-15 22:35:13.664 32376 32376 D KindleTTS_Service: がるとその財の需酬は小さくなり、がると要は大きくなると教えている
11-15 22:35:13.787 32376 32400 D KindleTTS_Service: [KindleTTS_Service] TTS started : 10
11-15 22:35:14.514 32376  1123 D KindleTTS_Service: [KindleTTS_Service] OCR schedule tick : isReading: true, isPaused: false, isCapturing: false
11-15 22:35:14.514 32376  1123 D KindleTTS_Service: [KindleTTS_Service] Performing OCR 
11-15 22:35:14.514 32376  1123 D KindleTTS_Service: [KindleTTS_Service] Image acquired : image: false
11-15 22:35:14.514 32376  1123 D KindleTTS_Service: [KindleTTS_Service] No image available from ImageReader 
11-15 22:35:16.514 32376  1123 D KindleTTS_Service: [KindleTTS_Service] OCR schedule tick : isReading: true, isPaused: false, isCapturing: false
11-15 22:35:16.514 32376  1123 D KindleTTS_Service: [KindleTTS_Service] Performing OCR 
11-15 22:35:16.514 32376  1123 D KindleTTS_Service: [KindleTTS_Service] Image acquired : image: true
11-15 22:35:16.514 32376  1123 D KindleTTS_Service: [KindleTTS_Service] Converting image to bitmap 
11-15 22:35:16.514 32376  1123 D KindleTTS_Service: [KindleTTS_Service] convertImageToBitmap : Starting conversion
11-15 22:35:16.517 32376  1123 D KindleTTS_Service: [KindleTTS_Service] Image plane info : pixelStride: 4, rowStride: 4352, padding: 32
11-15 22:35:16.528 32376  1123 D KindleTTS_Service: [KindleTTS_Service] Bitmap created : Time: 13ms
11-15 22:35:16.541 32376  1123 D KindleTTS_Service: [KindleTTS_Service] Bitmap cropped : Time: 26ms, Size: 1080x2400
11-15 22:35:16.541 32376  1123 D KindleTTS_Service: [KindleTTS_Service] v1.0.16 Image Rotation OCR : Starting
11-15 22:35:16.574 32376  1123 D KindleTTS_Service: [KindleTTS_Service] Bitmap rotated : Original: 1080x2400, Rotated: 2400x1080
11-15 22:35:16.574 32376  1123 D KindleTTS_Service: [KindleTTS_Service] Image rotated : 90 degrees clockwise for vertical text
11-15 22:35:17.080 32376  1123 D KindleTTS_Service: [KindleTTS_Service] v1.0.16 completed : Rotated: true, Time: 539ms
11-15 22:35:17.080 32376  1123 D KindleTTS_Service: [KindleTTS_Service] Bitmap conversion completed : Total time: 565ms
11-15 22:35:17.081 32376  1123 D KindleTTS_Service: [KindleTTS_Service] Bitmap created : bitmap: true, size: 9600x4320
11-15 22:35:17.479 32376 32376 D KindleTTS_Service: [KindleTTS_Service] OCR confidence stats : Blocks: 3,
11-15 22:35:17.479 32376 32376 D KindleTTS_Service: Elements: 16,
11-15 22:35:17.479 32376 32376 D KindleTTS_Service: HighConf: 13 (81%),
11-15 22:35:17.479 32376 32376 D KindleTTS_Service: AvgConf: 0.59
11-15 22:35:17.479 32376 32376 D KindleTTS_Service: [KindleTTS_Service] Text orientation : Vertical: false, AvgW: 8361.0, AvgH: 870.0
11-15 22:35:17.480 32376 32376 D KindleTTS_Service: [KindleTTS_Service] OCR success : TextLength: 377,
11-15 22:35:17.480 32376 32376 D KindleTTS_Service: Preview: ちがうのは値段だ。ハッピーアワーでは同じ飲み物を安く飲む 」とができる。だから講要の法則 | なぜだろうか。出れるドリンクはま たく同じだし、客の好みが変わるわけでもない。唯1 | にもかかわらず、バブでの酒,
11-15 22:35:17.480 32376 32376 D KindleTTS_Service: Changed: false
11-15 22:35:17.480 32376 32376 D KindleTTS_Service: [KindleTTS_Service] OCR duplicate : Same text as previous capture
11-15 22:35:18.514 32376  1123 D KindleTTS_Service: [KindleTTS_Service] OCR schedule tick : isReading: true, isPaused: false, isCapturing: false
11-15 22:35:18.514 32376  1123 D KindleTTS_Service: [KindleTTS_Service] Performing OCR 
11-15 22:35:18.514 32376  1123 D KindleTTS_Service: [KindleTTS_Service] Image acquired : image: false
11-15 22:35:18.514 32376  1123 D KindleTTS_Service: [KindleTTS_Service] No image available from ImageReader 
11-15 22:35:20.515 32376  1123 D KindleTTS_Service: [KindleTTS_Service] OCR schedule tick : isReading: true, isPaused: false, isCapturing: false
11-15 22:35:20.516 32376  1123 D KindleTTS_Service: [KindleTTS_Service] Performing OCR 
11-15 22:35:20.516 32376  1123 D KindleTTS_Service: [KindleTTS_Service] Image acquired : image: false
11-15 22:35:20.516 32376  1123 D KindleTTS_Service: [KindleTTS_Service] No image available from ImageReader 
11-15 22:35:22.515 32376  1123 D KindleTTS_Service: [KindleTTS_Service] OCR schedule tick : isReading: true, isPaused: false, isCapturing: false
11-15 22:35:22.515 32376  1123 D KindleTTS_Service: [KindleTTS_Service] Performing OCR 
11-15 22:35:22.515 32376  1123 D KindleTTS_Service: [KindleTTS_Service] Image acquired : image: false
11-15 22:35:22.515 32376  1123 D KindleTTS_Service: [KindleTTS_Service] No image available from ImageReader 
11-15 22:35:24.514 32376  1123 D KindleTTS_Service: [KindleTTS_Service] OCR schedule tick : isReading: true, isPaused: false, isCapturing: false
11-15 22:35:24.514 32376  1123 D KindleTTS_Service: [KindleTTS_Service] Performing OCR 
11-15 22:35:24.515 32376  1123 D KindleTTS_Service: [KindleTTS_Service] Image acquired : image: false
11-15 22:35:24.515 32376  1123 D KindleTTS_Service: [KindleTTS_Service] No image available from ImageReader 
11-15 22:35:25.123 32376 32399 D KindleTTS_Service: [KindleTTS_Service] TTS completed : 10
11-15 22:35:25.624 32376 32376 D KindleTTS_Service: [KindleTTS_Service] Speaking sentence : 11: 充れ残りの品を
11-15 22:35:25.624 32376 32376 D KindleTTS_Service: 龍要の法則は、経済学 に おける万有引力の法則のようなものだ
11-15 22:35:25.707 32376 32399 D KindleTTS_Service: [KindleTTS_Service] TTS started : 11
11-15 22:35:26.515 32376  1123 D KindleTTS_Service: [KindleTTS_Service] OCR schedule tick : isReading: true, isPaused: false, isCapturing: false
11-15 22:35:26.515 32376  1123 D KindleTTS_Service: [KindleTTS_Service] Performing OCR 
11-15 22:35:26.515 32376  1123 D KindleTTS_Service: [KindleTTS_Service] Image acquired : image: true
11-15 22:35:26.515 32376  1123 D KindleTTS_Service: [KindleTTS_Service] Converting image to bitmap 
11-15 22:35:26.515 32376  1123 D KindleTTS_Service: [KindleTTS_Service] convertImageToBitmap : Starting conversion
11-15 22:35:26.519 32376  1123 D KindleTTS_Service: [KindleTTS_Service] Image plane info : pixelStride: 4, rowStride: 4352, padding: 32
11-15 22:35:26.541 32376  1123 D KindleTTS_Service: [KindleTTS_Service] Bitmap created : Time: 25ms
11-15 22:35:26.564 32376  1123 D KindleTTS_Service: [KindleTTS_Service] Bitmap cropped : Time: 49ms, Size: 1080x2400
11-15 22:35:26.564 32376  1123 D KindleTTS_Service: [KindleTTS_Service] v1.0.16 Image Rotation OCR : Starting
11-15 22:35:26.601 32376  1123 D KindleTTS_Service: [KindleTTS_Service] Bitmap rotated : Original: 1080x2400, Rotated: 2400x1080
11-15 22:35:26.601 32376  1123 D KindleTTS_Service: [KindleTTS_Service] Image rotated : 90 degrees clockwise for vertical text
11-15 22:35:27.132 32376  1123 D KindleTTS_Service: [KindleTTS_Service] v1.0.16 completed : Rotated: true, Time: 568ms
11-15 22:35:27.132 32376  1123 D KindleTTS_Service: [KindleTTS_Service] Bitmap conversion completed : Total time: 617ms
11-15 22:35:27.133 32376  1123 D KindleTTS_Service: [KindleTTS_Service] Bitmap created : bitmap: true, size: 9600x4320
11-15 22:35:27.490 32376 32376 D KindleTTS_Service: [KindleTTS_Service] OCR confidence stats : Blocks: 3,
11-15 22:35:27.490 32376 32376 D KindleTTS_Service: Elements: 16,
11-15 22:35:27.490 32376 32376 D KindleTTS_Service: HighConf: 13 (81%),
11-15 22:35:27.490 32376 32376 D KindleTTS_Service: AvgConf: 0.59
11-15 22:35:27.490 32376 32376 D KindleTTS_Service: [KindleTTS_Service] Text orientation : Vertical: false, AvgW: 8361.0, AvgH: 870.0
11-15 22:35:27.491 32376 32376 D KindleTTS_Service: [KindleTTS_Service] OCR success : TextLength: 377,
11-15 22:35:27.491 32376 32376 D KindleTTS_Service: Preview: ちがうのは値段だ。ハッピーアワーでは同じ飲み物を安く飲む 」とができる。だから講要の法則 | なぜだろうか。出れるドリンクはま たく同じだし、客の好みが変わるわけでもない。唯1 | にもかかわらず、バブでの酒,
11-15 22:35:27.491 32376 32376 D KindleTTS_Service: Changed: false
11-15 22:35:27.491 32376 32376 D KindleTTS_Service: [KindleTTS_Service] OCR duplicate : Same text as previous capture
11-15 22:35:28.515 32376  1123 D KindleTTS_Service: [KindleTTS_Service] OCR schedule tick : isReading: true, isPaused: false, isCapturing: false
11-15 22:35:28.515 32376  1123 D KindleTTS_Service: [KindleTTS_Service] Performing OCR 
11-15 22:35:28.515 32376  1123 D KindleTTS_Service: [KindleTTS_Service] Image acquired : image: false
11-15 22:35:28.515 32376  1123 D KindleTTS_Service: [KindleTTS_Service] No image available from ImageReader 
11-15 22:35:30.515 32376  1123 D KindleTTS_Service: [KindleTTS_Service] OCR schedule tick : isReading: true, isPaused: false, isCapturing: false
11-15 22:35:30.515 32376  1123 D KindleTTS_Service: [KindleTTS_Service] Performing OCR 
11-15 22:35:30.515 32376  1123 D KindleTTS_Service: [KindleTTS_Service] Image acquired : image: false
11-15 22:35:30.515 32376  1123 D KindleTTS_Service: [KindleTTS_Service] No image available from ImageReader 
11-15 22:35:32.514 32376  1123 D KindleTTS_Service: [KindleTTS_Service] OCR schedule tick : isReading: true, isPaused: false, isCapturing: false
11-15 22:35:32.514 32376  1123 D KindleTTS_Service: [KindleTTS_Service] Performing OCR 
11-15 22:35:32.514 32376  1123 D KindleTTS_Service: [KindleTTS_Service] Image acquired : image: true
11-15 22:35:32.515 32376  1123 D KindleTTS_Service: [KindleTTS_Service] Converting image to bitmap 
11-15 22:35:32.515 32376  1123 D KindleTTS_Service: [KindleTTS_Service] convertImageToBitmap : Starting conversion
11-15 22:35:32.517 32376  1123 D KindleTTS_Service: [KindleTTS_Service] Image plane info : pixelStride: 4, rowStride: 4352, padding: 32
11-15 22:35:32.528 32376  1123 D KindleTTS_Service: [KindleTTS_Service] Bitmap created : Time: 13ms
11-15 22:35:32.541 32376  1123 D KindleTTS_Service: [KindleTTS_Service] Bitmap cropped : Time: 26ms, Size: 1080x2400
11-15 22:35:32.541 32376  1123 D KindleTTS_Service: [KindleTTS_Service] v1.0.16 Image Rotation OCR : Starting
11-15 22:35:32.577 32376  1123 D KindleTTS_Service: [KindleTTS_Service] Bitmap rotated : Original: 1080x2400, Rotated: 2400x1080
11-15 22:35:32.577 32376  1123 D KindleTTS_Service: [KindleTTS_Service] Image rotated : 90 degrees clockwise for vertical text
11-15 22:35:33.095 32376  1123 D KindleTTS_Service: [KindleTTS_Service] v1.0.16 completed : Rotated: true, Time: 554ms
11-15 22:35:33.095 32376  1123 D KindleTTS_Service: [KindleTTS_Service] Bitmap conversion completed : Total time: 580ms
11-15 22:35:33.096 32376  1123 D KindleTTS_Service: [KindleTTS_Service] Bitmap created : bitmap: true, size: 9600x4320
11-15 22:35:33.593 32376 32376 D KindleTTS_Service: [KindleTTS_Service] OCR confidence stats : Blocks: 3,
11-15 22:35:33.593 32376 32376 D KindleTTS_Service: Elements: 16,
11-15 22:35:33.593 32376 32376 D KindleTTS_Service: HighConf: 13 (81%),
11-15 22:35:33.593 32376 32376 D KindleTTS_Service: AvgConf: 0.59
11-15 22:35:33.593 32376 32376 D KindleTTS_Service: [KindleTTS_Service] Text orientation : Vertical: false, AvgW: 8361.0, AvgH: 870.0
11-15 22:35:33.594 32376 32376 D KindleTTS_Service: [KindleTTS_Service] OCR success : TextLength: 377,
11-15 22:35:33.594 32376 32376 D KindleTTS_Service: Preview: ちがうのは値段だ。ハッピーアワーでは同じ飲み物を安く飲む 」とができる。だから講要の法則 | なぜだろうか。出れるドリンクはま たく同じだし、客の好みが変わるわけでもない。唯1 | にもかかわらず、バブでの酒,
11-15 22:35:33.594 32376 32376 D KindleTTS_Service: Changed: false
11-15 22:35:33.594 32376 32376 D KindleTTS_Service: [KindleTTS_Service] OCR duplicate : Same text as previous capture
11-15 22:35:33.821 32376   626 D KindleTTS_Service: [KindleTTS_Service] TTS completed : 11
11-15 22:35:34.322 32376 32376 D KindleTTS_Service: [KindleTTS_Service] Speaking sentence : 12: 「電要の法則」は、画格が上
11-15 22:35:34.420 32376   644 D KindleTTS_Service: [KindleTTS_Service] TTS started : 12
11-15 22:35:34.515 32376  1123 D KindleTTS_Service: [KindleTTS_Service] OCR schedule tick : isReading: true, isPaused: false, isCapturing: false
11-15 22:35:34.515 32376  1123 D KindleTTS_Service: [KindleTTS_Service] Performing OCR 
11-15 22:35:34.515 32376  1123 D KindleTTS_Service: [KindleTTS_Service] Image acquired : image: false
11-15 22:35:34.515 32376  1123 D KindleTTS_Service: [KindleTTS_Service] No image available from ImageReader 
11-15 22:35:36.515 32376  1123 D KindleTTS_Service: [KindleTTS_Service] OCR schedule tick : isReading: true, isPaused: false, isCapturing: false
11-15 22:35:36.515 32376  1123 D KindleTTS_Service: [KindleTTS_Service] Performing OCR 
11-15 22:35:36.515 32376  1123 D KindleTTS_Service: [KindleTTS_Service] Image acquired : image: false
11-15 22:35:36.515 32376  1123 D KindleTTS_Service: [KindleTTS_Service] No image available from ImageReader 
11-15 22:35:37.812 32376 32399 D KindleTTS_Service: [KindleTTS_Service] TTS completed : 12
11-15 22:35:38.514 32376  1123 D KindleTTS_Service: [KindleTTS_Service] OCR schedule tick : isReading: true, isPaused: false, isCapturing: false
11-15 22:35:38.514 32376  1123 D KindleTTS_Service: [KindleTTS_Service] Performing OCR 
11-15 22:35:38.514 32376  1123 D KindleTTS_Service: [KindleTTS_Service] Image acquired : image: false
11-15 22:35:38.514 32376  1123 D KindleTTS_Service: [KindleTTS_Service] No image available from ImageReader 
11-15 22:35:39.812 32376 32376 D KindleTTS_Service: [KindleTTS_Service] Next page : direction: left_to_next
11-15 22:35:39.814 32376 32376 D KindleTTS_Service: [KindleTTS_Service] State reset : sentences cleared, index reset to 0, TTS stopped
11-15 22:35:39.816 32376 32376 D KindleTTS_AutoPageTurn: [KindleTTS_AutoPageTurn] onStartCommand called : action: PREVIOUS_PAGE, hasIntent: true
11-15 22:35:39.816 32376 32376 D KindleTTS_AutoPageTurn: [KindleTTS_AutoPageTurn] Executing PREVIOUS_PAGE action 
11-15 22:35:39.816 32376 32376 D KindleTTS_AutoPageTurn: [KindleTTS_AutoPageTurn] Performing previous page gesture 
11-15 22:35:39.827 32376 32376 D KindleTTS_AutoPageTurn: [KindleTTS_AutoPageTurn] Current app package : com.amazon.kindle (Kindle: true)
11-15 22:35:39.827 32376 32376 D KindleTTS_AutoPageTurn: [KindleTTS_AutoPageTurn] Previous page swipe : from (216.0, 1200.0) to (864.0, 1200.0)
11-15 22:35:39.988 32376 32376 D KindleTTS_AutoPageTurn: [KindleTTS_AutoPageTurn] Kindle event detected : 2048
11-15 22:35:40.136 32376 32376 D KindleTTS_AutoPageTurn: [KindleTTS_AutoPageTurn] Swipe gesture completed : from (216.0, 1200.0) to (864.0, 1200.0)
11-15 22:35:40.516 32376  1123 D KindleTTS_Service: [KindleTTS_Service] OCR schedule tick : isReading: true, isPaused: false, isCapturing: false
11-15 22:35:40.516 32376  1123 D KindleTTS_Service: [KindleTTS_Service] Performing OCR 
11-15 22:35:40.516 32376  1123 D KindleTTS_Service: [KindleTTS_Service] Image acquired : image: true
11-15 22:35:40.516 32376  1123 D KindleTTS_Service: [KindleTTS_Service] Converting image to bitmap 
11-15 22:35:40.516 32376  1123 D KindleTTS_Service: [KindleTTS_Service] convertImageToBitmap : Starting conversion
11-15 22:35:40.518 32376  1123 D KindleTTS_Service: [KindleTTS_Service] Image plane info : pixelStride: 4, rowStride: 4352, padding: 32
11-15 22:35:40.524 32376  1123 D KindleTTS_Service: [KindleTTS_Service] Bitmap created : Time: 8ms
11-15 22:35:40.532 32376  1123 D KindleTTS_Service: [KindleTTS_Service] Bitmap cropped : Time: 16ms, Size: 1080x2400
11-15 22:35:40.533 32376  1123 D KindleTTS_Service: [KindleTTS_Service] v1.0.16 Image Rotation OCR : Starting
11-15 22:35:40.563 32376  1123 D KindleTTS_Service: [KindleTTS_Service] Bitmap rotated : Original: 1080x2400, Rotated: 2400x1080
11-15 22:35:40.563 32376  1123 D KindleTTS_Service: [KindleTTS_Service] Image rotated : 90 degrees clockwise for vertical text
11-15 22:35:41.059 32376  1123 D KindleTTS_Service: [KindleTTS_Service] v1.0.16 completed : Rotated: true, Time: 526ms
11-15 22:35:41.059 32376  1123 D KindleTTS_Service: [KindleTTS_Service] Bitmap conversion completed : Total time: 543ms
11-15 22:35:41.060 32376  1123 D KindleTTS_Service: [KindleTTS_Service] Bitmap created : bitmap: true, size: 9600x4320
11-15 22:35:41.292 32376 32376 D KindleTTS_Service: [KindleTTS_Service] OCR confidence stats : Blocks: 5,
11-15 22:35:41.292 32376 32376 D KindleTTS_Service: Elements: 12,
11-15 22:35:41.292 32376 32376 D KindleTTS_Service: HighConf: 12 (100%),
11-15 22:35:41.292 32376 32376 D KindleTTS_Service: AvgConf: 0.56
11-15 22:35:41.292 32376 32376 D KindleTTS_Service: [KindleTTS_Service] Text orientation : Vertical: false, AvgW: 6343.2, AvgH: 399.4
11-15 22:35:41.292 32376 32376 D KindleTTS_Service: [KindleTTS_Service] OCR success : TextLength: 301,
11-15 22:35:41.292 32376 32376 D KindleTTS_Service: Preview: 第二に、再将の下がった品物は、他のものより魅力的になる。そこであなたは他のものを買う | の所得が増えたのと同じことだ。そで、これを「所得祝歌(income effect)」Aぶ。 | る。つまり、一 ○ボン,
11-15 22:35:41.292 32376 32376 D KindleTTS_Service: Changed: true
11-15 22:35:41.292 32376 32376 D KindleTTS_Service: [KindleTTS_Service] Speaking : Total sentences: 8
11-15 22:35:41.293 32376 32376 D KindleTTS_Service: [KindleTTS_Service] Speaking sentences : Count: 8
11-15 22:35:41.293 32376 32376 D KindleTTS_Service: [KindleTTS_Service] Speaking sentence : 0: 第二に、再将の下がった品物は、他のものより魅力的になる
11-15 22:35:41.383 32376 32398 D KindleTTS_Service: [KindleTTS_Service] TTS started : 0
11-15 22:35:42.317 32376 32376 D KindleTTS_Service: [KindleTTS_Service] Performing OCR 
11-15 22:35:42.318 32376 32376 D KindleTTS_Service: [KindleTTS_Service] Image acquired : image: true
11-15 22:35:42.318 32376 32376 D KindleTTS_Service: [KindleTTS_Service] Converting image to bitmap 
11-15 22:35:42.318 32376 32376 D KindleTTS_Service: [KindleTTS_Service] convertImageToBitmap : Starting conversion
11-15 22:35:42.322 32376 32376 D KindleTTS_Service: [KindleTTS_Service] Image plane info : pixelStride: 4, rowStride: 4352, padding: 32
11-15 22:35:42.339 32376 32376 D KindleTTS_Service: [KindleTTS_Service] Bitmap created : Time: 21ms
11-15 22:35:42.356 32376 32376 D KindleTTS_Service: [KindleTTS_Service] Bitmap cropped : Time: 38ms, Size: 1080x2400
11-15 22:35:42.356 32376 32376 D KindleTTS_Service: [KindleTTS_Service] v1.0.16 Image Rotation OCR : Starting
11-15 22:35:42.394 32376 32376 D KindleTTS_Service: [KindleTTS_Service] Bitmap rotated : Original: 1080x2400, Rotated: 2400x1080
11-15 22:35:42.394 32376 32376 D KindleTTS_Service: [KindleTTS_Service] Image rotated : 90 degrees clockwise for vertical text
11-15 22:35:42.514 32376  1123 D KindleTTS_Service: [KindleTTS_Service] OCR schedule tick : isReading: true, isPaused: false, isCapturing: true
11-15 22:35:42.514 32376  1123 D KindleTTS_Service: [KindleTTS_Service] Skipping OCR : Conditions not met
11-15 22:35:42.907 32376 32376 D KindleTTS_Service: [KindleTTS_Service] v1.0.16 completed : Rotated: true, Time: 551ms
11-15 22:35:42.907 32376 32376 D KindleTTS_Service: [KindleTTS_Service] Bitmap conversion completed : Total time: 589ms
11-15 22:35:42.908 32376 32376 D KindleTTS_Service: [KindleTTS_Service] Bitmap created : bitmap: true, size: 9600x4320
11-15 22:35:43.195 32376 32376 D KindleTTS_Service: [KindleTTS_Service] OCR confidence stats : Blocks: 5,
11-15 22:35:43.195 32376 32376 D KindleTTS_Service: Elements: 12,
11-15 22:35:43.195 32376 32376 D KindleTTS_Service: HighConf: 12 (100%),
11-15 22:35:43.195 32376 32376 D KindleTTS_Service: AvgConf: 0.56
11-15 22:35:43.195 32376 32376 D KindleTTS_Service: [KindleTTS_Service] Text orientation : Vertical: false, AvgW: 6343.2, AvgH: 399.4
11-15 22:35:43.195 32376 32376 D KindleTTS_Service: [KindleTTS_Service] OCR success : TextLength: 301,
11-15 22:35:43.195 32376 32376 D KindleTTS_Service: Preview: 第二に、再将の下がった品物は、他のものより魅力的になる。そこであなたは他のものを買う | の所得が増えたのと同じことだ。そで、これを「所得祝歌(income effect)」Aぶ。 | る。つまり、一 ○ボン,
11-15 22:35:43.195 32376 32376 D KindleTTS_Service: Changed: false
11-15 22:35:43.195 32376 32376 D KindleTTS_Service: [KindleTTS_Service] OCR duplicate : Same text as previous capture
11-15 22:35:43.409 32376 32376 D KindleTTS_Service: [KindleTTS_Service] OCR retry success : Text found on attempt 0
11-15 22:35:44.514 32376  1123 D KindleTTS_Service: [KindleTTS_Service] OCR schedule tick : isReading: true, isPaused: false, isCapturing: false
11-15 22:35:44.514 32376  1123 D KindleTTS_Service: [KindleTTS_Service] Performing OCR 
11-15 22:35:44.514 32376  1123 D KindleTTS_Service: [KindleTTS_Service] Image acquired : image: false
11-15 22:35:44.514 32376  1123 D KindleTTS_Service: [KindleTTS_Service] No image available from ImageReader 
11-15 22:35:46.515 32376  1123 D KindleTTS_Service: [KindleTTS_Service] OCR schedule tick : isReading: true, isPaused: false, isCapturing: false
11-15 22:35:46.515 32376  1123 D KindleTTS_Service: [KindleTTS_Service] Performing OCR 
11-15 22:35:46.515 32376  1123 D KindleTTS_Service: [KindleTTS_Service] Image acquired : image: true
11-15 22:35:46.515 32376  1123 D KindleTTS_Service: [KindleTTS_Service] Converting image to bitmap 
11-15 22:35:46.515 32376  1123 D KindleTTS_Service: [KindleTTS_Service] convertImageToBitmap : Starting conversion
11-15 22:35:46.518 32376  1123 D KindleTTS_Service: [KindleTTS_Service] Image plane info : pixelStride: 4, rowStride: 4352, padding: 32
11-15 22:35:46.528 32376  1123 D KindleTTS_Service: [KindleTTS_Service] Bitmap created : Time: 12ms
11-15 22:35:46.536 32376  1123 D KindleTTS_Service: [KindleTTS_Service] Bitmap cropped : Time: 21ms, Size: 1080x2400
11-15 22:35:46.536 32376  1123 D KindleTTS_Service: [KindleTTS_Service] v1.0.16 Image Rotation OCR : Starting
11-15 22:35:46.564 32376  1123 D KindleTTS_Service: [KindleTTS_Service] Bitmap rotated : Original: 1080x2400, Rotated: 2400x1080
11-15 22:35:46.564 32376  1123 D KindleTTS_Service: [KindleTTS_Service] Image rotated : 90 degrees clockwise for vertical text
11-15 22:35:47.053 32376 32400 D KindleTTS_Service: [KindleTTS_Service] TTS completed : 0
11-15 22:35:47.068 32376  1123 D KindleTTS_Service: [KindleTTS_Service] v1.0.16 completed : Rotated: true, Time: 532ms
11-15 22:35:47.069 32376  1123 D KindleTTS_Service: [KindleTTS_Service] Bitmap conversion completed : Total time: 554ms
11-15 22:35:47.069 32376  1123 D KindleTTS_Service: [KindleTTS_Service] Bitmap created : bitmap: true, size: 9600x4320
11-15 22:35:47.340 32376 32376 D KindleTTS_Service: [KindleTTS_Service] OCR confidence stats : Blocks: 5,
11-15 22:35:47.340 32376 32376 D KindleTTS_Service: Elements: 12,
11-15 22:35:47.340 32376 32376 D KindleTTS_Service: HighConf: 12 (100%),
11-15 22:35:47.340 32376 32376 D KindleTTS_Service: AvgConf: 0.56
11-15 22:35:47.340 32376 32376 D KindleTTS_Service: [KindleTTS_Service] Text orientation : Vertical: false, AvgW: 6343.2, AvgH: 399.4
11-15 22:35:47.340 32376 32376 D KindleTTS_Service: [KindleTTS_Service] OCR success : TextLength: 301,
11-15 22:35:47.340 32376 32376 D KindleTTS_Service: Preview: 第二に、再将の下がった品物は、他のものより魅力的になる。そこであなたは他のものを買う | の所得が増えたのと同じことだ。そで、これを「所得祝歌(income effect)」Aぶ。 | る。つまり、一 ○ボン,
11-15 22:35:47.340 32376 32376 D KindleTTS_Service: Changed: false
11-15 22:35:47.340 32376 32376 D KindleTTS_Service: [KindleTTS_Service] OCR duplicate : Same text as previous capture
11-15 22:35:47.553 32376 32376 D KindleTTS_Service: [KindleTTS_Service] Speaking sentence : 1: そこであなたは他のものを買う
11-15 22:35:47.553 32376 32376 D KindleTTS_Service: の所得が増えたのと同じことだ
11-15 22:35:47.631 32376 32400 D KindleTTS_Service: [KindleTTS_Service] TTS started : 1
11-15 22:35:48.515 32376  1123 D KindleTTS_Service: [KindleTTS_Service] OCR schedule tick : isReading: true, isPaused: false, isCapturing: false
11-15 22:35:48.515 32376  1123 D KindleTTS_Service: [KindleTTS_Service] Performing OCR 
11-15 22:35:48.516 32376  1123 D KindleTTS_Service: [KindleTTS_Service] Image acquired : image: true
11-15 22:35:48.516 32376  1123 D KindleTTS_Service: [KindleTTS_Service] Converting image to bitmap 
11-15 22:35:48.516 32376  1123 D KindleTTS_Service: [KindleTTS_Service] convertImageToBitmap : Starting conversion
11-15 22:35:48.518 32376  1123 D KindleTTS_Service: [KindleTTS_Service] Image plane info : pixelStride: 4, rowStride: 4352, padding: 32
11-15 22:35:48.527 32376  1123 D KindleTTS_Service: [KindleTTS_Service] Bitmap created : Time: 11ms
11-15 22:35:48.536 32376  1123 D KindleTTS_Service: [KindleTTS_Service] Bitmap cropped : Time: 20ms, Size: 1080x2400
11-15 22:35:48.536 32376  1123 D KindleTTS_Service: [KindleTTS_Service] v1.0.16 Image Rotation OCR : Starting
11-15 22:35:48.564 32376  1123 D KindleTTS_Service: [KindleTTS_Service] Bitmap rotated : Original: 1080x2400, Rotated: 2400x1080
11-15 22:35:48.564 32376  1123 D KindleTTS_Service: [KindleTTS_Service] Image rotated : 90 degrees clockwise for vertical text
11-15 22:35:49.068 32376  1123 D KindleTTS_Service: [KindleTTS_Service] v1.0.16 completed : Rotated: true, Time: 532ms
11-15 22:35:49.068 32376  1123 D KindleTTS_Service: [KindleTTS_Service] Bitmap conversion completed : Total time: 552ms
11-15 22:35:49.069 32376  1123 D KindleTTS_Service: [KindleTTS_Service] Bitmap created : bitmap: true, size: 9600x4320
11-15 22:35:49.365 32376 32376 D KindleTTS_Service: [KindleTTS_Service] OCR confidence stats : Blocks: 5,
11-15 22:35:49.365 32376 32376 D KindleTTS_Service: Elements: 12,
11-15 22:35:49.365 32376 32376 D KindleTTS_Service: HighConf: 12 (100%),
11-15 22:35:49.365 32376 32376 D KindleTTS_Service: AvgConf: 0.56
