--------- beginning of main
11-15 22:31:33.859 32376 32376 D KindleTTS_AutoPageTurn: [KindleTTS_AutoPageTurn] AutoPageTurnService connected 
11-15 22:31:34.451 32376 32376 D KindleTTS_MainActivity: [KindleTTS_MainActivity] MainActivity created 
11-15 22:31:34.478 32376 32376 D KindleTTS_MainActivity: [KindleTTS_MainActivity] Settings saved 
11-15 22:31:34.478 32376 32376 D KindleTTS_MainActivity: [KindleTTS_MainActivity] Page direction changed : left_to_next
11-15 22:31:34.478 32376 32376 D KindleTTS_MainActivity: [KindleTTS_MainActivity] Settings loaded - Speed: 1.0, AutoPageTurn: true, PageDirection: left_to_next 
11-15 22:31:34.479 32376 32376 D KindleTTS_MainActivity: [KindleTTS_MainActivity] Checking accessibility service - Expected: com.kindletts.reader/com.kindletts.reader.AutoPageTurnService, Enabled: com.kindletts.reader/com.kindletts.reader.AutoPageTurnService 
11-15 22:31:34.480 32376 32376 D KindleTTS_MainActivity: [KindleTTS_MainActivity] Permission states - Accessibility: true 
11-15 22:31:34.480 32376 32376 D KindleTTS_MainActivity: [KindleTTS_MainActivity] Checking accessibility service - Expected: com.kindletts.reader/com.kindletts.reader.AutoPageTurnService, Enabled: com.kindletts.reader/com.kindletts.reader.AutoPageTurnService 
11-15 22:31:34.480 32376 32376 D KindleTTS_MainActivity: [KindleTTS_MainActivity] MainActivity initialization completed 
11-15 22:31:34.483 32376 32376 D KindleTTS_MainActivity: [KindleTTS_MainActivity] Checking accessibility service - Expected: com.kindletts.reader/com.kindletts.reader.AutoPageTurnService, Enabled: com.kindletts.reader/com.kindletts.reader.AutoPageTurnService 
11-15 22:31:34.483 32376 32376 D KindleTTS_MainActivity: [KindleTTS_MainActivity] Permission states - Accessibility: true 
11-15 22:31:34.483 32376 32376 D KindleTTS_MainActivity: [KindleTTS_MainActivity] Checking accessibility service - Expected: com.kindletts.reader/com.kindletts.reader.AutoPageTurnService, Enabled: com.kindletts.reader/com.kindletts.reader.AutoPageTurnService 
11-15 22:31:34.483 32376 32376 D KindleTTS_MainActivity: [KindleTTS_MainActivity] Accessibility service enabled: true 
11-15 22:31:34.483 32376 32376 D KindleTTS_MainActivity: [KindleTTS_MainActivity] Checking accessibility service - Expected: com.kindletts.reader/com.kindletts.reader.AutoPageTurnService, Enabled: com.kindletts.reader/com.kindletts.reader.AutoPageTurnService 
11-15 22:31:34.483 32376 32376 D KindleTTS_MainActivity: [KindleTTS_MainActivity] Permission states - Accessibility: true 
11-15 22:31:34.483 32376 32376 D KindleTTS_MainActivity: [KindleTTS_MainActivity] Checking accessibility service - Expected: com.kindletts.reader/com.kindletts.reader.AutoPageTurnService, Enabled: com.kindletts.reader/com.kindletts.reader.AutoPageTurnService 
11-15 22:31:35.391 32376 32376 D KindleTTS_MainActivity: [KindleTTS_MainActivity] TTS initialized successfully with Japanese 
11-15 22:31:35.391 32376 32376 D KindleTTS_MainActivity: [KindleTTS_MainActivity] Status updated: 準備完了 
11-15 22:32:10.803 32376 32376 D KindleTTS_MainActivity: [KindleTTS_MainActivity] Checking accessibility service - Expected: com.kindletts.reader/com.kindletts.reader.AutoPageTurnService, Enabled: com.kindletts.reader/com.kindletts.reader.AutoPageTurnService 
11-15 22:32:10.803 32376 32376 D KindleTTS_MainActivity: [KindleTTS_MainActivity] Starting reading mode 
11-15 22:32:10.804 32376 32376 D KindleTTS_MainActivity: [KindleTTS_MainActivity] OverlayService not running, requesting screen capture 
11-15 22:32:10.804 32376 32376 D KindleTTS_MainActivity: [KindleTTS_MainActivity] Requesting screen capture permission 
11-15 22:32:15.842 32376 32376 D KindleTTS_MainActivity: [KindleTTS_MainActivity] Starting overlay service with screen capture data and auto-start reading 
11-15 22:32:15.845 32376 32376 D KindleTTS_MainActivity: [KindleTTS_MainActivity] Checking accessibility service - Expected: com.kindletts.reader/com.kindletts.reader.AutoPageTurnService, Enabled: com.kindletts.reader/com.kindletts.reader.AutoPageTurnService 
11-15 22:32:15.845 32376 32376 D KindleTTS_MainActivity: [KindleTTS_MainActivity] Permission states - Accessibility: true 
11-15 22:32:15.845 32376 32376 D KindleTTS_MainActivity: [KindleTTS_MainActivity] Checking accessibility service - Expected: com.kindletts.reader/com.kindletts.reader.AutoPageTurnService, Enabled: com.kindletts.reader/com.kindletts.reader.AutoPageTurnService 
11-15 22:32:15.845 32376 32376 D KindleTTS_MainActivity: [KindleTTS_MainActivity] Accessibility service enabled: true 
11-15 22:32:15.845 32376 32376 D KindleTTS_MainActivity: [KindleTTS_MainActivity] Checking accessibility service - Expected: com.kindletts.reader/com.kindletts.reader.AutoPageTurnService, Enabled: com.kindletts.reader/com.kindletts.reader.AutoPageTurnService 
11-15 22:32:15.845 32376 32376 D KindleTTS_MainActivity: [KindleTTS_MainActivity] Permission states - Accessibility: true 
11-15 22:32:15.846 32376 32376 D KindleTTS_MainActivity: [KindleTTS_MainActivity] Checking accessibility service - Expected: com.kindletts.reader/com.kindletts.reader.AutoPageTurnService, Enabled: com.kindletts.reader/com.kindletts.reader.AutoPageTurnService 
11-15 22:32:15.853 32376 32376 D KindleTTS_Service: [KindleTTS_Service] OverlayService created 
11-15 22:32:15.865 32376 32376 D KindleTTS_Service: [KindleTTS_Service] Screen metrics : Width: 1080, Height: 2400
11-15 22:32:15.874 32376 32376 D KindleTTS_Service: [KindleTTS_Service] OverlayService initialization completed 
11-15 22:32:15.874 32376 32376 D KindleTTS_Service: [KindleTTS_Service] onStartCommand called : START_SERVICE_AND_READING
11-15 22:32:15.874 32376 32376 D KindleTTS_Service: [KindleTTS_Service] Starting screen capture 
11-15 22:32:15.924 32376 32376 D KindleTTS_Service: [KindleTTS_Service] Screen capture started successfully 
11-15 22:32:15.938 32376 32376 D KindleTTS_Service: [KindleTTS_Service] Overlay created successfully 
11-15 22:32:15.974 32376 32376 D KindleTTS_Service: [KindleTTS_Service] TTS initialized successfully 
11-15 22:32:16.137 32376 32376 D KindleTTS_AutoPageTurn: [KindleTTS_AutoPageTurn] Kindle event detected : 32
11-15 22:32:16.345 32376 32376 D KindleTTS_MainActivity: [KindleTTS_MainActivity] Checking accessibility service - Expected: com.kindletts.reader/com.kindletts.reader.AutoPageTurnService, Enabled: com.kindletts.reader/com.kindletts.reader.AutoPageTurnService 
11-15 22:32:16.346 32376 32376 D KindleTTS_MainActivity: [KindleTTS_MainActivity] Permission states - Accessibility: true 
11-15 22:32:16.346 32376 32376 D KindleTTS_MainActivity: [KindleTTS_MainActivity] Checking accessibility service - Expected: com.kindletts.reader/com.kindletts.reader.AutoPageTurnService, Enabled: com.kindletts.reader/com.kindletts.reader.AutoPageTurnService 
11-15 22:32:16.347 32376 32376 D KindleTTS_MainActivity: [KindleTTS_MainActivity] Status updated: 読み上げ中... 
11-15 22:32:16.408 32376 32376 D KindleTTS_AutoPageTurn: [KindleTTS_AutoPageTurn] Kindle event detected : 2048
11-15 22:32:16.409 32376 32376 D KindleTTS_AutoPageTurn: [KindleTTS_AutoPageTurn] Kindle event detected : 32
11-15 22:32:16.610 32376 32376 D KindleTTS_AutoPageTurn: [KindleTTS_AutoPageTurn] Kindle event detected : 32
11-15 22:32:16.638 32376 32376 D KindleTTS_AutoPageTurn: [KindleTTS_AutoPageTurn] Kindle event detected : 4096
11-15 22:32:16.957 32376 32376 D KindleTTS_Service: [KindleTTS_Service] Starting reading mode 
11-15 22:32:16.963 32376 32376 D KindleTTS_Service: [KindleTTS_Service] Starting auto OCR 
11-15 22:32:16.963 32376 32376 D KindleTTS_Service: [KindleTTS_Service] OCR schedule started 
11-15 22:32:16.973 32376   542 D KindleTTS_Service: [KindleTTS_Service] OCR schedule tick : isReading: true, isPaused: false, isCapturing: false
11-15 22:32:16.973 32376   542 D KindleTTS_Service: [KindleTTS_Service] Performing OCR 
11-15 22:32:16.983 32376   542 D KindleTTS_Service: [KindleTTS_Service] Image acquired : image: true
11-15 22:32:16.983 32376   542 D KindleTTS_Service: [KindleTTS_Service] Converting image to bitmap 
11-15 22:32:16.983 32376   542 D KindleTTS_Service: [KindleTTS_Service] convertImageToBitmap : Starting conversion
11-15 22:32:16.984 32376   542 D KindleTTS_Service: [KindleTTS_Service] Image plane info : pixelStride: 4, rowStride: 4352, padding: 32
11-15 22:32:16.994 32376   542 D KindleTTS_Service: [KindleTTS_Service] Bitmap created : Time: 11ms
11-15 22:32:17.004 32376   542 D KindleTTS_Service: [KindleTTS_Service] Bitmap cropped : Time: 21ms, Size: 1080x2400
11-15 22:32:17.004 32376   542 D KindleTTS_Service: [KindleTTS_Service] v1.0.16 Image Rotation OCR : Starting
11-15 22:32:17.022 32376 32376 D KindleTTS_AutoPageTurn: [KindleTTS_AutoPageTurn] Kindle event detected : 4096
11-15 22:32:17.047 32376   542 D KindleTTS_Service: [KindleTTS_Service] Bitmap rotated : Original: 1080x2400, Rotated: 2400x1080
11-15 22:32:17.047 32376   542 D KindleTTS_Service: [KindleTTS_Service] Image rotated : 90 degrees clockwise for vertical text
11-15 22:32:17.097 32376 32376 D KindleTTS_AutoPageTurn: [KindleTTS_AutoPageTurn] Kindle event detected : 2048
11-15 22:32:17.098 32376 32376 D KindleTTS_AutoPageTurn: [KindleTTS_AutoPageTurn] Kindle event detected : 32
11-15 22:32:17.503 32376 32376 D KindleTTS_AutoPageTurn: [KindleTTS_AutoPageTurn] Kindle event detected : 2048
11-15 22:32:17.762 32376   542 D KindleTTS_Service: [KindleTTS_Service] v1.0.16 completed : Rotated: true, Time: 758ms
11-15 22:32:17.762 32376   542 D KindleTTS_Service: [KindleTTS_Service] Bitmap conversion completed : Total time: 779ms
11-15 22:32:17.763 32376   542 D KindleTTS_Service: [KindleTTS_Service] Bitmap created : bitmap: true, size: 9600x4320
11-15 22:32:18.247 32376 32376 D KindleTTS_AutoPageTurn: [KindleTTS_AutoPageTurn] Kindle event detected : 2048
11-15 22:32:18.427 32376 32376 D KindleTTS_Service: [KindleTTS_Service] OCR confidence stats : Blocks: 11,
11-15 22:32:18.427 32376 32376 D KindleTTS_Service: Elements: 16,
11-15 22:32:18.427 32376 32376 D KindleTTS_Service: HighConf: 10 (62%),
11-15 22:32:18.427 32376 32376 D KindleTTS_Service: AvgConf: 0.60
11-15 22:32:18.428 32376 32376 D KindleTTS_Service: [KindleTTS_Service] Text orientation : Vertical: true, AvgW: 411.6, AvgH: 2127.1
11-15 22:32:18.429 32376 32376 D KindleTTS_Service: [KindleTTS_Service] OCR success : TextLength: 169,
11-15 22:32:18.429 32376 32376 D KindleTTS_Service: Preview: イングランド銀行公式 | Bank of England | 経済が。 | |よくわかる | 10章: | イングランド銀行. | 村井章子家 | ルバル·メラル&ジャック·ミーニング| | 世界10カ国以上で刊行! | むだけでOト!,
11-15 22:32:18.429 32376 32376 D KindleTTS_Service: Changed: true
11-15 22:32:18.430 32376 32376 D KindleTTS_Service: [KindleTTS_Service] Speaking : Total sentences: 9
11-15 22:32:18.430 32376 32376 D KindleTTS_Service: [KindleTTS_Service] Speaking sentences : Count: 9
11-15 22:32:18.430 32376 32376 D KindleTTS_Service: [KindleTTS_Service] Speaking sentence : 0: イングランド銀行公式
11-15 22:32:18.430 32376 32376 D KindleTTS_Service: Bank of England
11-15 22:32:18.430 32376 32376 D KindleTTS_Service: 経済が
11-15 22:32:18.843 32376 32628 D KindleTTS_Service: [KindleTTS_Service] TTS started : 0
11-15 22:32:18.963 32376   542 D KindleTTS_Service: [KindleTTS_Service] OCR schedule tick : isReading: true, isPaused: false, isCapturing: false
11-15 22:32:18.963 32376   542 D KindleTTS_Service: [KindleTTS_Service] Performing OCR 
11-15 22:32:18.963 32376   542 D KindleTTS_Service: [KindleTTS_Service] Image acquired : image: true
11-15 22:32:18.963 32376   542 D KindleTTS_Service: [KindleTTS_Service] Converting image to bitmap 
11-15 22:32:18.963 32376   542 D KindleTTS_Service: [KindleTTS_Service] convertImageToBitmap : Starting conversion
11-15 22:32:18.964 32376   542 D KindleTTS_Service: [KindleTTS_Service] Image plane info : pixelStride: 4, rowStride: 4352, padding: 32
11-15 22:32:18.974 32376   542 D KindleTTS_Service: [KindleTTS_Service] Bitmap created : Time: 11ms
11-15 22:32:18.983 32376   542 D KindleTTS_Service: [KindleTTS_Service] Bitmap cropped : Time: 20ms, Size: 1080x2400
11-15 22:32:18.983 32376   542 D KindleTTS_Service: [KindleTTS_Service] v1.0.16 Image Rotation OCR : Starting
11-15 22:32:19.011 32376   542 D KindleTTS_Service: [KindleTTS_Service] Bitmap rotated : Original: 1080x2400, Rotated: 2400x1080
11-15 22:32:19.011 32376   542 D KindleTTS_Service: [KindleTTS_Service] Image rotated : 90 degrees clockwise for vertical text
11-15 22:32:19.556 32376   542 D KindleTTS_Service: [KindleTTS_Service] v1.0.16 completed : Rotated: true, Time: 573ms
11-15 22:32:19.556 32376   542 D KindleTTS_Service: [KindleTTS_Service] Bitmap conversion completed : Total time: 593ms
11-15 22:32:19.557 32376   542 D KindleTTS_Service: [KindleTTS_Service] Bitmap created : bitmap: true, size: 9600x4320
11-15 22:32:19.871 32376 32376 D KindleTTS_Service: [KindleTTS_Service] OCR confidence stats : Blocks: 4,
11-15 22:32:19.871 32376 32376 D KindleTTS_Service: Elements: 15,
11-15 22:32:19.871 32376 32376 D KindleTTS_Service: HighConf: 10 (66%),
11-15 22:32:19.871 32376 32376 D KindleTTS_Service: AvgConf: 0.58
11-15 22:32:19.871 32376 32376 D KindleTTS_Service: [KindleTTS_Service] Text orientation : Vertical: false, AvgW: 6130.0, AvgH: 457.3
11-15 22:32:19.872 32376 32376 D KindleTTS_Service: [KindleTTS_Service] OCR success : TextLength: 249,
11-15 22:32:19.872 32376 32376 D KindleTTS_Service: Preview: ては、ありきたりの名前だが需要の決測から籍妙るのがいいだろう。 | る。需要は経済学を成り立たせる重要な要素の一つだ。 経における需要を理解する出発点とし | 今朝何を食べ るか、あるいは朝ごはんは抜こうと決,
11-15 22:32:19.872 32376 32376 D KindleTTS_Service: Changed: true
11-15 22:32:19.872 32376 32376 D KindleTTS_Service: [KindleTTS_Service] Speaking : Total sentences: 5
11-15 22:32:19.872 32376 32376 D KindleTTS_Service: [KindleTTS_Service] Speaking sentences : Count: 5
11-15 22:32:19.872 32376 32376 D KindleTTS_Service: [KindleTTS_Service] Speaking sentence : 0: ては、ありきたりの名前だが需要の決測から籍妙るのがいいだろう
11-15 22:32:19.974 32376   626 D KindleTTS_Service: [KindleTTS_Service] TTS started : 0
11-15 22:32:20.963 32376   542 D KindleTTS_Service: [KindleTTS_Service] OCR schedule tick : isReading: true, isPaused: false, isCapturing: false
11-15 22:32:20.963 32376   542 D KindleTTS_Service: [KindleTTS_Service] Performing OCR 
11-15 22:32:20.963 32376   542 D KindleTTS_Service: [KindleTTS_Service] Image acquired : image: false
11-15 22:32:20.963 32376   542 D KindleTTS_Service: [KindleTTS_Service] No image available from ImageReader 
11-15 22:32:22.079 32376 32376 D KindleTTS_AutoPageTurn: [KindleTTS_AutoPageTurn] Kindle event detected : 2048
11-15 22:32:22.964 32376   542 D KindleTTS_Service: [KindleTTS_Service] OCR schedule tick : isReading: true, isPaused: false, isCapturing: false
11-15 22:32:22.964 32376   542 D KindleTTS_Service: [KindleTTS_Service] Performing OCR 
11-15 22:32:22.964 32376   542 D KindleTTS_Service: [KindleTTS_Service] Image acquired : image: false
11-15 22:32:22.964 32376   542 D KindleTTS_Service: [KindleTTS_Service] No image available from ImageReader 
11-15 22:32:24.964 32376   542 D KindleTTS_Service: [KindleTTS_Service] OCR schedule tick : isReading: true, isPaused: false, isCapturing: false
11-15 22:32:24.964 32376   542 D KindleTTS_Service: [KindleTTS_Service] Performing OCR 
11-15 22:32:24.964 32376   542 D KindleTTS_Service: [KindleTTS_Service] Image acquired : image: true
11-15 22:32:24.964 32376   542 D KindleTTS_Service: [KindleTTS_Service] Converting image to bitmap 
11-15 22:32:24.964 32376   542 D KindleTTS_Service: [KindleTTS_Service] convertImageToBitmap : Starting conversion
11-15 22:32:24.968 32376   542 D KindleTTS_Service: [KindleTTS_Service] Image plane info : pixelStride: 4, rowStride: 4352, padding: 32
11-15 22:32:24.976 32376   542 D KindleTTS_Service: [KindleTTS_Service] Bitmap created : Time: 12ms
11-15 22:32:24.985 32376   542 D KindleTTS_Service: [KindleTTS_Service] Bitmap cropped : Time: 21ms, Size: 1080x2400
11-15 22:32:24.985 32376   542 D KindleTTS_Service: [KindleTTS_Service] v1.0.16 Image Rotation OCR : Starting
11-15 22:32:25.015 32376   542 D KindleTTS_Service: [KindleTTS_Service] Bitmap rotated : Original: 1080x2400, Rotated: 2400x1080
11-15 22:32:25.015 32376   542 D KindleTTS_Service: [KindleTTS_Service] Image rotated : 90 degrees clockwise for vertical text
11-15 22:32:25.529 32376   542 D KindleTTS_Service: [KindleTTS_Service] v1.0.16 completed : Rotated: true, Time: 544ms
11-15 22:32:25.529 32376   542 D KindleTTS_Service: [KindleTTS_Service] Bitmap conversion completed : Total time: 565ms
11-15 22:32:25.529 32376   542 D KindleTTS_Service: [KindleTTS_Service] Bitmap created : bitmap: true, size: 9600x4320
11-15 22:32:25.741 32376   648 D KindleTTS_Service: [KindleTTS_Service] TTS completed : 0
11-15 22:32:25.838 32376 32376 D KindleTTS_Service: [KindleTTS_Service] OCR confidence stats : Blocks: 4,
11-15 22:32:25.838 32376 32376 D KindleTTS_Service: Elements: 15,
11-15 22:32:25.838 32376 32376 D KindleTTS_Service: HighConf: 10 (66%),
11-15 22:32:25.838 32376 32376 D KindleTTS_Service: AvgConf: 0.58
11-15 22:32:25.838 32376 32376 D KindleTTS_Service: [KindleTTS_Service] Text orientation : Vertical: false, AvgW: 6130.0, AvgH: 457.3
11-15 22:32:25.838 32376 32376 D KindleTTS_Service: [KindleTTS_Service] OCR success : TextLength: 249,
11-15 22:32:25.838 32376 32376 D KindleTTS_Service: Preview: ては、ありきたりの名前だが需要の決測から籍妙るのがいいだろう。 | る。需要は経済学を成り立たせる重要な要素の一つだ。 経における需要を理解する出発点とし | 今朝何を食べ るか、あるいは朝ごはんは抜こうと決,
11-15 22:32:25.838 32376 32376 D KindleTTS_Service: Changed: false
11-15 22:32:25.838 32376 32376 D KindleTTS_Service: [KindleTTS_Service] OCR duplicate : Same text as previous capture
11-15 22:32:26.242 32376 32376 D KindleTTS_Service: [KindleTTS_Service] Speaking sentence : 1: る
11-15 22:32:26.293 32376 32398 D KindleTTS_Service: [KindleTTS_Service] TTS started : 1
11-15 22:32:26.759 32376 32398 D KindleTTS_Service: [KindleTTS_Service] TTS completed : 1
11-15 22:32:26.964 32376   542 D KindleTTS_Service: [KindleTTS_Service] OCR schedule tick : isReading: true, isPaused: false, isCapturing: false
11-15 22:32:26.964 32376   542 D KindleTTS_Service: [KindleTTS_Service] Performing OCR 
11-15 22:32:26.964 32376   542 D KindleTTS_Service: [KindleTTS_Service] Image acquired : image: false
11-15 22:32:26.964 32376   542 D KindleTTS_Service: [KindleTTS_Service] No image available from ImageReader 
11-15 22:32:27.259 32376 32376 D KindleTTS_Service: [KindleTTS_Service] Speaking sentence : 2: 需要は経済学を成り立たせる重要な要素の一つだ
11-15 22:32:27.369 32376 32398 D KindleTTS_Service: [KindleTTS_Service] TTS started : 2
11-15 22:32:28.964 32376   542 D KindleTTS_Service: [KindleTTS_Service] OCR schedule tick : isReading: true, isPaused: false, isCapturing: false
11-15 22:32:28.964 32376   542 D KindleTTS_Service: [KindleTTS_Service] Performing OCR 
11-15 22:32:28.964 32376   542 D KindleTTS_Service: [KindleTTS_Service] Image acquired : image: true
11-15 22:32:28.964 32376   542 D KindleTTS_Service: [KindleTTS_Service] Converting image to bitmap 
11-15 22:32:28.964 32376   542 D KindleTTS_Service: [KindleTTS_Service] convertImageToBitmap : Starting conversion
11-15 22:32:28.967 32376   542 D KindleTTS_Service: [KindleTTS_Service] Image plane info : pixelStride: 4, rowStride: 4352, padding: 32
11-15 22:32:28.977 32376   542 D KindleTTS_Service: [KindleTTS_Service] Bitmap created : Time: 12ms
11-15 22:32:28.988 32376   542 D KindleTTS_Service: [KindleTTS_Service] Bitmap cropped : Time: 24ms, Size: 1080x2400
11-15 22:32:28.988 32376   542 D KindleTTS_Service: [KindleTTS_Service] v1.0.16 Image Rotation OCR : Starting
11-15 22:32:29.024 32376   542 D KindleTTS_Service: [KindleTTS_Service] Bitmap rotated : Original: 1080x2400, Rotated: 2400x1080
11-15 22:32:29.024 32376   542 D KindleTTS_Service: [KindleTTS_Service] Image rotated : 90 degrees clockwise for vertical text
11-15 22:32:29.557 32376   542 D KindleTTS_Service: [KindleTTS_Service] v1.0.16 completed : Rotated: true, Time: 568ms
11-15 22:32:29.557 32376   542 D KindleTTS_Service: [KindleTTS_Service] Bitmap conversion completed : Total time: 593ms
11-15 22:32:29.557 32376   542 D KindleTTS_Service: [KindleTTS_Service] Bitmap created : bitmap: true, size: 9600x4320
11-15 22:32:30.042 32376 32376 D KindleTTS_Service: [KindleTTS_Service] OCR confidence stats : Blocks: 4,
11-15 22:32:30.042 32376 32376 D KindleTTS_Service: Elements: 15,
11-15 22:32:30.042 32376 32376 D KindleTTS_Service: HighConf: 10 (66%),
11-15 22:32:30.042 32376 32376 D KindleTTS_Service: AvgConf: 0.58
11-15 22:32:30.042 32376 32376 D KindleTTS_Service: [KindleTTS_Service] Text orientation : Vertical: false, AvgW: 6130.0, AvgH: 457.3
11-15 22:32:30.043 32376 32376 D KindleTTS_Service: [KindleTTS_Service] OCR success : TextLength: 249,
11-15 22:32:30.043 32376 32376 D KindleTTS_Service: Preview: ては、ありきたりの名前だが需要の決測から籍妙るのがいいだろう。 | る。需要は経済学を成り立たせる重要な要素の一つだ。 経における需要を理解する出発点とし | 今朝何を食べ るか、あるいは朝ごはんは抜こうと決,
11-15 22:32:30.043 32376 32376 D KindleTTS_Service: Changed: false
11-15 22:32:30.043 32376 32376 D KindleTTS_Service: [KindleTTS_Service] OCR duplicate : Same text as previous capture
11-15 22:32:30.964 32376   542 D KindleTTS_Service: [KindleTTS_Service] OCR schedule tick : isReading: true, isPaused: false, isCapturing: false
11-15 22:32:30.964 32376   542 D KindleTTS_Service: [KindleTTS_Service] Performing OCR 
11-15 22:32:30.964 32376   542 D KindleTTS_Service: [KindleTTS_Service] Image acquired : image: false
11-15 22:32:30.964 32376   542 D KindleTTS_Service: [KindleTTS_Service] No image available from ImageReader 
11-15 22:32:32.123 32376 32400 D KindleTTS_Service: [KindleTTS_Service] TTS completed : 2
11-15 22:32:32.624 32376 32376 D KindleTTS_Service: [KindleTTS_Service] Speaking sentence : 3: 経における需要を理解する出発点とし
11-15 22:32:32.624 32376 32376 D KindleTTS_Service: 今朝何を食べ るか、あるいは朝ごはんは抜こうと決めるとき、あなたは自分の書要に従ってい
11-15 22:32:32.624 32376 32376 D KindleTTS_Service: つまりそのものに対するあなたの「能要(demand)」はどれほど大き いかを表す
11-15 22:32:32.731 32376 32399 D KindleTTS_Service: [KindleTTS_Service] TTS started : 3
11-15 22:32:32.963 32376   542 D KindleTTS_Service: [KindleTTS_Service] OCR schedule tick : isReading: true, isPaused: false, isCapturing: false
11-15 22:32:32.963 32376   542 D KindleTTS_Service: [KindleTTS_Service] Performing OCR 
11-15 22:32:32.963 32376   542 D KindleTTS_Service: [KindleTTS_Service] Image acquired : image: true
11-15 22:32:32.963 32376   542 D KindleTTS_Service: [KindleTTS_Service] Converting image to bitmap 
11-15 22:32:32.963 32376   542 D KindleTTS_Service: [KindleTTS_Service] convertImageToBitmap : Starting conversion
11-15 22:32:32.966 32376   542 D KindleTTS_Service: [KindleTTS_Service] Image plane info : pixelStride: 4, rowStride: 4352, padding: 32
11-15 22:32:32.977 32376   542 D KindleTTS_Service: [KindleTTS_Service] Bitmap created : Time: 14ms
11-15 22:32:32.990 32376   542 D KindleTTS_Service: [KindleTTS_Service] Bitmap cropped : Time: 27ms, Size: 1080x2400
11-15 22:32:32.990 32376   542 D KindleTTS_Service: [KindleTTS_Service] v1.0.16 Image Rotation OCR : Starting
11-15 22:32:33.028 32376   542 D KindleTTS_Service: [KindleTTS_Service] Bitmap rotated : Original: 1080x2400, Rotated: 2400x1080
11-15 22:32:33.028 32376   542 D KindleTTS_Service: [KindleTTS_Service] Image rotated : 90 degrees clockwise for vertical text
11-15 22:32:33.542 32376   542 D KindleTTS_Service: [KindleTTS_Service] v1.0.16 completed : Rotated: true, Time: 552ms
11-15 22:32:33.542 32376   542 D KindleTTS_Service: [KindleTTS_Service] Bitmap conversion completed : Total time: 579ms
11-15 22:32:33.543 32376   542 D KindleTTS_Service: [KindleTTS_Service] Bitmap created : bitmap: true, size: 9600x4320
11-15 22:32:34.054 32376 32376 D KindleTTS_Service: [KindleTTS_Service] OCR confidence stats : Blocks: 4,
11-15 22:32:34.054 32376 32376 D KindleTTS_Service: Elements: 15,
11-15 22:32:34.054 32376 32376 D KindleTTS_Service: HighConf: 10 (66%),
11-15 22:32:34.054 32376 32376 D KindleTTS_Service: AvgConf: 0.58
11-15 22:32:34.054 32376 32376 D KindleTTS_Service: [KindleTTS_Service] Text orientation : Vertical: false, AvgW: 6130.0, AvgH: 457.3
11-15 22:32:34.055 32376 32376 D KindleTTS_Service: [KindleTTS_Service] OCR success : TextLength: 249,
11-15 22:32:34.055 32376 32376 D KindleTTS_Service: Preview: ては、ありきたりの名前だが需要の決測から籍妙るのがいいだろう。 | る。需要は経済学を成り立たせる重要な要素の一つだ。 経における需要を理解する出発点とし | 今朝何を食べ るか、あるいは朝ごはんは抜こうと決,
11-15 22:32:34.055 32376 32376 D KindleTTS_Service: Changed: false
11-15 22:32:34.055 32376 32376 D KindleTTS_Service: [KindleTTS_Service] OCR duplicate : Same text as previous capture
11-15 22:32:34.963 32376   542 D KindleTTS_Service: [KindleTTS_Service] OCR schedule tick : isReading: true, isPaused: false, isCapturing: false
11-15 22:32:34.963 32376   542 D KindleTTS_Service: [KindleTTS_Service] Performing OCR 
11-15 22:32:34.963 32376   542 D KindleTTS_Service: [KindleTTS_Service] Image acquired : image: false
11-15 22:32:34.963 32376   542 D KindleTTS_Service: [KindleTTS_Service] No image available from ImageReader 
11-15 22:32:36.964 32376   542 D KindleTTS_Service: [KindleTTS_Service] OCR schedule tick : isReading: true, isPaused: false, isCapturing: false
11-15 22:32:36.964 32376   542 D KindleTTS_Service: [KindleTTS_Service] Performing OCR 
11-15 22:32:36.964 32376   542 D KindleTTS_Service: [KindleTTS_Service] Image acquired : image: false
11-15 22:32:36.964 32376   542 D KindleTTS_Service: [KindleTTS_Service] No image available from ImageReader 
11-15 22:32:37.581 32376 32376 D KindleTTS_AutoPageTurn: [KindleTTS_AutoPageTurn] AutoPageTurnService destroyed 
11-15 22:32:38.715 32376 32376 D KindleTTS_AutoPageTurn: [KindleTTS_AutoPageTurn] AutoPageTurnService connected 
11-15 22:32:38.964 32376   542 D KindleTTS_Service: [KindleTTS_Service] OCR schedule tick : isReading: true, isPaused: false, isCapturing: false
11-15 22:32:38.964 32376   542 D KindleTTS_Service: [KindleTTS_Service] Performing OCR 
11-15 22:32:38.964 32376   542 D KindleTTS_Service: [KindleTTS_Service] Image acquired : image: true
11-15 22:32:38.965 32376   542 D KindleTTS_Service: [KindleTTS_Service] Converting image to bitmap 
11-15 22:32:38.965 32376   542 D KindleTTS_Service: [KindleTTS_Service] convertImageToBitmap : Starting conversion
11-15 22:32:38.968 32376   542 D KindleTTS_Service: [KindleTTS_Service] Image plane info : pixelStride: 4, rowStride: 4352, padding: 32
11-15 22:32:38.979 32376   542 D KindleTTS_Service: [KindleTTS_Service] Bitmap created : Time: 14ms
11-15 22:32:38.991 32376   542 D KindleTTS_Service: [KindleTTS_Service] Bitmap cropped : Time: 26ms, Size: 1080x2400
11-15 22:32:38.991 32376   542 D KindleTTS_Service: [KindleTTS_Service] v1.0.16 Image Rotation OCR : Starting
11-15 22:32:39.023 32376   542 D KindleTTS_Service: [KindleTTS_Service] Bitmap rotated : Original: 1080x2400, Rotated: 2400x1080
11-15 22:32:39.023 32376   542 D KindleTTS_Service: [KindleTTS_Service] Image rotated : 90 degrees clockwise for vertical text
11-15 22:32:39.540 32376   542 D KindleTTS_Service: [KindleTTS_Service] v1.0.16 completed : Rotated: true, Time: 549ms
11-15 22:32:39.540 32376   542 D KindleTTS_Service: [KindleTTS_Service] Bitmap conversion completed : Total time: 575ms
11-15 22:32:39.541 32376   542 D KindleTTS_Service: [KindleTTS_Service] Bitmap created : bitmap: true, size: 9600x4320
11-15 22:32:39.920 32376 32376 D KindleTTS_Service: [KindleTTS_Service] OCR confidence stats : Blocks: 4,
11-15 22:32:39.920 32376 32376 D KindleTTS_Service: Elements: 15,
11-15 22:32:39.920 32376 32376 D KindleTTS_Service: HighConf: 10 (66%),
11-15 22:32:39.920 32376 32376 D KindleTTS_Service: AvgConf: 0.58
11-15 22:32:39.921 32376 32376 D KindleTTS_Service: [KindleTTS_Service] Text orientation : Vertical: false, AvgW: 6130.0, AvgH: 457.3
11-15 22:32:39.921 32376 32376 D KindleTTS_Service: [KindleTTS_Service] OCR success : TextLength: 249,
11-15 22:32:39.921 32376 32376 D KindleTTS_Service: Preview: ては、ありきたりの名前だが需要の決測から籍妙るのがいいだろう。 | る。需要は経済学を成り立たせる重要な要素の一つだ。 経における需要を理解する出発点とし | 今朝何を食べ るか、あるいは朝ごはんは抜こうと決,
11-15 22:32:39.921 32376 32376 D KindleTTS_Service: Changed: false
11-15 22:32:39.921 32376 32376 D KindleTTS_Service: [KindleTTS_Service] OCR duplicate : Same text as previous capture
11-15 22:32:40.964 32376   542 D KindleTTS_Service: [KindleTTS_Service] OCR schedule tick : isReading: true, isPaused: false, isCapturing: false
11-15 22:32:40.964 32376   542 D KindleTTS_Service: [KindleTTS_Service] Performing OCR 
11-15 22:32:40.964 32376   542 D KindleTTS_Service: [KindleTTS_Service] Image acquired : image: false
11-15 22:32:40.964 32376   542 D KindleTTS_Service: [KindleTTS_Service] No image available from ImageReader 
11-15 22:32:42.964 32376   542 D KindleTTS_Service: [KindleTTS_Service] OCR schedule tick : isReading: true, isPaused: false, isCapturing: false
11-15 22:32:42.964 32376   542 D KindleTTS_Service: [KindleTTS_Service] Performing OCR 
11-15 22:32:42.964 32376   542 D KindleTTS_Service: [KindleTTS_Service] Image acquired : image: false
11-15 22:32:42.964 32376   542 D KindleTTS_Service: [KindleTTS_Service] No image available from ImageReader 
11-15 22:32:44.963 32376   542 D KindleTTS_Service: [KindleTTS_Service] OCR schedule tick : isReading: true, isPaused: false, isCapturing: false
11-15 22:32:44.963 32376   542 D KindleTTS_Service: [KindleTTS_Service] Performing OCR 
11-15 22:32:44.963 32376   542 D KindleTTS_Service: [KindleTTS_Service] Image acquired : image: false
11-15 22:32:44.963 32376   542 D KindleTTS_Service: [KindleTTS_Service] No image available from ImageReader 
11-15 22:32:46.963 32376   542 D KindleTTS_Service: [KindleTTS_Service] OCR schedule tick : isReading: true, isPaused: false, isCapturing: false
11-15 22:32:46.963 32376   542 D KindleTTS_Service: [KindleTTS_Service] Performing OCR 
11-15 22:32:46.964 32376   542 D KindleTTS_Service: [KindleTTS_Service] Image acquired : image: false
11-15 22:32:46.964 32376   542 D KindleTTS_Service: [KindleTTS_Service] No image available from ImageReader 
11-15 22:32:48.963 32376   542 D KindleTTS_Service: [KindleTTS_Service] OCR schedule tick : isReading: true, isPaused: false, isCapturing: false
11-15 22:32:48.963 32376   542 D KindleTTS_Service: [KindleTTS_Service] Performing OCR 
11-15 22:32:48.963 32376   542 D KindleTTS_Service: [KindleTTS_Service] Image acquired : image: false
11-15 22:32:48.963 32376   542 D KindleTTS_Service: [KindleTTS_Service] No image available from ImageReader 
11-15 22:32:50.963 32376   542 D KindleTTS_Service: [KindleTTS_Service] OCR schedule tick : isReading: true, isPaused: false, isCapturing: false
11-15 22:32:50.963 32376   542 D KindleTTS_Service: [KindleTTS_Service] Performing OCR 
11-15 22:32:50.963 32376   542 D KindleTTS_Service: [KindleTTS_Service] Image acquired : image: false
11-15 22:32:50.963 32376   542 D KindleTTS_Service: [KindleTTS_Service] No image available from ImageReader 
11-15 22:32:51.290 32376 32404 D KindleTTS_Service: [KindleTTS_Service] TTS completed : 3
11-15 22:32:51.792 32376 32376 D KindleTTS_Service: [KindleTTS_Service] Speaking sentence : 4: こうした選択 やトレ]ドオ フすべ ての結果は、要する に、参なたがそれをどれだけ欲しいか、
11-15 22:32:51.792 32376 32376 D KindleTTS_Service: 毎格が上がれば需要が減る、厚椅が下がれば需が増え る
11-15 22:32:51.792 32376 32376 D KindleTTS_Service: 経済学の基本「需聯の法則」
11-15 22:32:51.956 32376   648 D KindleTTS_Service: [KindleTTS_Service] TTS started : 4
11-15 22:32:52.963 32376   542 D KindleTTS_Service: [KindleTTS_Service] OCR schedule tick : isReading: true, isPaused: false, isCapturing: false
11-15 22:32:52.963 32376   542 D KindleTTS_Service: [KindleTTS_Service] Performing OCR 
11-15 22:32:52.964 32376   542 D KindleTTS_Service: [KindleTTS_Service] Image acquired : image: true
11-15 22:32:52.964 32376   542 D KindleTTS_Service: [KindleTTS_Service] Converting image to bitmap 
11-15 22:32:52.964 32376   542 D KindleTTS_Service: [KindleTTS_Service] convertImageToBitmap : Starting conversion
11-15 22:32:52.968 32376   542 D KindleTTS_Service: [KindleTTS_Service] Image plane info : pixelStride: 4, rowStride: 4352, padding: 32
11-15 22:32:52.987 32376   542 D KindleTTS_Service: [KindleTTS_Service] Bitmap created : Time: 23ms
11-15 22:32:53.009 32376   542 D KindleTTS_Service: [KindleTTS_Service] Bitmap cropped : Time: 45ms, Size: 1080x2400
11-15 22:32:53.009 32376   542 D KindleTTS_Service: [KindleTTS_Service] v1.0.16 Image Rotation OCR : Starting
11-15 22:32:53.048 32376   542 D KindleTTS_Service: [KindleTTS_Service] Bitmap rotated : Original: 1080x2400, Rotated: 2400x1080
11-15 22:32:53.048 32376   542 D KindleTTS_Service: [KindleTTS_Service] Image rotated : 90 degrees clockwise for vertical text
11-15 22:32:53.566 32376   542 D KindleTTS_Service: [KindleTTS_Service] v1.0.16 completed : Rotated: true, Time: 557ms
11-15 22:32:53.566 32376   542 D KindleTTS_Service: [KindleTTS_Service] Bitmap conversion completed : Total time: 602ms
11-15 22:32:53.566 32376   542 D KindleTTS_Service: [KindleTTS_Service] Bitmap created : bitmap: true, size: 9600x4320
11-15 22:32:53.973 32376 32376 D KindleTTS_Service: [KindleTTS_Service] OCR confidence stats : Blocks: 4,
11-15 22:32:53.973 32376 32376 D KindleTTS_Service: Elements: 15,
11-15 22:32:53.973 32376 32376 D KindleTTS_Service: HighConf: 10 (66%),
11-15 22:32:53.973 32376 32376 D KindleTTS_Service: AvgConf: 0.58
11-15 22:32:53.973 32376 32376 D KindleTTS_Service: [KindleTTS_Service] Text orientation : Vertical: false, AvgW: 6130.0, AvgH: 457.3
11-15 22:32:53.973 32376 32376 D KindleTTS_Service: [KindleTTS_Service] OCR success : TextLength: 249,
11-15 22:32:53.973 32376 32376 D KindleTTS_Service: Preview: ては、ありきたりの名前だが需要の決測から籍妙るのがいいだろう。 | る。需要は経済学を成り立たせる重要な要素の一つだ。 経における需要を理解する出発点とし | 今朝何を食べ るか、あるいは朝ごはんは抜こうと決,
11-15 22:32:53.973 32376 32376 D KindleTTS_Service: Changed: false
11-15 22:32:53.974 32376 32376 D KindleTTS_Service: [KindleTTS_Service] OCR duplicate : Same text as previous capture
11-15 22:32:54.964 32376   542 D KindleTTS_Service: [KindleTTS_Service] OCR schedule tick : isReading: true, isPaused: false, isCapturing: false
11-15 22:32:54.964 32376   542 D KindleTTS_Service: [KindleTTS_Service] Performing OCR 
11-15 22:32:54.964 32376   542 D KindleTTS_Service: [KindleTTS_Service] Image acquired : image: false
11-15 22:32:54.964 32376   542 D KindleTTS_Service: [KindleTTS_Service] No image available from ImageReader 
11-15 22:32:56.963 32376   542 D KindleTTS_Service: [KindleTTS_Service] OCR schedule tick : isReading: true, isPaused: false, isCapturing: false
11-15 22:32:56.963 32376   542 D KindleTTS_Service: [KindleTTS_Service] Performing OCR 
11-15 22:32:56.963 32376   542 D KindleTTS_Service: [KindleTTS_Service] Image acquired : image: true
11-15 22:32:56.963 32376   542 D KindleTTS_Service: [KindleTTS_Service] Converting image to bitmap 
11-15 22:32:56.963 32376   542 D KindleTTS_Service: [KindleTTS_Service] convertImageToBitmap : Starting conversion
11-15 22:32:56.966 32376   542 D KindleTTS_Service: [KindleTTS_Service] Image plane info : pixelStride: 4, rowStride: 4352, padding: 32
11-15 22:32:56.977 32376   542 D KindleTTS_Service: [KindleTTS_Service] Bitmap created : Time: 14ms
11-15 22:32:56.991 32376   542 D KindleTTS_Service: [KindleTTS_Service] Bitmap cropped : Time: 28ms, Size: 1080x2400
11-15 22:32:56.991 32376   542 D KindleTTS_Service: [KindleTTS_Service] v1.0.16 Image Rotation OCR : Starting
11-15 22:32:57.027 32376   542 D KindleTTS_Service: [KindleTTS_Service] Bitmap rotated : Original: 1080x2400, Rotated: 2400x1080
11-15 22:32:57.027 32376   542 D KindleTTS_Service: [KindleTTS_Service] Image rotated : 90 degrees clockwise for vertical text
11-15 22:32:57.556 32376   542 D KindleTTS_Service: [KindleTTS_Service] v1.0.16 completed : Rotated: true, Time: 565ms
11-15 22:32:57.556 32376   542 D KindleTTS_Service: [KindleTTS_Service] Bitmap conversion completed : Total time: 593ms
11-15 22:32:57.556 32376   542 D KindleTTS_Service: [KindleTTS_Service] Bitmap created : bitmap: true, size: 9600x4320
11-15 22:32:57.902 32376 32376 D KindleTTS_Service: [KindleTTS_Service] OCR confidence stats : Blocks: 4,
11-15 22:32:57.902 32376 32376 D KindleTTS_Service: Elements: 15,
11-15 22:32:57.902 32376 32376 D KindleTTS_Service: HighConf: 10 (66%),
11-15 22:32:57.902 32376 32376 D KindleTTS_Service: AvgConf: 0.58
11-15 22:32:57.902 32376 32376 D KindleTTS_Service: [KindleTTS_Service] Text orientation : Vertical: false, AvgW: 6130.0, AvgH: 457.3
11-15 22:32:57.903 32376 32376 D KindleTTS_Service: [KindleTTS_Service] OCR success : TextLength: 249,
11-15 22:32:57.903 32376 32376 D KindleTTS_Service: Preview: ては、ありきたりの名前だが需要の決測から籍妙るのがいいだろう。 | る。需要は経済学を成り立たせる重要な要素の一つだ。 経における需要を理解する出発点とし | 今朝何を食べ るか、あるいは朝ごはんは抜こうと決,
11-15 22:32:57.903 32376 32376 D KindleTTS_Service: Changed: false
11-15 22:32:57.903 32376 32376 D KindleTTS_Service: [KindleTTS_Service] OCR duplicate : Same text as previous capture
11-15 22:32:58.963 32376   542 D KindleTTS_Service: [KindleTTS_Service] OCR schedule tick : isReading: true, isPaused: false, isCapturing: false
11-15 22:32:58.963 32376   542 D KindleTTS_Service: [KindleTTS_Service] Performing OCR 
11-15 22:32:58.963 32376   542 D KindleTTS_Service: [KindleTTS_Service] Image acquired : image: false
11-15 22:32:58.963 32376   542 D KindleTTS_Service: [KindleTTS_Service] No image available from ImageReader 
11-15 22:33:00.963 32376   542 D KindleTTS_Service: [KindleTTS_Service] OCR schedule tick : isReading: true, isPaused: false, isCapturing: false
11-15 22:33:00.963 32376   542 D KindleTTS_Service: [KindleTTS_Service] Performing OCR 
11-15 22:33:00.963 32376   542 D KindleTTS_Service: [KindleTTS_Service] Image acquired : image: true
11-15 22:33:00.963 32376   542 D KindleTTS_Service: [KindleTTS_Service] Converting image to bitmap 
11-15 22:33:00.963 32376   542 D KindleTTS_Service: [KindleTTS_Service] convertImageToBitmap : Starting conversion
11-15 22:33:00.966 32376   542 D KindleTTS_Service: [KindleTTS_Service] Image plane info : pixelStride: 4, rowStride: 4352, padding: 32
11-15 22:33:00.977 32376   542 D KindleTTS_Service: [KindleTTS_Service] Bitmap created : Time: 14ms
11-15 22:33:00.988 32376   542 D KindleTTS_Service: [KindleTTS_Service] Bitmap cropped : Time: 25ms, Size: 1080x2400
11-15 22:33:00.988 32376   542 D KindleTTS_Service: [KindleTTS_Service] v1.0.16 Image Rotation OCR : Starting
11-15 22:33:01.021 32376   542 D KindleTTS_Service: [KindleTTS_Service] Bitmap rotated : Original: 1080x2400, Rotated: 2400x1080
11-15 22:33:01.021 32376   542 D KindleTTS_Service: [KindleTTS_Service] Image rotated : 90 degrees clockwise for vertical text
11-15 22:33:01.524 32376   542 D KindleTTS_Service: [KindleTTS_Service] v1.0.16 completed : Rotated: true, Time: 536ms
11-15 22:33:01.524 32376   542 D KindleTTS_Service: [KindleTTS_Service] Bitmap conversion completed : Total time: 561ms
11-15 22:33:01.524 32376   542 D KindleTTS_Service: [KindleTTS_Service] Bitmap created : bitmap: true, size: 9600x4320
11-15 22:33:01.973 32376 32376 D KindleTTS_Service: [KindleTTS_Service] OCR confidence stats : Blocks: 4,
11-15 22:33:01.973 32376 32376 D KindleTTS_Service: Elements: 15,
11-15 22:33:01.973 32376 32376 D KindleTTS_Service: HighConf: 10 (66%),
11-15 22:33:01.973 32376 32376 D KindleTTS_Service: AvgConf: 0.58
11-15 22:33:01.973 32376 32376 D KindleTTS_Service: [KindleTTS_Service] Text orientation : Vertical: false, AvgW: 6130.0, AvgH: 457.3
11-15 22:33:01.974 32376 32376 D KindleTTS_Service: [KindleTTS_Service] OCR success : TextLength: 249,
11-15 22:33:01.974 32376 32376 D KindleTTS_Service: Preview: ては、ありきたりの名前だが需要の決測から籍妙るのがいいだろう。 | る。需要は経済学を成り立たせる重要な要素の一つだ。 経における需要を理解する出発点とし | 今朝何を食べ るか、あるいは朝ごはんは抜こうと決,
11-15 22:33:01.974 32376 32376 D KindleTTS_Service: Changed: false
11-15 22:33:01.974 32376 32376 D KindleTTS_Service: [KindleTTS_Service] OCR duplicate : Same text as previous capture
11-15 22:33:02.965 32376   542 D KindleTTS_Service: [KindleTTS_Service] OCR schedule tick : isReading: true, isPaused: false, isCapturing: false
11-15 22:33:02.965 32376   542 D KindleTTS_Service: [KindleTTS_Service] Performing OCR 
11-15 22:33:02.965 32376   542 D KindleTTS_Service: [KindleTTS_Service] Image acquired : image: false
11-15 22:33:02.965 32376   542 D KindleTTS_Service: [KindleTTS_Service] No image available from ImageReader 
11-15 22:33:04.236 32376 32376 D KindleTTS_MainActivity: [KindleTTS_MainActivity] Checking accessibility service - Expected: com.kindletts.reader/com.kindletts.reader.AutoPageTurnService, Enabled: com.kindletts.reader/com.kindletts.reader.AutoPageTurnService 
11-15 22:33:04.236 32376 32376 D KindleTTS_MainActivity: [KindleTTS_MainActivity] Permission states - Accessibility: true 
11-15 22:33:04.236 32376 32376 D KindleTTS_MainActivity: [KindleTTS_MainActivity] Checking accessibility service - Expected: com.kindletts.reader/com.kindletts.reader.AutoPageTurnService, Enabled: com.kindletts.reader/com.kindletts.reader.AutoPageTurnService 
11-15 22:33:04.236 32376 32376 D KindleTTS_MainActivity: [KindleTTS_MainActivity] Accessibility service enabled: true 
11-15 22:33:04.236 32376 32376 D KindleTTS_MainActivity: [KindleTTS_MainActivity] Checking accessibility service - Expected: com.kindletts.reader/com.kindletts.reader.AutoPageTurnService, Enabled: com.kindletts.reader/com.kindletts.reader.AutoPageTurnService 
11-15 22:33:04.236 32376 32376 D KindleTTS_MainActivity: [KindleTTS_MainActivity] Permission states - Accessibility: true 
11-15 22:33:04.236 32376 32376 D KindleTTS_MainActivity: [KindleTTS_MainActivity] Checking accessibility service - Expected: com.kindletts.reader/com.kindletts.reader.AutoPageTurnService, Enabled: com.kindletts.reader/com.kindletts.reader.AutoPageTurnService 
11-15 22:33:04.964 32376   542 D KindleTTS_Service: [KindleTTS_Service] OCR schedule tick : isReading: true, isPaused: false, isCapturing: false
11-15 22:33:04.964 32376   542 D KindleTTS_Service: [KindleTTS_Service] Performing OCR 
11-15 22:33:04.964 32376   542 D KindleTTS_Service: [KindleTTS_Service] Image acquired : image: false
11-15 22:33:04.964 32376   542 D KindleTTS_Service: [KindleTTS_Service] No image available from ImageReader 
11-15 22:33:06.963 32376   542 D KindleTTS_Service: [KindleTTS_Service] OCR schedule tick : isReading: true, isPaused: false, isCapturing: false
11-15 22:33:06.963 32376   542 D KindleTTS_Service: [KindleTTS_Service] Performing OCR 
11-15 22:33:06.964 32376   542 D KindleTTS_Service: [KindleTTS_Service] Image acquired : image: false
11-15 22:33:06.964 32376   542 D KindleTTS_Service: [KindleTTS_Service] No image available from ImageReader 
11-15 22:33:06.985 32376 32376 D KindleTTS_AutoPageTurn: [KindleTTS_AutoPageTurn] AutoPageTurnService destroyed 
11-15 22:33:07.522 32376 32404 D KindleTTS_Service: [KindleTTS_Service] TTS completed : 4
11-15 22:33:08.039 32376 32376 D KindleTTS_AutoPageTurn: [KindleTTS_AutoPageTurn] AutoPageTurnService connected 
11-15 22:33:08.963 32376   542 D KindleTTS_Service: [KindleTTS_Service] OCR schedule tick : isReading: true, isPaused: false, isCapturing: false
11-15 22:33:08.963 32376   542 D KindleTTS_Service: [KindleTTS_Service] Performing OCR 
11-15 22:33:08.964 32376   542 D KindleTTS_Service: [KindleTTS_Service] Image acquired : image: false
11-15 22:33:08.964 32376   542 D KindleTTS_Service: [KindleTTS_Service] No image available from ImageReader 
11-15 22:33:09.018 32376 32376 D KindleTTS_Service: [KindleTTS_Service] Play/Pause button clicked : isReading: true, isPaused: false
11-15 22:33:09.018 32376 32376 D KindleTTS_Service: [KindleTTS_Service] Pausing reading 
11-15 22:33:09.019 32376 32376 D KindleTTS_Service: [KindleTTS_Service] Stopping auto OCR 
11-15 22:33:09.524 32376 32376 D KindleTTS_Service: [KindleTTS_Service] Next page : direction: left_to_next
11-15 22:33:09.525 32376 32376 D KindleTTS_Service: [KindleTTS_Service] State reset : sentences cleared, index reset to 0, TTS stopped
11-15 22:33:09.527 32376 32376 D KindleTTS_Service: [KindleTTS_Service] OCR retry cancelled : isReading: true, isPaused: true
11-15 22:33:09.527 32376 32376 D KindleTTS_AutoPageTurn: [KindleTTS_AutoPageTurn] onStartCommand called : action: PREVIOUS_PAGE, hasIntent: true
11-15 22:33:09.527 32376 32376 D KindleTTS_AutoPageTurn: [KindleTTS_AutoPageTurn] Executing PREVIOUS_PAGE action 
11-15 22:33:09.527 32376 32376 D KindleTTS_AutoPageTurn: [KindleTTS_AutoPageTurn] Performing previous page gesture 
11-15 22:33:19.960 32376 32376 D KindleTTS_MainActivity: [KindleTTS_MainActivity] Checking accessibility service - Expected: com.kindletts.reader/com.kindletts.reader.AutoPageTurnService, Enabled: com.kindletts.reader/com.kindletts.reader.AutoPageTurnService 
11-15 22:33:19.960 32376 32376 D KindleTTS_MainActivity: [KindleTTS_MainActivity] Stopping reading mode 
11-15 22:33:19.961 32376 32376 D KindleTTS_MainActivity: [KindleTTS_MainActivity] Checking accessibility service - Expected: com.kindletts.reader/com.kindletts.reader.AutoPageTurnService, Enabled: com.kindletts.reader/com.kindletts.reader.AutoPageTurnService 
11-15 22:33:19.962 32376 32376 D KindleTTS_MainActivity: [KindleTTS_MainActivity] Status updated: 準備完了 
11-15 22:33:19.968 32376 32376 D KindleTTS_Service: [KindleTTS_Service] onStartCommand called : STOP_READING
11-15 22:33:19.968 32376 32376 D KindleTTS_Service: [KindleTTS_Service] Stopping reading mode 
11-15 22:33:19.968 32376 32376 D KindleTTS_Service: [KindleTTS_Service] Stopping auto OCR 
11-15 22:33:20.503 32376 32376 D KindleTTS_MainActivity: [KindleTTS_MainActivity] Checking accessibility service - Expected: com.kindletts.reader/com.kindletts.reader.AutoPageTurnService, Enabled: com.kindletts.reader/com.kindletts.reader.AutoPageTurnService 
11-15 22:33:20.503 32376 32376 D KindleTTS_MainActivity: [KindleTTS_MainActivity] Starting reading mode 
11-15 22:33:20.504 32376 32376 D KindleTTS_MainActivity: [KindleTTS_MainActivity] Checking accessibility service - Expected: com.kindletts.reader/com.kindletts.reader.AutoPageTurnService, Enabled: com.kindletts.reader/com.kindletts.reader.AutoPageTurnService 
11-15 22:33:20.504 32376 32376 D KindleTTS_MainActivity: [KindleTTS_MainActivity] Status updated: 読み上げ中... 
11-15 22:33:20.510 32376 32376 D KindleTTS_Service: [KindleTTS_Service] onStartCommand called : START_READING
11-15 22:33:20.510 32376 32376 D KindleTTS_Service: [KindleTTS_Service] Starting reading mode 
11-15 22:33:20.514 32376 32376 D KindleTTS_Service: [KindleTTS_Service] Starting auto OCR 
11-15 22:33:20.514 32376 32376 D KindleTTS_Service: [KindleTTS_Service] Created new OCR executor 
11-15 22:33:20.514 32376 32376 D KindleTTS_Service: [KindleTTS_Service] OCR schedule started 
11-15 22:33:20.514 32376  1123 D KindleTTS_Service: [KindleTTS_Service] OCR schedule tick : isReading: true, isPaused: false, isCapturing: false
11-15 22:33:20.514 32376  1123 D KindleTTS_Service: [KindleTTS_Service] Performing OCR 
11-15 22:33:20.515 32376  1123 D KindleTTS_Service: [KindleTTS_Service] Image acquired : image: false
11-15 22:33:20.515 32376  1123 D KindleTTS_Service: [KindleTTS_Service] No image available from ImageReader 
11-15 22:33:22.514 32376  1123 D KindleTTS_Service: [KindleTTS_Service] OCR schedule tick : isReading: true, isPaused: false, isCapturing: false
11-15 22:33:22.514 32376  1123 D KindleTTS_Service: [KindleTTS_Service] Performing OCR 
11-15 22:33:22.514 32376  1123 D KindleTTS_Service: [KindleTTS_Service] Image acquired : image: false
11-15 22:33:22.514 32376  1123 D KindleTTS_Service: [KindleTTS_Service] No image available from ImageReader 
11-15 22:33:23.539 32376 32376 D KindleTTS_AutoPageTurn: [KindleTTS_AutoPageTurn] Kindle event detected : 2048
11-15 22:33:23.586 32376 32376 D KindleTTS_AutoPageTurn: [KindleTTS_AutoPageTurn] Kindle event detected : 2048
11-15 22:33:23.619 32376 32376 D KindleTTS_AutoPageTurn: [KindleTTS_AutoPageTurn] Kindle event detected : 32
11-15 22:33:24.362 32376 32376 D KindleTTS_AutoPageTurn: [KindleTTS_AutoPageTurn] Kindle event detected : 2048
11-15 22:33:24.514 32376  1123 D KindleTTS_Service: [KindleTTS_Service] OCR schedule tick : isReading: true, isPaused: false, isCapturing: false
11-15 22:33:24.515 32376  1123 D KindleTTS_Service: [KindleTTS_Service] Performing OCR 
11-15 22:33:24.515 32376  1123 D KindleTTS_Service: [KindleTTS_Service] Image acquired : image: true
11-15 22:33:24.515 32376  1123 D KindleTTS_Service: [KindleTTS_Service] Converting image to bitmap 
11-15 22:33:24.515 32376  1123 D KindleTTS_Service: [KindleTTS_Service] convertImageToBitmap : Starting conversion
11-15 22:33:24.517 32376  1123 D KindleTTS_Service: [KindleTTS_Service] Image plane info : pixelStride: 4, rowStride: 4352, padding: 32
11-15 22:33:24.524 32376  1123 D KindleTTS_Service: [KindleTTS_Service] Bitmap created : Time: 9ms
11-15 22:33:24.533 32376  1123 D KindleTTS_Service: [KindleTTS_Service] Bitmap cropped : Time: 18ms, Size: 1080x2400
11-15 22:33:24.533 32376  1123 D KindleTTS_Service: [KindleTTS_Service] v1.0.16 Image Rotation OCR : Starting
11-15 22:33:24.559 32376  1123 D KindleTTS_Service: [KindleTTS_Service] Bitmap rotated : Original: 1080x2400, Rotated: 2400x1080
11-15 22:33:24.559 32376  1123 D KindleTTS_Service: [KindleTTS_Service] Image rotated : 90 degrees clockwise for vertical text
11-15 22:33:25.019 32376 32376 D KindleTTS_AutoPageTurn: [KindleTTS_AutoPageTurn] Kindle event detected : 2048
11-15 22:33:25.073 32376  1123 D KindleTTS_Service: [KindleTTS_Service] v1.0.16 completed : Rotated: true, Time: 540ms
11-15 22:33:25.073 32376  1123 D KindleTTS_Service: [KindleTTS_Service] Bitmap conversion completed : Total time: 558ms
11-15 22:33:25.074 32376  1123 D KindleTTS_Service: [KindleTTS_Service] Bitmap created : bitmap: true, size: 9600x4320
11-15 22:33:25.287 32376 32376 D KindleTTS_Service: [KindleTTS_Service] OCR confidence stats : Blocks: 2,
11-15 22:33:25.287 32376 32376 D KindleTTS_Service: Elements: 5,
11-15 22:33:25.287 32376 32376 D KindleTTS_Service: HighConf: 5 (100%),
11-15 22:33:25.287 32376 32376 D KindleTTS_Service: AvgConf: 0.64
